Archive member included to satisfy reference by file (symbol)

c:/program files/microchip/xc32/v4.40/bin/bin/../../lib/gcc/pic32c/8.3.1/../../../../pic32c/lib/thumb/v7e-m+fp/hard\libpic32c.a(data_init.o)
                              build/default/production/_ext/1171490990/startup_xc32.o (__pic32c_data_initialization)
c:/program files/microchip/xc32/v4.40/bin/bin/../../lib/gcc/pic32c/8.3.1/../../../../pic32c/lib/thumb/v7e-m+fp/hard\libc-size-musl.a(memcpy.o)
                              build/default/production/_ext/60176403/plib_nvm.o (memcpy)
c:/program files/microchip/xc32/v4.40/bin/bin/../../lib/gcc/pic32c/8.3.1/../../../../pic32c/lib/thumb/v7e-m+fp/hard\libc-size-musl.a(memset.o)
                              build/default/production/_ext/141134496/progexec.o (memset)
c:/program files/microchip/xc32/v4.40/bin/bin/../../lib/gcc/pic32c/8.3.1/../../../../pic32c/lib/thumb/v7e-m+fp/hard\liblmalloc-musl.a(lite_free.o)
                              build/default/production/_ext/1360937237/security.o (free)
c:/program files/microchip/xc32/v4.40/bin/bin/../../lib/gcc/pic32c/8.3.1/../../../../pic32c/lib/thumb/v7e-m+fp/hard\liblmalloc-musl.a(lite_malloc.o)
                              build/default/production/_ext/1360937237/security.o (malloc)
c:/program files/microchip/xc32/v4.40/bin/bin/../../lib/gcc/pic32c/8.3.1/../../../../pic32c/lib/thumb/v7e-m+fp/hard\libc-musl.a(__libc_start_main.o)
                              build/default/production/_ext/1171490990/startup_xc32.o (__libc_init_array)
c:/program files/microchip/xc32/v4.40/bin/bin/../../lib/gcc/pic32c/8.3.1/../../../../pic32c/lib/thumb/v7e-m+fp/hard\libc-musl.a(__errno_location.o)
                              c:/program files/microchip/xc32/v4.40/bin/bin/../../lib/gcc/pic32c/8.3.1/../../../../pic32c/lib/thumb/v7e-m+fp/hard\liblmalloc-musl.a(lite_malloc.o) (__errno_val)
c:/program files/microchip/xc32/v4.40/bin/bin/../../lib/gcc/pic32c/8.3.1/../../../../pic32c/lib/thumb/v7e-m+fp/hard\libc-musl.a(libc.o)
                              c:/program files/microchip/xc32/v4.40/bin/bin/../../lib/gcc/pic32c/8.3.1/../../../../pic32c/lib/thumb/v7e-m+fp/hard\libc-musl.a(__libc_start_main.o) (__progname_full)
c:/program files/microchip/xc32/v4.40/bin/bin/../../lib/gcc/pic32c/8.3.1/../../../../pic32c/lib/thumb/v7e-m+fp/hard\libc-musl.a(expand_heap.o)
                              c:/program files/microchip/xc32/v4.40/bin/bin/../../lib/gcc/pic32c/8.3.1/../../../../pic32c/lib/thumb/v7e-m+fp/hard\liblmalloc-musl.a(lite_malloc.o) (__expand_heap)
c:/program files/microchip/xc32/v4.40/bin/bin/../../lib/gcc/pic32c/8.3.1/../../../../pic32c/lib/thumb/v7e-m+fp/hard\libc-musl.a(__environ.o)
                              c:/program files/microchip/xc32/v4.40/bin/bin/../../lib/gcc/pic32c/8.3.1/../../../../pic32c/lib/thumb/v7e-m+fp/hard\libc-musl.a(__libc_start_main.o) (__environ)
c:/program files/microchip/xc32/v4.40/bin/bin/../../lib/gcc/pic32c/8.3.1/thumb/v7e-m+fp/hard\libgcc.a(_aeabi_uldivmod.o)
                              build/default/production/_ext/504274921/plib_sercom0_usart.o (__aeabi_uldivmod)
c:/program files/microchip/xc32/v4.40/bin/bin/../../lib/gcc/pic32c/8.3.1/thumb/v7e-m+fp/hard\libgcc.a(_udivmoddi4.o)
                              c:/program files/microchip/xc32/v4.40/bin/bin/../../lib/gcc/pic32c/8.3.1/thumb/v7e-m+fp/hard\libgcc.a(_aeabi_uldivmod.o) (__udivmoddi4)
c:/program files/microchip/xc32/v4.40/bin/bin/../../lib/gcc/pic32c/8.3.1/thumb/v7e-m+fp/hard\libgcc.a(_dvmd_tls.o)
                              c:/program files/microchip/xc32/v4.40/bin/bin/../../lib/gcc/pic32c/8.3.1/thumb/v7e-m+fp/hard\libgcc.a(_aeabi_uldivmod.o) (__aeabi_ldiv0)
c:/program files/microchip/xc32/v4.40/bin/bin/../../lib/gcc/pic32c/8.3.1/../../../../pic32c/lib/thumb/v7e-m+fp/hard\libpic32c.a(sbrk.o)
                              c:/program files/microchip/xc32/v4.40/bin/bin/../../lib/gcc/pic32c/8.3.1/../../../../pic32c/lib/thumb/v7e-m+fp/hard\liblmalloc-musl.a(lite_malloc.o) (_get_heap_left_space)
c:/program files/microchip/xc32/v4.40/bin/bin/../../lib/gcc/pic32c/8.3.1/../../../../pic32c/lib/thumb/v7e-m+fp/hard\libpic32c.a(pic32_data_init_clear.o)
                              (__dinit_clear_needed)
c:/program files/microchip/xc32/v4.40/bin/bin/../../lib/gcc/pic32c/8.3.1/../../../../pic32c/lib/thumb/v7e-m+fp/hard\libpic32c.a(pic32_data_init_copy.o)
                              (__dinit_copy_needed)

Microchip PIC32 Memory-Usage Report

ROM Program-Memory Usage
section                    address  length [bytes]      (dec)  Description
-------                 ----------  -------------------------  -----------
.vectors                  0x800200           0xec         236   
.text                     0x8002ec           0x20          32  App's exec code 
.text.program_exec_main   0x80030c          0x40c        1036   
.text.LoadandAuthentica   0x800718          0x3dc         988   
.text.CopyFlashImage      0x800af4          0x364         868   
[...]
Memory Configuration

Name             Origin             Length             Attributes
rom              0x0000000000800200 0x0000000000004000 xrl
ram              0x0000000020008000 0x0000000000008000 xw !r
config_D0045F88  0x00000000d0045f88 0x0000000000000004
config_D0045F8C  0x00000000d0045f8c 0x0000000000000004
config_D0045F90  0x00000000d0045f90 0x0000000000000004
config_D0045F94  0x00000000d0045f94 0x0000000000000004
config_D0045F98  0x00000000d0045f98 0x0000000000000004
*default*        0x0000000000000000 0xffffffffffffffff

Linker script and memory map

LOAD c:/program files/microchip/xc32/v4.40/bin/bin/../../lib/gcc/pic32c/8.3.1/thumb/v7e-m+fp/hard/crti.o
LOAD c:/program files/microchip/xc32/v4.40/bin/bin/../../lib/gcc/pic32c/8.3.1/thumb/v7e-m+fp/hard/crtbegin.o
LOAD build/default/production/_ext/1360937237/config.o
LOAD build/default/production/_ext/1360937237/security.o
LOAD build/default/production/_ext/1360937237/app.o
LOAD build/default/production/_ext/1360937237/main.o
LOAD build/default/production/_ext/141134496/uart.o
LOAD build/default/production/_ext/141134496/progexec.o
LOAD build/default/production/_ext/141134496/crc.o
LOAD build/default/production/_ext/1865555181/plib_qspi.o
LOAD build/default/production/_ext/1171490990/exceptions.o
LOAD build/default/production/_ext/163028504/xc32_monitor.o
LOAD build/default/production/_ext/1881668453/sys_int.o
LOAD build/default/production/_ext/504274921/plib_sercom0_usart.o
LOAD build/default/production/_ext/1171490990/initialization.o
LOAD build/default/production/_ext/60165520/plib_clk.o
LOAD build/default/production/_ext/1865254177/plib_gpio.o
LOAD build/default/production/_ext/1986646378/plib_evsys.o
LOAD build/default/production/_ext/1865468468/plib_nvic.o
LOAD build/default/production/_ext/1865131932/plib_cmcc.o
LOAD build/default/production/_ext/1171490990/interrupts.o
LOAD build/default/production/_ext/1171490990/libc_syscalls.o
LOAD build/default/production/_ext/1014039709/sys_cache.o
LOAD build/default/production/_ext/1171490990/startup_xc32.o
LOAD build/default/production/_ext/60176403/plib_nvm.o
LOAD build/default/production/_ext/1171490990/tasks.o
LOAD build/default/production/_ext/659853369/dfu.o
LOAD build/default/production/_ext/538277063/drv_sst26.o
                0x0000000000000001                __MPLAB_BUILD = 0x1
                0x0000000000804200                __rom_end = (ORIGIN (rom) + LENGTH (rom))
                0x0000000020010000                __ram_end = (ORIGIN (ram) + LENGTH (ram))

.config_D0045F88
 *(.config_D0045F88)

.config_D0045F8C
 *(.config_D0045F8C)

.config_D0045F90
 *(.config_D0045F90)

.config_D0045F94
 *(.config_D0045F94)

.config_D0045F98
 *(.config_D0045F98)

.vectors        0x0000000000800200       0xec
                0x0000000000800200                . = ALIGN (0x4)
                0x0000000000800200                _sfixed = .
 *(.vectors .vectors.* .vectors_default .vectors_default.*)
 .vectors.exception_table
                0x0000000000800200       0xec build/default/production/_ext/1171490990/interrupts.o
                0x0000000000800200                exception_table
 *(.isr_vector)
 *(.reset*)
 *(.after_vectors)

.text           0x00000000008002ec       0x20
                0x00000000008002ec                . = ALIGN (0x4)
 *(.glue_7t)
 .glue_7t       0x00000000008002ec        0x0 linker stubs
 *(.glue_7)
 .glue_7        0x00000000008002ec        0x0 linker stubs
 *(.gnu.linkonce.r.*)
 *(.ARM.extab* .gnu.linkonce.armextab.*)
                0x00000000008002ec                . = ALIGN (0x4)
 *(.init)
 .init          0x00000000008002ec        0x4 c:/program files/microchip/xc32/v4.40/bin/bin/../../lib/gcc/pic32c/8.3.1/thumb/v7e-m+fp/hard/crti.o
                0x00000000008002ec                _init
 .init          0x00000000008002f0        0x8 c:/program files/microchip/xc32/v4.40/bin/bin/../../lib/gcc/pic32c/8.3.1/thumb/v7e-m+fp/hard/crtn.o
                0x00000000008002f8                . = ALIGN (0x4)
                0x00000000008002f8                __preinit_array_start = .
 *(.preinit_array)
                0x00000000008002f8                __preinit_array_end = .
                0x00000000008002f8                . = ALIGN (0x4)
                0x00000000008002f8                __init_array_start = .
 *(SORT_BY_NAME(.init_array.*))
 *(.init_array)
 .init_array    0x00000000008002f8        0x4 c:/program files/microchip/xc32/v4.40/bin/bin/../../lib/gcc/pic32c/8.3.1/thumb/v7e-m+fp/hard/crtbegin.o
                0x00000000008002fc                __init_array_end = .
                0x00000000008002fc                . = ALIGN (0x4)
 *crtbegin.o(.ctors)
 *(EXCLUDE_FILE(*crtend.o) .ctors)
 *(SORT_BY_NAME(.ctors.*))
 *crtend.o(.ctors)
                0x00000000008002fc                . = ALIGN (0x4)
 *(.fini)
 .fini          0x00000000008002fc        0x4 c:/program files/microchip/xc32/v4.40/bin/bin/../../lib/gcc/pic32c/8.3.1/thumb/v7e-m+fp/hard/crti.o
                0x00000000008002fc                _fini
 .fini          0x0000000000800300        0x8 c:/program files/microchip/xc32/v4.40/bin/bin/../../lib/gcc/pic32c/8.3.1/thumb/v7e-m+fp/hard/crtn.o
                0x0000000000800308                . = ALIGN (0x4)
                0x0000000000800308                __fini_array_start = .
 *(.fini_array)
 .fini_array    0x0000000000800308        0x4 c:/program files/microchip/xc32/v4.40/bin/bin/../../lib/gcc/pic32c/8.3.1/thumb/v7e-m+fp/hard/crtbegin.o
 *(SORT_BY_NAME(.fini_array.*))
                0x000000000080030c                __fini_array_end = .
 *crtbegin.o(.dtors)
 *(EXCLUDE_FILE(*crtend.o) .dtors)
 *(SORT_BY_NAME(.dtors.*))
 *crtend.o(.dtors)
                0x000000000080030c                . = ALIGN (0x4)
                0x000000000080030c                _efixed = .
                [!provide]                        PROVIDE (__exidx_start = .)

.ARM.exidx
 *(.ARM.exidx* .gnu.linkonce.armexidx.*)
                [!provide]                        PROVIDE (__exidx_end = .)
                0x000000000080030c                . = ALIGN (0x4)
                0x000000000080030c                _etext = .

.bss            0x0000000020008000        0x0
                0x0000000020008000                . = ALIGN (0x4)
                0x0000000020008000                __bss_start__ = .
                0x0000000020008000                _sbss = .
                0x0000000020008000                _szero = .
 *(COMMON)
                0x0000000020008000                . = ALIGN (0x4)
                0x0000000020008000                __bss_end__ = .
                0x0000000020008000                _ebss = .
                0x0000000020008000                _ezero = .
                0x0000000020008000                . = ALIGN (0x4)
                0x0000000020008000                _end = .
                0x000000002000ffff                _ram_end_ = ((ORIGIN (ram) + LENGTH (ram)) - 0x1)
                0x0000000000004400                _min_heap_size = 0x4400
START GROUP
LOAD c:/program files/microchip/xc32/v4.40/bin/bin/../../lib/gcc/pic32c/8.3.1/../../../../pic32c/lib/thumb/v7e-m+fp/hard\libpic32c.a
LOAD c:/program files/microchip/xc32/v4.40/bin/bin/../../lib/gcc/pic32c/8.3.1/../../../../pic32c/lib/thumb/v7e-m+fp/hard\libc-size-musl.a
LOAD c:/program files/microchip/xc32/v4.40/bin/bin/../../lib/gcc/pic32c/8.3.1/../../../../pic32c/lib/thumb/v7e-m+fp/hard\liblmalloc-musl.a
LOAD c:/program files/microchip/xc32/v4.40/bin/bin/../../lib/gcc/pic32c/8.3.1/../../../../pic32c/lib/thumb/v7e-m+fp/hard\libm-fast-emfloat.a
LOAD c:/program files/microchip/xc32/v4.40/bin/bin/../../lib/gcc/pic32c/8.3.1/../../../../pic32c/lib/thumb/v7e-m+fp/hard\libm-musl.a
LOAD c:/program files/microchip/xc32/v4.40/bin/bin/../../lib/gcc/pic32c/8.3.1/../../../../pic32c/lib/thumb/v7e-m+fp/hard\libc-musl.a
LOAD c:/program files/microchip/xc32/v4.40/bin/bin/../../lib/gcc/pic32c/8.3.1/../../../../pic32c/lib/thumb/v7e-m+fp/hard\libm-fast-emfloat.a
LOAD c:/program files/microchip/xc32/v4.40/bin/bin/../../lib/gcc/pic32c/8.3.1/../../../../pic32c/lib/thumb/v7e-m+fp/hard\libm-musl.a
LOAD c:/program files/microchip/xc32/v4.40/bin/bin/../../lib/gcc/pic32c/8.3.1/thumb/v7e-m+fp/hard\libgcc.a
END GROUP
LOAD c:/program files/microchip/xc32/v4.40/bin/bin/../../lib/gcc/pic32c/8.3.1/thumb/v7e-m+fp/hard/crtend.o
LOAD c:/program files/microchip/xc32/v4.40/bin/bin/../../lib/gcc/pic32c/8.3.1/thumb/v7e-m+fp/hard/crtn.o
OUTPUT(dist/default/production/bootloader.X.production.elf elf32-littlearm)
LOAD data_init
LOAD stack

.ARM.attributes
                0x0000000000000000       0x34
 .ARM.attributes
                0x0000000000000000       0x1e c:/program files/microchip/xc32/v4.40/bin/bin/../../lib/gcc/pic32c/8.3.1/thumb/v7e-m+fp/hard/crti.o
 .ARM.attributes
                0x000000000000001e       0x34 c:/program files/microchip/xc32/v4.40/bin/bin/../../lib/gcc/pic32c/8.3.1/thumb/v7e-m+fp/hard/crtbegin.o
 .ARM.attributes
                0x0000000000000052       0x34 build/default/production/_ext/1360937237/config.o
 .ARM.attributes
                0x0000000000000086       0x34 build/default/production/_ext/1360937237/security.o
 .ARM.attributes
                0x00000000000000ba       0x34 build/default/production/_ext/1360937237/app.o
 .ARM.attributes
                0x00000000000000ee       0x34 build/default/production/_ext/1360937237/main.o
 .ARM.attributes
                0x0000000000000122       0x34 build/default/production/_ext/141134496/uart.o
 .ARM.attributes
                0x0000000000000156       0x34 build/default/production/_ext/141134496/progexec.o
 .ARM.attributes
                0x000000000000018a       0x34 build/default/production/_ext/141134496/crc.o
 .ARM.attributes
                0x00000000000001be       0x34 build/default/production/_ext/1865555181/plib_qspi.o
 .ARM.attributes
                0x00000000000001f2       0x34 build/default/production/_ext/1171490990/exceptions.o
 .ARM.attributes
                0x0000000000000226       0x34 build/default/production/_ext/504274921/plib_sercom0_usart.o
 .ARM.attributes
                0x000000000000025a       0x34 build/default/production/_ext/1171490990/initialization.o
 .ARM.attributes
                0x000000000000028e       0x34 build/default/production/_ext/60165520/plib_clk.o
 .ARM.attributes
                0x00000000000002c2       0x34 build/default/production/_ext/1865254177/plib_gpio.o
 .ARM.attributes
                0x00000000000002f6       0x34 build/default/production/_ext/1986646378/plib_evsys.o
 .ARM.attributes
                0x000000000000032a       0x34 build/default/production/_ext/1865468468/plib_nvic.o
 .ARM.attributes
                0x000000000000035e       0x34 build/default/production/_ext/1171490990/interrupts.o
 .ARM.attributes
                0x0000000000000392       0x34 build/default/production/_ext/1171490990/startup_xc32.o
 .ARM.attributes
                0x00000000000003c6       0x34 build/default/production/_ext/60176403/plib_nvm.o
 .ARM.attributes
                0x00000000000003fa       0x34 build/default/production/_ext/1171490990/tasks.o
 .ARM.attributes
                0x000000000000042e       0x34 build/default/production/_ext/659853369/dfu.o
 .ARM.attributes
                0x0000000000000462       0x34 build/default/production/_ext/538277063/drv_sst26.o
 .ARM.attributes
                0x0000000000000496       0x34 c:/program files/microchip/xc32/v4.40/bin/bin/../../lib/gcc/pic32c/8.3.1/../../../../pic32c/lib/thumb/v7e-m+fp/hard\libpic32c.a(data_init.o)
 .ARM.attributes
                0x00000000000004ca       0x36 c:/program files/microchip/xc32/v4.40/bin/bin/../../lib/gcc/pic32c/8.3.1/../../../../pic32c/lib/thumb/v7e-m+fp/hard\libc-size-musl.a(memcpy.o)
 .ARM.attributes
                0x0000000000000500       0x36 c:/program files/microchip/xc32/v4.40/bin/bin/../../lib/gcc/pic32c/8.3.1/../../../../pic32c/lib/thumb/v7e-m+fp/hard\libc-size-musl.a(memset.o)
 .ARM.attributes
                0x0000000000000536       0x36 c:/program files/microchip/xc32/v4.40/bin/bin/../../lib/gcc/pic32c/8.3.1/../../../../pic32c/lib/thumb/v7e-m+fp/hard\liblmalloc-musl.a(lite_free.o)
 .ARM.attributes
                0x000000000000056c       0x36 c:/program files/microchip/xc32/v4.40/bin/bin/../../lib/gcc/pic32c/8.3.1/../../../../pic32c/lib/thumb/v7e-m+fp/hard\liblmalloc-musl.a(lite_malloc.o)
 .ARM.attributes
                0x00000000000005a2       0x36 c:/program files/microchip/xc32/v4.40/bin/bin/../../lib/gcc/pic32c/8.3.1/../../../../pic32c/lib/thumb/v7e-m+fp/hard\libc-musl.a(__libc_start_main.o)
 .ARM.attributes
                0x00000000000005d8       0x34 c:/program files/microchip/xc32/v4.40/bin/bin/../../lib/gcc/pic32c/8.3.1/../../../../pic32c/lib/thumb/v7e-m+fp/hard\libc-musl.a(__errno_location.o)
 .ARM.attributes
                0x000000000000060c       0x34 c:/program files/microchip/xc32/v4.40/bin/bin/../../lib/gcc/pic32c/8.3.1/../../../../pic32c/lib/thumb/v7e-m+fp/hard\libc-musl.a(libc.o)
 .ARM.attributes
                0x0000000000000640       0x36 c:/program files/microchip/xc32/v4.40/bin/bin/../../lib/gcc/pic32c/8.3.1/../../../../pic32c/lib/thumb/v7e-m+fp/hard\libc-musl.a(expand_heap.o)
 .ARM.attributes
                0x0000000000000676       0x34 c:/program files/microchip/xc32/v4.40/bin/bin/../../lib/gcc/pic32c/8.3.1/../../../../pic32c/lib/thumb/v7e-m+fp/hard\libc-musl.a(__environ.o)
 .ARM.attributes
                0x00000000000006aa       0x34 c:/program files/microchip/xc32/v4.40/bin/bin/../../lib/gcc/pic32c/8.3.1/../../../../pic32c/lib/thumb/v7e-m+fp/hard\libpic32c.a(sbrk.o)
 .ARM.attributes
                0x00000000000006de       0x1e c:/program files/microchip/xc32/v4.40/bin/bin/../../lib/gcc/pic32c/8.3.1/thumb/v7e-m+fp/hard/crtn.o
 .ARM.attributes
                0x00000000000006fc       0x34 c:/program files/microchip/xc32/v4.40/bin/bin/../../lib/gcc/pic32c/8.3.1/../../../../pic32c/lib/thumb/v7e-m+fp/hard\libpic32c.a(pic32_data_init_clear.o)
 .ARM.attributes
                0x0000000000000730       0x34 c:/program files/microchip/xc32/v4.40/bin/bin/../../lib/gcc/pic32c/8.3.1/../../../../pic32c/lib/thumb/v7e-m+fp/hard\libpic32c.a(pic32_data_init_copy.o)

.comment        0x0000000000000000       0x2b
 .comment       0x0000000000000000       0x2b c:/program files/microchip/xc32/v4.40/bin/bin/../../lib/gcc/pic32c/8.3.1/thumb/v7e-m+fp/hard/crtbegin.o
                                         0x2c (size before relaxing)
 .comment       0x000000000000002b       0x2c build/default/production/_ext/1360937237/config.o
 .comment       0x000000000000002b       0x2c build/default/production/_ext/1360937237/security.o
 .comment       0x000000000000002b       0x2c build/default/production/_ext/1360937237/app.o
 .comment       0x000000000000002b       0x2c build/default/production/_ext/1360937237/main.o
 .comment       0x000000000000002b       0x2c build/default/production/_ext/141134496/uart.o
 .comment       0x000000000000002b       0x2c build/default/production/_ext/141134496/progexec.o
 .comment       0x000000000000002b       0x2c build/default/production/_ext/141134496/crc.o
 .comment       0x000000000000002b       0x2c build/default/production/_ext/1865555181/plib_qspi.o
 .comment       0x000000000000002b       0x2c build/default/production/_ext/1171490990/exceptions.o
 .comment       0x000000000000002b       0x2c build/default/production/_ext/504274921/plib_sercom0_usart.o
 .comment       0x000000000000002b       0x2c build/default/production/_ext/1171490990/initialization.o
 .comment       0x000000000000002b       0x2c build/default/production/_ext/60165520/plib_clk.o
 .comment       0x000000000000002b       0x2c build/default/production/_ext/1865254177/plib_gpio.o
 .comment       0x000000000000002b       0x2c build/default/production/_ext/1986646378/plib_evsys.o
 .comment       0x000000000000002b       0x2c build/default/production/_ext/1865468468/plib_nvic.o
 .comment       0x000000000000002b       0x2c build/default/production/_ext/1171490990/interrupts.o
 .comment       0x000000000000002b       0x2c build/default/production/_ext/1171490990/startup_xc32.o
 .comment       0x000000000000002b       0x2c build/default/production/_ext/60176403/plib_nvm.o
 .comment       0x000000000000002b       0x2c build/default/production/_ext/1171490990/tasks.o
 .comment       0x000000000000002b       0x2c build/default/production/_ext/659853369/dfu.o
 .comment       0x000000000000002b       0x2c build/default/production/_ext/538277063/drv_sst26.o
 .comment       0x000000000000002b       0x2c c:/program files/microchip/xc32/v4.40/bin/bin/../../lib/gcc/pic32c/8.3.1/../../../../pic32c/lib/thumb/v7e-m+fp/hard\libpic32c.a(data_init.o)
 .comment       0x000000000000002b       0x2c c:/program files/microchip/xc32/v4.40/bin/bin/../../lib/gcc/pic32c/8.3.1/../../../../pic32c/lib/thumb/v7e-m+fp/hard\libc-size-musl.a(memcpy.o)
 .comment       0x000000000000002b       0x2c c:/program files/microchip/xc32/v4.40/bin/bin/../../lib/gcc/pic32c/8.3.1/../../../../pic32c/lib/thumb/v7e-m+fp/hard\libc-size-musl.a(memset.o)
 .comment       0x000000000000002b       0x2c c:/program files/microchip/xc32/v4.40/bin/bin/../../lib/gcc/pic32c/8.3.1/../../../../pic32c/lib/thumb/v7e-m+fp/hard\liblmalloc-musl.a(lite_free.o)
 .comment       0x000000000000002b       0x2c c:/program files/microchip/xc32/v4.40/bin/bin/../../lib/gcc/pic32c/8.3.1/../../../../pic32c/lib/thumb/v7e-m+fp/hard\liblmalloc-musl.a(lite_malloc.o)
 .comment       0x000000000000002b       0x2c c:/program files/microchip/xc32/v4.40/bin/bin/../../lib/gcc/pic32c/8.3.1/../../../../pic32c/lib/thumb/v7e-m+fp/hard\libc-musl.a(__libc_start_main.o)
 .comment       0x000000000000002b       0x2c c:/program files/microchip/xc32/v4.40/bin/bin/../../lib/gcc/pic32c/8.3.1/../../../../pic32c/lib/thumb/v7e-m+fp/hard\libc-musl.a(__errno_location.o)
 .comment       0x000000000000002b       0x2c c:/program files/microchip/xc32/v4.40/bin/bin/../../lib/gcc/pic32c/8.3.1/../../../../pic32c/lib/thumb/v7e-m+fp/hard\libc-musl.a(libc.o)
 .comment       0x000000000000002b       0x2c c:/program files/microchip/xc32/v4.40/bin/bin/../../lib/gcc/pic32c/8.3.1/../../../../pic32c/lib/thumb/v7e-m+fp/hard\libc-musl.a(expand_heap.o)
 .comment       0x000000000000002b       0x2c c:/program files/microchip/xc32/v4.40/bin/bin/../../lib/gcc/pic32c/8.3.1/../../../../pic32c/lib/thumb/v7e-m+fp/hard\libc-musl.a(__environ.o)
 .comment       0x000000000000002b       0x2c c:/program files/microchip/xc32/v4.40/bin/bin/../../lib/gcc/pic32c/8.3.1/../../../../pic32c/lib/thumb/v7e-m+fp/hard\libpic32c.a(sbrk.o)
 .comment       0x000000000000002b       0x2c c:/program files/microchip/xc32/v4.40/bin/bin/../../lib/gcc/pic32c/8.3.1/../../../../pic32c/lib/thumb/v7e-m+fp/hard\libpic32c.a(pic32_data_init_clear.o)
 .comment       0x000000000000002b       0x2c c:/program files/microchip/xc32/v4.40/bin/bin/../../lib/gcc/pic32c/8.3.1/../../../../pic32c/lib/thumb/v7e-m+fp/hard\libpic32c.a(pic32_data_init_copy.o)

.debug_info     0x0000000000000000    0x122d7
 .debug_info    0x0000000000000000      0xbae build/default/production/_ext/1360937237/config.o
 .debug_info    0x0000000000000bae     0x3709 build/default/production/_ext/1360937237/security.o
 .debug_info    0x00000000000042b7     0x4504 build/default/production/_ext/1360937237/app.o
 .debug_info    0x00000000000087bb       0xe4 build/default/production/_ext/1360937237/main.o
 .debug_info    0x000000000000889f      0x36d build/default/production/_ext/141134496/uart.o
 .debug_info    0x0000000000008c0c     0x1179 build/default/production/_ext/141134496/progexec.o
 .debug_info    0x0000000000009d85      0x269 build/default/production/_ext/141134496/crc.o
 .debug_info    0x0000000000009fee      0xa40 build/default/production/_ext/1865555181/plib_qspi.o
 .debug_info    0x000000000000aa2e      0x116 build/default/production/_ext/1171490990/exceptions.o
 .debug_info    0x000000000000ab44     0x1813 build/default/production/_ext/504274921/plib_sercom0_usart.o
 .debug_info    0x000000000000c357      0xb62 build/default/production/_ext/1171490990/initialization.o
 .debug_info    0x000000000000ceb9      0xbda build/default/production/_ext/60165520/plib_clk.o
 .debug_info    0x000000000000da93      0x62d build/default/production/_ext/1865254177/plib_gpio.o
 .debug_info    0x000000000000e0c0       0x9b build/default/production/_ext/1986646378/plib_evsys.o
 .debug_info    0x000000000000e15b      0xa26 build/default/production/_ext/1865468468/plib_nvic.o
 .debug_info    0x000000000000eb81      0x4a2 build/default/production/_ext/1171490990/interrupts.o
 .debug_info    0x000000000000f023      0x55b build/default/production/_ext/1171490990/startup_xc32.o
 .debug_info    0x000000000000f57e      0xb27 build/default/production/_ext/60176403/plib_nvm.o
 .debug_info    0x00000000000100a5       0xbf build/default/production/_ext/1171490990/tasks.o
 .debug_info    0x0000000000010164      0x399 build/default/production/_ext/659853369/dfu.o
 .debug_info    0x00000000000104fd      0xf52 build/default/production/_ext/538277063/drv_sst26.o
 .debug_info    0x000000000001144f       0x54 c:/program files/microchip/xc32/v4.40/bin/bin/../../lib/gcc/pic32c/8.3.1/../../../../pic32c/lib/thumb/v7e-m+fp/hard\libpic32c.a(data_init.o)
 .debug_info    0x00000000000114a3       0xf3 c:/program files/microchip/xc32/v4.40/bin/bin/../../lib/gcc/pic32c/8.3.1/../../../../pic32c/lib/thumb/v7e-m+fp/hard\libc-size-musl.a(memcpy.o)
 .debug_info    0x0000000000011596       0xbb c:/program files/microchip/xc32/v4.40/bin/bin/../../lib/gcc/pic32c/8.3.1/../../../../pic32c/lib/thumb/v7e-m+fp/hard\libc-size-musl.a(memset.o)
 .debug_info    0x0000000000011651      0x26f c:/program files/microchip/xc32/v4.40/bin/bin/../../lib/gcc/pic32c/8.3.1/../../../../pic32c/lib/thumb/v7e-m+fp/hard\liblmalloc-musl.a(lite_free.o)
 .debug_info    0x00000000000118c0      0x1bd c:/program files/microchip/xc32/v4.40/bin/bin/../../lib/gcc/pic32c/8.3.1/../../../../pic32c/lib/thumb/v7e-m+fp/hard\liblmalloc-musl.a(lite_malloc.o)
 .debug_info    0x0000000000011a7d      0x2fb c:/program files/microchip/xc32/v4.40/bin/bin/../../lib/gcc/pic32c/8.3.1/../../../../pic32c/lib/thumb/v7e-m+fp/hard\libc-musl.a(__libc_start_main.o)
 .debug_info    0x0000000000011d78       0x5b c:/program files/microchip/xc32/v4.40/bin/bin/../../lib/gcc/pic32c/8.3.1/../../../../pic32c/lib/thumb/v7e-m+fp/hard\libc-musl.a(__errno_location.o)
 .debug_info    0x0000000000011dd3      0x276 c:/program files/microchip/xc32/v4.40/bin/bin/../../lib/gcc/pic32c/8.3.1/../../../../pic32c/lib/thumb/v7e-m+fp/hard\libc-musl.a(libc.o)
 .debug_info    0x0000000000012049      0x10e c:/program files/microchip/xc32/v4.40/bin/bin/../../lib/gcc/pic32c/8.3.1/../../../../pic32c/lib/thumb/v7e-m+fp/hard\libc-musl.a(expand_heap.o)
 .debug_info    0x0000000000012157       0x97 c:/program files/microchip/xc32/v4.40/bin/bin/../../lib/gcc/pic32c/8.3.1/../../../../pic32c/lib/thumb/v7e-m+fp/hard\libc-musl.a(__environ.o)
 .debug_info    0x00000000000121ee       0x6a c:/program files/microchip/xc32/v4.40/bin/bin/../../lib/gcc/pic32c/8.3.1/../../../../pic32c/lib/thumb/v7e-m+fp/hard\libpic32c.a(sbrk.o)
 .debug_info    0x0000000000012258       0x3f c:/program files/microchip/xc32/v4.40/bin/bin/../../lib/gcc/pic32c/8.3.1/../../../../pic32c/lib/thumb/v7e-m+fp/hard\libpic32c.a(pic32_data_init_clear.o)
 .debug_info    0x0000000000012297       0x40 c:/program files/microchip/xc32/v4.40/bin/bin/../../lib/gcc/pic32c/8.3.1/../../../../pic32c/lib/thumb/v7e-m+fp/hard\libpic32c.a(pic32_data_init_copy.o)

.debug_abbrev   0x0000000000000000     0x34d0
 .debug_abbrev  0x0000000000000000      0x242 build/default/production/_ext/1360937237/config.o
 .debug_abbrev  0x0000000000000242      0x573 build/default/production/_ext/1360937237/security.o
 .debug_abbrev  0x00000000000007b5      0x58d build/default/production/_ext/1360937237/app.o
 .debug_abbrev  0x0000000000000d42       0x82 build/default/production/_ext/1360937237/main.o
 .debug_abbrev  0x0000000000000dc4      0x1b4 build/default/production/_ext/141134496/uart.o
 .debug_abbrev  0x0000000000000f78      0x36d build/default/production/_ext/141134496/progexec.o
 .debug_abbrev  0x00000000000012e5      0x163 build/default/production/_ext/141134496/crc.o
 .debug_abbrev  0x0000000000001448      0x2cb build/default/production/_ext/1865555181/plib_qspi.o
 .debug_abbrev  0x0000000000001713       0x49 build/default/production/_ext/1171490990/exceptions.o
 .debug_abbrev  0x000000000000175c      0x428 build/default/production/_ext/504274921/plib_sercom0_usart.o
 .debug_abbrev  0x0000000000001b84      0x1f7 build/default/production/_ext/1171490990/initialization.o
 .debug_abbrev  0x0000000000001d7b       0xdc build/default/production/_ext/60165520/plib_clk.o
 .debug_abbrev  0x0000000000001e57       0xea build/default/production/_ext/1865254177/plib_gpio.o
 .debug_abbrev  0x0000000000001f41       0x46 build/default/production/_ext/1986646378/plib_evsys.o
 .debug_abbrev  0x0000000000001f87      0x258 build/default/production/_ext/1865468468/plib_nvic.o
 .debug_abbrev  0x00000000000021df       0xc0 build/default/production/_ext/1171490990/interrupts.o
 .debug_abbrev  0x000000000000229f      0x1e3 build/default/production/_ext/1171490990/startup_xc32.o
 .debug_abbrev  0x0000000000002482      0x33e build/default/production/_ext/60176403/plib_nvm.o
 .debug_abbrev  0x00000000000027c0       0x67 build/default/production/_ext/1171490990/tasks.o
 .debug_abbrev  0x0000000000002827      0x109 build/default/production/_ext/659853369/dfu.o
 .debug_abbrev  0x0000000000002930      0x34d build/default/production/_ext/538277063/drv_sst26.o
 .debug_abbrev  0x0000000000002c7d       0x44 c:/program files/microchip/xc32/v4.40/bin/bin/../../lib/gcc/pic32c/8.3.1/../../../../pic32c/lib/thumb/v7e-m+fp/hard\libpic32c.a(data_init.o)
 .debug_abbrev  0x0000000000002cc1       0xbb c:/program files/microchip/xc32/v4.40/bin/bin/../../lib/gcc/pic32c/8.3.1/../../../../pic32c/lib/thumb/v7e-m+fp/hard\libc-size-musl.a(memcpy.o)
 .debug_abbrev  0x0000000000002d7c       0xa2 c:/program files/microchip/xc32/v4.40/bin/bin/../../lib/gcc/pic32c/8.3.1/../../../../pic32c/lib/thumb/v7e-m+fp/hard\libc-size-musl.a(memset.o)
 .debug_abbrev  0x0000000000002e1e      0x195 c:/program files/microchip/xc32/v4.40/bin/bin/../../lib/gcc/pic32c/8.3.1/../../../../pic32c/lib/thumb/v7e-m+fp/hard\liblmalloc-musl.a(lite_free.o)
 .debug_abbrev  0x0000000000002fb3      0x117 c:/program files/microchip/xc32/v4.40/bin/bin/../../lib/gcc/pic32c/8.3.1/../../../../pic32c/lib/thumb/v7e-m+fp/hard\liblmalloc-musl.a(lite_malloc.o)
 .debug_abbrev  0x00000000000030ca      0x133 c:/program files/microchip/xc32/v4.40/bin/bin/../../lib/gcc/pic32c/8.3.1/../../../../pic32c/lib/thumb/v7e-m+fp/hard\libc-musl.a(__libc_start_main.o)
 .debug_abbrev  0x00000000000031fd       0x39 c:/program files/microchip/xc32/v4.40/bin/bin/../../lib/gcc/pic32c/8.3.1/../../../../pic32c/lib/thumb/v7e-m+fp/hard\libc-musl.a(__errno_location.o)
 .debug_abbrev  0x0000000000003236       0xd4 c:/program files/microchip/xc32/v4.40/bin/bin/../../lib/gcc/pic32c/8.3.1/../../../../pic32c/lib/thumb/v7e-m+fp/hard\libc-musl.a(libc.o)
 .debug_abbrev  0x000000000000330a       0xc4 c:/program files/microchip/xc32/v4.40/bin/bin/../../lib/gcc/pic32c/8.3.1/../../../../pic32c/lib/thumb/v7e-m+fp/hard\libc-musl.a(expand_heap.o)
 .debug_abbrev  0x00000000000033ce       0x62 c:/program files/microchip/xc32/v4.40/bin/bin/../../lib/gcc/pic32c/8.3.1/../../../../pic32c/lib/thumb/v7e-m+fp/hard\libc-musl.a(__environ.o)
 .debug_abbrev  0x0000000000003430       0x44 c:/program files/microchip/xc32/v4.40/bin/bin/../../lib/gcc/pic32c/8.3.1/../../../../pic32c/lib/thumb/v7e-m+fp/hard\libpic32c.a(sbrk.o)
 .debug_abbrev  0x0000000000003474       0x2e c:/program files/microchip/xc32/v4.40/bin/bin/../../lib/gcc/pic32c/8.3.1/../../../../pic32c/lib/thumb/v7e-m+fp/hard\libpic32c.a(pic32_data_init_clear.o)
 .debug_abbrev  0x00000000000034a2       0x2e c:/program files/microchip/xc32/v4.40/bin/bin/../../lib/gcc/pic32c/8.3.1/../../../../pic32c/lib/thumb/v7e-m+fp/hard\libpic32c.a(pic32_data_init_copy.o)

.debug_loc      0x0000000000000000     0x8994
 .debug_loc     0x0000000000000000      0x6f1 build/default/production/_ext/1360937237/config.o
 .debug_loc     0x00000000000006f1     0x226b build/default/production/_ext/1360937237/security.o
 .debug_loc     0x000000000000295c     0x15f4 build/default/production/_ext/1360937237/app.o
 .debug_loc     0x0000000000003f50       0x20 build/default/production/_ext/1360937237/main.o
 .debug_loc     0x0000000000003f70      0x1f0 build/default/production/_ext/141134496/uart.o
 .debug_loc     0x0000000000004160     0x1294 build/default/production/_ext/141134496/progexec.o
 .debug_loc     0x00000000000053f4      0x26b build/default/production/_ext/141134496/crc.o
 .debug_loc     0x000000000000565f      0xad9 build/default/production/_ext/1865555181/plib_qspi.o
 .debug_loc     0x0000000000006138      0xcc6 build/default/production/_ext/504274921/plib_sercom0_usart.o
 .debug_loc     0x0000000000006dfe       0x45 build/default/production/_ext/1171490990/initialization.o
 .debug_loc     0x0000000000006e43       0x6f build/default/production/_ext/1865254177/plib_gpio.o
 .debug_loc     0x0000000000006eb2      0x1df build/default/production/_ext/1865468468/plib_nvic.o
 .debug_loc     0x0000000000007091       0x4a build/default/production/_ext/1171490990/startup_xc32.o
 .debug_loc     0x00000000000070db      0x633 build/default/production/_ext/60176403/plib_nvm.o
 .debug_loc     0x000000000000770e       0x20 build/default/production/_ext/1171490990/tasks.o
 .debug_loc     0x000000000000772e       0x6a build/default/production/_ext/659853369/dfu.o
 .debug_loc     0x0000000000007798      0xb77 build/default/production/_ext/538277063/drv_sst26.o
 .debug_loc     0x000000000000830f       0x14 c:/program files/microchip/xc32/v4.40/bin/bin/../../lib/gcc/pic32c/8.3.1/../../../../pic32c/lib/thumb/v7e-m+fp/hard\libpic32c.a(data_init.o)
 .debug_loc     0x0000000000008323      0x10b c:/program files/microchip/xc32/v4.40/bin/bin/../../lib/gcc/pic32c/8.3.1/../../../../pic32c/lib/thumb/v7e-m+fp/hard\libc-size-musl.a(memcpy.o)
 .debug_loc     0x000000000000842e       0x7d c:/program files/microchip/xc32/v4.40/bin/bin/../../lib/gcc/pic32c/8.3.1/../../../../pic32c/lib/thumb/v7e-m+fp/hard\libc-size-musl.a(memset.o)
 .debug_loc     0x00000000000084ab      0x2ed c:/program files/microchip/xc32/v4.40/bin/bin/../../lib/gcc/pic32c/8.3.1/../../../../pic32c/lib/thumb/v7e-m+fp/hard\liblmalloc-musl.a(lite_free.o)
 .debug_loc     0x0000000000008798       0xf3 c:/program files/microchip/xc32/v4.40/bin/bin/../../lib/gcc/pic32c/8.3.1/../../../../pic32c/lib/thumb/v7e-m+fp/hard\liblmalloc-musl.a(lite_malloc.o)
 .debug_loc     0x000000000000888b       0x51 c:/program files/microchip/xc32/v4.40/bin/bin/../../lib/gcc/pic32c/8.3.1/../../../../pic32c/lib/thumb/v7e-m+fp/hard\libc-musl.a(__libc_start_main.o)
 .debug_loc     0x00000000000088dc       0x7c c:/program files/microchip/xc32/v4.40/bin/bin/../../lib/gcc/pic32c/8.3.1/../../../../pic32c/lib/thumb/v7e-m+fp/hard\libc-musl.a(expand_heap.o)
 .debug_loc     0x0000000000008958       0x28 c:/program files/microchip/xc32/v4.40/bin/bin/../../lib/gcc/pic32c/8.3.1/../../../../pic32c/lib/thumb/v7e-m+fp/hard\libpic32c.a(sbrk.o)
 .debug_loc     0x0000000000008980       0x14 c:/program files/microchip/xc32/v4.40/bin/bin/../../lib/gcc/pic32c/8.3.1/../../../../pic32c/lib/thumb/v7e-m+fp/hard\libpic32c.a(pic32_data_init_copy.o)

.debug_aranges  0x0000000000000000      0x8a8
 .debug_aranges
                0x0000000000000000       0x80 build/default/production/_ext/1360937237/config.o
 .debug_aranges
                0x0000000000000080       0xc0 build/default/production/_ext/1360937237/security.o
 .debug_aranges
                0x0000000000000140       0xa8 build/default/production/_ext/1360937237/app.o
 .debug_aranges
                0x00000000000001e8       0x20 build/default/production/_ext/1360937237/main.o
 .debug_aranges
                0x0000000000000208       0x38 build/default/production/_ext/141134496/uart.o
 .debug_aranges
                0x0000000000000240       0x30 build/default/production/_ext/141134496/progexec.o
 .debug_aranges
                0x0000000000000270       0x30 build/default/production/_ext/141134496/crc.o
 .debug_aranges
                0x00000000000002a0       0x60 build/default/production/_ext/1865555181/plib_qspi.o
 .debug_aranges
                0x0000000000000300       0x48 build/default/production/_ext/1171490990/exceptions.o
 .debug_aranges
                0x0000000000000348       0xe8 build/default/production/_ext/504274921/plib_sercom0_usart.o
 .debug_aranges
                0x0000000000000430       0x20 build/default/production/_ext/1171490990/initialization.o
 .debug_aranges
                0x0000000000000450       0x20 build/default/production/_ext/60165520/plib_clk.o
 .debug_aranges
                0x0000000000000470       0x60 build/default/production/_ext/1865254177/plib_gpio.o
 .debug_aranges
                0x00000000000004d0       0x20 build/default/production/_ext/1986646378/plib_evsys.o
 .debug_aranges
                0x00000000000004f0       0x48 build/default/production/_ext/1865468468/plib_nvic.o
 .debug_aranges
                0x0000000000000538       0x20 build/default/production/_ext/1171490990/interrupts.o
 .debug_aranges
                0x0000000000000558       0x28 build/default/production/_ext/1171490990/startup_xc32.o
 .debug_aranges
                0x0000000000000580       0x98 build/default/production/_ext/60176403/plib_nvm.o
 .debug_aranges
                0x0000000000000618       0x20 build/default/production/_ext/1171490990/tasks.o
 .debug_aranges
                0x0000000000000638       0x20 build/default/production/_ext/659853369/dfu.o
 .debug_aranges
                0x0000000000000658       0x98 build/default/production/_ext/538277063/drv_sst26.o
 .debug_aranges
                0x00000000000006f0       0x28 c:/program files/microchip/xc32/v4.40/bin/bin/../../lib/gcc/pic32c/8.3.1/../../../../pic32c/lib/thumb/v7e-m+fp/hard\libpic32c.a(data_init.o)
 .debug_aranges
                0x0000000000000718       0x20 c:/program files/microchip/xc32/v4.40/bin/bin/../../lib/gcc/pic32c/8.3.1/../../../../pic32c/lib/thumb/v7e-m+fp/hard\libc-size-musl.a(memcpy.o)
 .debug_aranges
                0x0000000000000738       0x20 c:/program files/microchip/xc32/v4.40/bin/bin/../../lib/gcc/pic32c/8.3.1/../../../../pic32c/lib/thumb/v7e-m+fp/hard\libc-size-musl.a(memset.o)
 .debug_aranges
                0x0000000000000758       0x30 c:/program files/microchip/xc32/v4.40/bin/bin/../../lib/gcc/pic32c/8.3.1/../../../../pic32c/lib/thumb/v7e-m+fp/hard\liblmalloc-musl.a(lite_free.o)
 .debug_aranges
                0x0000000000000788       0x20 c:/program files/microchip/xc32/v4.40/bin/bin/../../lib/gcc/pic32c/8.3.1/../../../../pic32c/lib/thumb/v7e-m+fp/hard\liblmalloc-musl.a(lite_malloc.o)
 .debug_aranges
                0x00000000000007a8       0x28 c:/program files/microchip/xc32/v4.40/bin/bin/../../lib/gcc/pic32c/8.3.1/../../../../pic32c/lib/thumb/v7e-m+fp/hard\libc-musl.a(__libc_start_main.o)
 .debug_aranges
                0x00000000000007d0       0x18 c:/program files/microchip/xc32/v4.40/bin/bin/../../lib/gcc/pic32c/8.3.1/../../../../pic32c/lib/thumb/v7e-m+fp/hard\libc-musl.a(__errno_location.o)
 .debug_aranges
                0x00000000000007e8       0x18 c:/program files/microchip/xc32/v4.40/bin/bin/../../lib/gcc/pic32c/8.3.1/../../../../pic32c/lib/thumb/v7e-m+fp/hard\libc-musl.a(libc.o)
 .debug_aranges
                0x0000000000000800       0x20 c:/program files/microchip/xc32/v4.40/bin/bin/../../lib/gcc/pic32c/8.3.1/../../../../pic32c/lib/thumb/v7e-m+fp/hard\libc-musl.a(expand_heap.o)
 .debug_aranges
                0x0000000000000820       0x18 c:/program files/microchip/xc32/v4.40/bin/bin/../../lib/gcc/pic32c/8.3.1/../../../../pic32c/lib/thumb/v7e-m+fp/hard\libc-musl.a(__environ.o)
 .debug_aranges
                0x0000000000000838       0x30 c:/program files/microchip/xc32/v4.40/bin/bin/../../lib/gcc/pic32c/8.3.1/../../../../pic32c/lib/thumb/v7e-m+fp/hard\libpic32c.a(sbrk.o)
 .debug_aranges
                0x0000000000000868       0x20 c:/program files/microchip/xc32/v4.40/bin/bin/../../lib/gcc/pic32c/8.3.1/../../../../pic32c/lib/thumb/v7e-m+fp/hard\libpic32c.a(pic32_data_init_clear.o)
 .debug_aranges
                0x0000000000000888       0x20 c:/program files/microchip/xc32/v4.40/bin/bin/../../lib/gcc/pic32c/8.3.1/../../../../pic32c/lib/thumb/v7e-m+fp/hard\libpic32c.a(pic32_data_init_copy.o)

.debug_ranges   0x0000000000000000      0x978
 .debug_ranges  0x0000000000000000       0x70 build/default/production/_ext/1360937237/config.o
 .debug_ranges  0x0000000000000070       0xe0 build/default/production/_ext/1360937237/security.o
 .debug_ranges  0x0000000000000150      0x120 build/default/production/_ext/1360937237/app.o
 .debug_ranges  0x0000000000000270       0x10 build/default/production/_ext/1360937237/main.o
 .debug_ranges  0x0000000000000280       0x28 build/default/production/_ext/141134496/uart.o
 .debug_ranges  0x00000000000002a8      0x108 build/default/production/_ext/141134496/progexec.o
 .debug_ranges  0x00000000000003b0       0x50 build/default/production/_ext/141134496/crc.o
 .debug_ranges  0x0000000000000400       0x50 build/default/production/_ext/1865555181/plib_qspi.o
 .debug_ranges  0x0000000000000450       0x38 build/default/production/_ext/1171490990/exceptions.o
 .debug_ranges  0x0000000000000488      0x1d0 build/default/production/_ext/504274921/plib_sercom0_usart.o
 .debug_ranges  0x0000000000000658       0x10 build/default/production/_ext/1171490990/initialization.o
 .debug_ranges  0x0000000000000668       0x10 build/default/production/_ext/60165520/plib_clk.o
 .debug_ranges  0x0000000000000678       0x50 build/default/production/_ext/1865254177/plib_gpio.o
 .debug_ranges  0x00000000000006c8       0x10 build/default/production/_ext/1986646378/plib_evsys.o
 .debug_ranges  0x00000000000006d8       0x38 build/default/production/_ext/1865468468/plib_nvic.o
 .debug_ranges  0x0000000000000710       0x10 build/default/production/_ext/1171490990/interrupts.o
 .debug_ranges  0x0000000000000720       0x18 build/default/production/_ext/1171490990/startup_xc32.o
 .debug_ranges  0x0000000000000738       0x88 build/default/production/_ext/60176403/plib_nvm.o
 .debug_ranges  0x00000000000007c0       0x10 build/default/production/_ext/1171490990/tasks.o
 .debug_ranges  0x00000000000007d0       0x10 build/default/production/_ext/659853369/dfu.o
 .debug_ranges  0x00000000000007e0       0xa0 build/default/production/_ext/538277063/drv_sst26.o
 .debug_ranges  0x0000000000000880       0x18 c:/program files/microchip/xc32/v4.40/bin/bin/../../lib/gcc/pic32c/8.3.1/../../../../pic32c/lib/thumb/v7e-m+fp/hard\libpic32c.a(data_init.o)
 .debug_ranges  0x0000000000000898       0x10 c:/program files/microchip/xc32/v4.40/bin/bin/../../lib/gcc/pic32c/8.3.1/../../../../pic32c/lib/thumb/v7e-m+fp/hard\libc-size-musl.a(memcpy.o)
 .debug_ranges  0x00000000000008a8       0x10 c:/program files/microchip/xc32/v4.40/bin/bin/../../lib/gcc/pic32c/8.3.1/../../../../pic32c/lib/thumb/v7e-m+fp/hard\libc-size-musl.a(memset.o)
 .debug_ranges  0x00000000000008b8       0x20 c:/program files/microchip/xc32/v4.40/bin/bin/../../lib/gcc/pic32c/8.3.1/../../../../pic32c/lib/thumb/v7e-m+fp/hard\liblmalloc-musl.a(lite_free.o)
 .debug_ranges  0x00000000000008d8       0x10 c:/program files/microchip/xc32/v4.40/bin/bin/../../lib/gcc/pic32c/8.3.1/../../../../pic32c/lib/thumb/v7e-m+fp/hard\liblmalloc-musl.a(lite_malloc.o)
 .debug_ranges  0x00000000000008e8       0x40 c:/program files/microchip/xc32/v4.40/bin/bin/../../lib/gcc/pic32c/8.3.1/../../../../pic32c/lib/thumb/v7e-m+fp/hard\libc-musl.a(__libc_start_main.o)
 .debug_ranges  0x0000000000000928       0x10 c:/program files/microchip/xc32/v4.40/bin/bin/../../lib/gcc/pic32c/8.3.1/../../../../pic32c/lib/thumb/v7e-m+fp/hard\libc-musl.a(expand_heap.o)
 .debug_ranges  0x0000000000000938       0x20 c:/program files/microchip/xc32/v4.40/bin/bin/../../lib/gcc/pic32c/8.3.1/../../../../pic32c/lib/thumb/v7e-m+fp/hard\libpic32c.a(sbrk.o)
 .debug_ranges  0x0000000000000958       0x10 c:/program files/microchip/xc32/v4.40/bin/bin/../../lib/gcc/pic32c/8.3.1/../../../../pic32c/lib/thumb/v7e-m+fp/hard\libpic32c.a(pic32_data_init_clear.o)
 .debug_ranges  0x0000000000000968       0x10 c:/program files/microchip/xc32/v4.40/bin/bin/../../lib/gcc/pic32c/8.3.1/../../../../pic32c/lib/thumb/v7e-m+fp/hard\libpic32c.a(pic32_data_init_copy.o)

.debug_line     0x0000000000000000     0x6edb
 .debug_line    0x0000000000000000      0x478 build/default/production/_ext/1360937237/config.o
 .debug_line    0x0000000000000478     0x1115 build/default/production/_ext/1360937237/security.o
 .debug_line    0x000000000000158d     0x1071 build/default/production/_ext/1360937237/app.o
 .debug_line    0x00000000000025fe       0x6d build/default/production/_ext/1360937237/main.o
 .debug_line    0x000000000000266b      0x1d2 build/default/production/_ext/141134496/uart.o
 .debug_line    0x000000000000283d      0x726 build/default/production/_ext/141134496/progexec.o
 .debug_line    0x0000000000002f63      0x167 build/default/production/_ext/141134496/crc.o
 .debug_line    0x00000000000030ca      0x574 build/default/production/_ext/1865555181/plib_qspi.o
 .debug_line    0x000000000000363e       0xc6 build/default/production/_ext/1171490990/exceptions.o
 .debug_line    0x0000000000003704      0xcec build/default/production/_ext/504274921/plib_sercom0_usart.o
 .debug_line    0x00000000000043f0      0x366 build/default/production/_ext/1171490990/initialization.o
 .debug_line    0x0000000000004756      0x20b build/default/production/_ext/60165520/plib_clk.o
 .debug_line    0x0000000000004961      0x1d5 build/default/production/_ext/1865254177/plib_gpio.o
 .debug_line    0x0000000000004b36       0x66 build/default/production/_ext/1986646378/plib_evsys.o
 .debug_line    0x0000000000004b9c      0x3f0 build/default/production/_ext/1865468468/plib_nvic.o
 .debug_line    0x0000000000004f8c       0xba build/default/production/_ext/1171490990/interrupts.o
 .debug_line    0x0000000000005046      0x240 build/default/production/_ext/1171490990/startup_xc32.o
 .debug_line    0x0000000000005286      0x516 build/default/production/_ext/60176403/plib_nvm.o
 .debug_line    0x000000000000579c       0x69 build/default/production/_ext/1171490990/tasks.o
 .debug_line    0x0000000000005805       0xc9 build/default/production/_ext/659853369/dfu.o
 .debug_line    0x00000000000058ce      0x79c build/default/production/_ext/538277063/drv_sst26.o
 .debug_line    0x000000000000606a       0xe9 c:/program files/microchip/xc32/v4.40/bin/bin/../../lib/gcc/pic32c/8.3.1/../../../../pic32c/lib/thumb/v7e-m+fp/hard\libpic32c.a(data_init.o)
 .debug_line    0x0000000000006153       0xf9 c:/program files/microchip/xc32/v4.40/bin/bin/../../lib/gcc/pic32c/8.3.1/../../../../pic32c/lib/thumb/v7e-m+fp/hard\libc-size-musl.a(memcpy.o)
 .debug_line    0x000000000000624c       0xe3 c:/program files/microchip/xc32/v4.40/bin/bin/../../lib/gcc/pic32c/8.3.1/../../../../pic32c/lib/thumb/v7e-m+fp/hard\libc-size-musl.a(memset.o)
 .debug_line    0x000000000000632f      0x269 c:/program files/microchip/xc32/v4.40/bin/bin/../../lib/gcc/pic32c/8.3.1/../../../../pic32c/lib/thumb/v7e-m+fp/hard\liblmalloc-musl.a(lite_free.o)
 .debug_line    0x0000000000006598      0x1ca c:/program files/microchip/xc32/v4.40/bin/bin/../../lib/gcc/pic32c/8.3.1/../../../../pic32c/lib/thumb/v7e-m+fp/hard\liblmalloc-musl.a(lite_malloc.o)
 .debug_line    0x0000000000006762      0x1c7 c:/program files/microchip/xc32/v4.40/bin/bin/../../lib/gcc/pic32c/8.3.1/../../../../pic32c/lib/thumb/v7e-m+fp/hard\libc-musl.a(__libc_start_main.o)
 .debug_line    0x0000000000006929       0x9a c:/program files/microchip/xc32/v4.40/bin/bin/../../lib/gcc/pic32c/8.3.1/../../../../pic32c/lib/thumb/v7e-m+fp/hard\libc-musl.a(__errno_location.o)
 .debug_line    0x00000000000069c3       0xb5 c:/program files/microchip/xc32/v4.40/bin/bin/../../lib/gcc/pic32c/8.3.1/../../../../pic32c/lib/thumb/v7e-m+fp/hard\libc-musl.a(libc.o)
 .debug_line    0x0000000000006a78       0xef c:/program files/microchip/xc32/v4.40/bin/bin/../../lib/gcc/pic32c/8.3.1/../../../../pic32c/lib/thumb/v7e-m+fp/hard\libc-musl.a(expand_heap.o)
 .debug_line    0x0000000000006b67       0xfb c:/program files/microchip/xc32/v4.40/bin/bin/../../lib/gcc/pic32c/8.3.1/../../../../pic32c/lib/thumb/v7e-m+fp/hard\libc-musl.a(__environ.o)
 .debug_line    0x0000000000006c62      0x105 c:/program files/microchip/xc32/v4.40/bin/bin/../../lib/gcc/pic32c/8.3.1/../../../../pic32c/lib/thumb/v7e-m+fp/hard\libpic32c.a(sbrk.o)
 .debug_line    0x0000000000006d67       0xb6 c:/program files/microchip/xc32/v4.40/bin/bin/../../lib/gcc/pic32c/8.3.1/../../../../pic32c/lib/thumb/v7e-m+fp/hard\libpic32c.a(pic32_data_init_clear.o)
 .debug_line    0x0000000000006e1d       0xbe c:/program files/microchip/xc32/v4.40/bin/bin/../../lib/gcc/pic32c/8.3.1/../../../../pic32c/lib/thumb/v7e-m+fp/hard\libpic32c.a(pic32_data_init_copy.o)

.debug_str      0x0000000000000000     0xdd24
 .debug_str     0x0000000000000000      0x96c build/default/production/_ext/1360937237/config.o
 .debug_str     0x000000000000096c     0x1925 build/default/production/_ext/1360937237/security.o
 .debug_str     0x0000000000002291     0x20e4 build/default/production/_ext/1360937237/app.o
 .debug_str     0x0000000000004375      0x2be build/default/production/_ext/1360937237/main.o
 .debug_str     0x0000000000004633      0x501 build/default/production/_ext/141134496/uart.o
 .debug_str     0x0000000000004b34      0x67b build/default/production/_ext/141134496/progexec.o
 .debug_str     0x00000000000051af      0x32e build/default/production/_ext/141134496/crc.o
 .debug_str     0x00000000000054dd      0x6a6 build/default/production/_ext/1865555181/plib_qspi.o
 .debug_str     0x0000000000005b83      0x330 build/default/production/_ext/1171490990/exceptions.o
 .debug_str     0x0000000000005eb3      0xdc1 build/default/production/_ext/504274921/plib_sercom0_usart.o
 .debug_str     0x0000000000006c74      0xade build/default/production/_ext/1171490990/initialization.o
 .debug_str     0x0000000000007752      0xbe5 build/default/production/_ext/60165520/plib_clk.o
 .debug_str     0x0000000000008337      0x641 build/default/production/_ext/1865254177/plib_gpio.o
 .debug_str     0x0000000000008978      0x2d1 build/default/production/_ext/1986646378/plib_evsys.o
 .debug_str     0x0000000000008c49      0x7ce build/default/production/_ext/1865468468/plib_nvic.o
 .debug_str     0x0000000000009417      0x748 build/default/production/_ext/1171490990/interrupts.o
 .debug_str     0x0000000000009b5f      0x46a build/default/production/_ext/1171490990/startup_xc32.o
 .debug_str     0x0000000000009fc9      0x7a8 build/default/production/_ext/60176403/plib_nvm.o
 .debug_str     0x000000000000a771      0x2c4 build/default/production/_ext/1171490990/tasks.o
 .debug_str     0x000000000000aa35      0x445 build/default/production/_ext/659853369/dfu.o
 .debug_str     0x000000000000ae7a      0xc61 build/default/production/_ext/538277063/drv_sst26.o
 .debug_str     0x000000000000badb      0x27d c:/program files/microchip/xc32/v4.40/bin/bin/../../lib/gcc/pic32c/8.3.1/../../../../pic32c/lib/thumb/v7e-m+fp/hard\libpic32c.a(data_init.o)
 .debug_str     0x000000000000bd58      0x22f c:/program files/microchip/xc32/v4.40/bin/bin/../../lib/gcc/pic32c/8.3.1/../../../../pic32c/lib/thumb/v7e-m+fp/hard\libc-size-musl.a(memcpy.o)
 .debug_str     0x000000000000bf87      0x21b c:/program files/microchip/xc32/v4.40/bin/bin/../../lib/gcc/pic32c/8.3.1/../../../../pic32c/lib/thumb/v7e-m+fp/hard\libc-size-musl.a(memset.o)
 .debug_str     0x000000000000c1a2      0x30b c:/program files/microchip/xc32/v4.40/bin/bin/../../lib/gcc/pic32c/8.3.1/../../../../pic32c/lib/thumb/v7e-m+fp/hard\liblmalloc-musl.a(lite_free.o)
 .debug_str     0x000000000000c4ad      0x309 c:/program files/microchip/xc32/v4.40/bin/bin/../../lib/gcc/pic32c/8.3.1/../../../../pic32c/lib/thumb/v7e-m+fp/hard\liblmalloc-musl.a(lite_malloc.o)
 .debug_str     0x000000000000c7b6      0x3d4 c:/program files/microchip/xc32/v4.40/bin/bin/../../lib/gcc/pic32c/8.3.1/../../../../pic32c/lib/thumb/v7e-m+fp/hard\libc-musl.a(__libc_start_main.o)
 .debug_str     0x000000000000cb8a      0x233 c:/program files/microchip/xc32/v4.40/bin/bin/../../lib/gcc/pic32c/8.3.1/../../../../pic32c/lib/thumb/v7e-m+fp/hard\libc-musl.a(__errno_location.o)
 .debug_str     0x000000000000cdbd      0x33f c:/program files/microchip/xc32/v4.40/bin/bin/../../lib/gcc/pic32c/8.3.1/../../../../pic32c/lib/thumb/v7e-m+fp/hard\libc-musl.a(libc.o)
 .debug_str     0x000000000000d0fc      0x2af c:/program files/microchip/xc32/v4.40/bin/bin/../../lib/gcc/pic32c/8.3.1/../../../../pic32c/lib/thumb/v7e-m+fp/hard\libc-musl.a(expand_heap.o)
 .debug_str     0x000000000000d3ab      0x23f c:/program files/microchip/xc32/v4.40/bin/bin/../../lib/gcc/pic32c/8.3.1/../../../../pic32c/lib/thumb/v7e-m+fp/hard\libc-musl.a(__environ.o)
 .debug_str     0x000000000000d5ea      0x26e c:/program files/microchip/xc32/v4.40/bin/bin/../../lib/gcc/pic32c/8.3.1/../../../../pic32c/lib/thumb/v7e-m+fp/hard\libpic32c.a(sbrk.o)
 .debug_str     0x000000000000d858      0x267 c:/program files/microchip/xc32/v4.40/bin/bin/../../lib/gcc/pic32c/8.3.1/../../../../pic32c/lib/thumb/v7e-m+fp/hard\libpic32c.a(pic32_data_init_clear.o)
 .debug_str     0x000000000000dabf      0x265 c:/program files/microchip/xc32/v4.40/bin/bin/../../lib/gcc/pic32c/8.3.1/../../../../pic32c/lib/thumb/v7e-m+fp/hard\libpic32c.a(pic32_data_init_copy.o)

.debug_frame    0x0000000000000000     0x12e8
 .debug_frame   0x0000000000000000      0x17c build/default/production/_ext/1360937237/config.o
 .debug_frame   0x000000000000017c      0x2a8 build/default/production/_ext/1360937237/security.o
 .debug_frame   0x0000000000000424      0x230 build/default/production/_ext/1360937237/app.o
 .debug_frame   0x0000000000000654       0x28 build/default/production/_ext/1360937237/main.o
 .debug_frame   0x000000000000067c       0x70 build/default/production/_ext/141134496/uart.o
 .debug_frame   0x00000000000006ec       0x84 build/default/production/_ext/141134496/progexec.o
 .debug_frame   0x0000000000000770       0x60 build/default/production/_ext/141134496/crc.o
 .debug_frame   0x00000000000007d0       0xe0 build/default/production/_ext/1865555181/plib_qspi.o
 .debug_frame   0x00000000000008b0       0x70 build/default/production/_ext/1171490990/exceptions.o
 .debug_frame   0x0000000000000920      0x240 build/default/production/_ext/504274921/plib_sercom0_usart.o
 .debug_frame   0x0000000000000b60       0x28 build/default/production/_ext/1171490990/initialization.o
 .debug_frame   0x0000000000000b88       0x20 build/default/production/_ext/60165520/plib_clk.o
 .debug_frame   0x0000000000000ba8       0xa0 build/default/production/_ext/1865254177/plib_gpio.o
 .debug_frame   0x0000000000000c48       0x20 build/default/production/_ext/1986646378/plib_evsys.o
 .debug_frame   0x0000000000000c68       0x7c build/default/production/_ext/1865468468/plib_nvic.o
 .debug_frame   0x0000000000000ce4       0x20 build/default/production/_ext/1171490990/interrupts.o
 .debug_frame   0x0000000000000d04       0x38 build/default/production/_ext/1171490990/startup_xc32.o
 .debug_frame   0x0000000000000d3c      0x180 build/default/production/_ext/60176403/plib_nvm.o
 .debug_frame   0x0000000000000ebc       0x28 build/default/production/_ext/1171490990/tasks.o
 .debug_frame   0x0000000000000ee4       0x28 build/default/production/_ext/659853369/dfu.o
 .debug_frame   0x0000000000000f0c      0x1cc build/default/production/_ext/538277063/drv_sst26.o
 .debug_frame   0x00000000000010d8       0x3c c:/program files/microchip/xc32/v4.40/bin/bin/../../lib/gcc/pic32c/8.3.1/../../../../pic32c/lib/thumb/v7e-m+fp/hard\libpic32c.a(data_init.o)
 .debug_frame   0x0000000000001114       0x2c c:/program files/microchip/xc32/v4.40/bin/bin/../../lib/gcc/pic32c/8.3.1/../../../../pic32c/lib/thumb/v7e-m+fp/hard\libc-size-musl.a(memcpy.o)
 .debug_frame   0x0000000000001140       0x20 c:/program files/microchip/xc32/v4.40/bin/bin/../../lib/gcc/pic32c/8.3.1/../../../../pic32c/lib/thumb/v7e-m+fp/hard\libc-size-musl.a(memset.o)
 .debug_frame   0x0000000000001160       0x5c c:/program files/microchip/xc32/v4.40/bin/bin/../../lib/gcc/pic32c/8.3.1/../../../../pic32c/lib/thumb/v7e-m+fp/hard\liblmalloc-musl.a(lite_free.o)
 .debug_frame   0x00000000000011bc       0x30 c:/program files/microchip/xc32/v4.40/bin/bin/../../lib/gcc/pic32c/8.3.1/../../../../pic32c/lib/thumb/v7e-m+fp/hard\liblmalloc-musl.a(lite_malloc.o)
 .debug_frame   0x00000000000011ec       0x3c c:/program files/microchip/xc32/v4.40/bin/bin/../../lib/gcc/pic32c/8.3.1/../../../../pic32c/lib/thumb/v7e-m+fp/hard\libc-musl.a(__libc_start_main.o)
 .debug_frame   0x0000000000001228       0x28 c:/program files/microchip/xc32/v4.40/bin/bin/../../lib/gcc/pic32c/8.3.1/../../../../pic32c/lib/thumb/v7e-m+fp/hard\libc-musl.a(expand_heap.o)
 .debug_frame   0x0000000000001250       0x50 c:/program files/microchip/xc32/v4.40/bin/bin/../../lib/gcc/pic32c/8.3.1/../../../../pic32c/lib/thumb/v7e-m+fp/hard\libpic32c.a(sbrk.o)
 .debug_frame   0x00000000000012a0       0x20 c:/program files/microchip/xc32/v4.40/bin/bin/../../lib/gcc/pic32c/8.3.1/../../../../pic32c/lib/thumb/v7e-m+fp/hard\libpic32c.a(pic32_data_init_clear.o)
 .debug_frame   0x00000000000012c0       0x28 c:/program files/microchip/xc32/v4.40/bin/bin/../../lib/gcc/pic32c/8.3.1/../../../../pic32c/lib/thumb/v7e-m+fp/hard\libpic32c.a(pic32_data_init_copy.o)

.note.GNU-stack
                0x0000000000000000        0x0
 .note.GNU-stack
                0x0000000000000000        0x0 c:/program files/microchip/xc32/v4.40/bin/bin/../../lib/gcc/pic32c/8.3.1/../../../../pic32c/lib/thumb/v7e-m+fp/hard\libc-size-musl.a(memcpy.o)
 .note.GNU-stack
                0x0000000000000000        0x0 c:/program files/microchip/xc32/v4.40/bin/bin/../../lib/gcc/pic32c/8.3.1/../../../../pic32c/lib/thumb/v7e-m+fp/hard\libc-size-musl.a(memset.o)
 .note.GNU-stack
                0x0000000000000000        0x0 c:/program files/microchip/xc32/v4.40/bin/bin/../../lib/gcc/pic32c/8.3.1/../../../../pic32c/lib/thumb/v7e-m+fp/hard\liblmalloc-musl.a(lite_free.o)
 .note.GNU-stack
                0x0000000000000000        0x0 c:/program files/microchip/xc32/v4.40/bin/bin/../../lib/gcc/pic32c/8.3.1/../../../../pic32c/lib/thumb/v7e-m+fp/hard\liblmalloc-musl.a(lite_malloc.o)
 .note.GNU-stack
                0x0000000000000000        0x0 c:/program files/microchip/xc32/v4.40/bin/bin/../../lib/gcc/pic32c/8.3.1/../../../../pic32c/lib/thumb/v7e-m+fp/hard\libc-musl.a(__libc_start_main.o)
 .note.GNU-stack
                0x0000000000000000        0x0 c:/program files/microchip/xc32/v4.40/bin/bin/../../lib/gcc/pic32c/8.3.1/../../../../pic32c/lib/thumb/v7e-m+fp/hard\libc-musl.a(__errno_location.o)
 .note.GNU-stack
                0x0000000000000000        0x0 c:/program files/microchip/xc32/v4.40/bin/bin/../../lib/gcc/pic32c/8.3.1/../../../../pic32c/lib/thumb/v7e-m+fp/hard\libc-musl.a(libc.o)
 .note.GNU-stack
                0x0000000000000000        0x0 c:/program files/microchip/xc32/v4.40/bin/bin/../../lib/gcc/pic32c/8.3.1/../../../../pic32c/lib/thumb/v7e-m+fp/hard\libc-musl.a(expand_heap.o)
 .note.GNU-stack
                0x0000000000000000        0x0 c:/program files/microchip/xc32/v4.40/bin/bin/../../lib/gcc/pic32c/8.3.1/../../../../pic32c/lib/thumb/v7e-m+fp/hard\libc-musl.a(__environ.o)

.stack          0x000000002000ef98      0x100
 .stack         0x000000002000ef98      0x100 stack

.bss.SERCOM0_USART_ReadBuffer%1
                0x0000000020008000     0x1400
 .bss.SERCOM0_USART_ReadBuffer
                0x0000000020008000     0x1400 build/default/production/_ext/504274921/plib_sercom0_usart.o

.bss.SERCOM0_USART_WriteBuffer%2
                0x0000000020009400     0x1400
 .bss.SERCOM0_USART_WriteBuffer
                0x0000000020009400     0x1400 build/default/production/_ext/504274921/plib_sercom0_usart.o

.bss.row%3      0x000000002000a800      0x200
 .bss.row       0x000000002000a800      0x200 build/default/production/_ext/141134496/progexec.o
                0x000000002000a800                row

.bss%4          0x000000002000aa00       0x50
 .bss           0x000000002000aa00       0x50 c:/program files/microchip/xc32/v4.40/bin/bin/../../lib/gcc/pic32c/8.3.1/../../../../pic32c/lib/thumb/v7e-m+fp/hard\libc-musl.a(libc.o)
                0x000000002000aa00                __progname_full
                0x000000002000aa00                program_invocation_name
                0x000000002000aa04                program_invocation_short_name
                0x000000002000aa04                __progname
                0x000000002000aa08                __sysinfo
                0x000000002000aa0c                __hwcap
                0x000000002000aa10                __libc

.bss.sercom0USARTObj%5
                0x000000002000aa50       0x40
 .bss.sercom0USARTObj
                0x000000002000aa50       0x40 build/default/production/_ext/504274921/plib_sercom0_usart.o

.bss.iCtxEcdsa%6
                0x000000002000aa90       0x20
 .bss.iCtxEcdsa
                0x000000002000aa90       0x20 build/default/production/_ext/1360937237/security.o
                0x000000002000aa90                iCtxEcdsa

.bss%7          0x000000002000aab0       0x1c
 .bss           0x000000002000aab0       0x1c c:/program files/microchip/xc32/v4.40/bin/bin/../../lib/gcc/pic32c/8.3.1/thumb/v7e-m+fp/hard/crtbegin.o

.bss.pe_resp%8  0x000000002000aacc       0x18
 .bss.pe_resp   0x000000002000aacc       0x18 build/default/production/_ext/141134496/progexec.o
                0x000000002000aacc                pe_resp

.bss.Cmd%9      0x000000002000aae4       0x14
 .bss.Cmd       0x000000002000aae4       0x14 build/default/production/_ext/141134496/progexec.o
                0x000000002000aae4                Cmd

.bss.aes_iv%10  0x000000002000aaf8       0x10
 .bss.aes_iv    0x000000002000aaf8       0x10 build/default/production/_ext/1360937237/security.o
                0x000000002000aaf8                aes_iv

.bss.gDrvSST26Obj%11
                0x000000002000ab08       0x10
 .bss.gDrvSST26Obj
                0x000000002000ab08       0x10 build/default/production/_ext/538277063/drv_sst26.o

.bss.qspi_memory_xfer%12
                0x000000002000ab18        0xc
 .bss.qspi_memory_xfer
                0x000000002000ab18        0xc build/default/production/_ext/538277063/drv_sst26.o

.bss%13         0x000000002000ab24        0xc
 .bss           0x000000002000ab24        0xc c:/program files/microchip/xc32/v4.40/bin/bin/../../lib/gcc/pic32c/8.3.1/../../../../pic32c/lib/thumb/v7e-m+fp/hard\libpic32c.a(sbrk.o)
                0x000000002000ab28                _maxbrk
                0x000000002000ab2c                _minbrk

.bss.nvmCallbackObj%14
                0x000000002000ab30        0x8
 .bss.nvmCallbackObj
                0x000000002000ab30        0x8 build/default/production/_ext/60176403/plib_nvm.o

.bss.qspi_command_xfer%15
                0x000000002000ab38        0x6
 .bss.qspi_command_xfer
                0x000000002000ab38        0x6 build/default/production/_ext/538277063/drv_sst26.o

.bss.sst26_hdl%16
                0x000000002000ab40        0x4
 .bss.sst26_hdl
                0x000000002000ab40        0x4 build/default/production/_ext/1360937237/security.o
                0x000000002000ab40                sst26_hdl

.bss.usrmem%17  0x000000002000ab44        0x4
 .bss.usrmem    0x000000002000ab44        0x4 build/default/production/_ext/1360937237/security.o
                0x000000002000ab44                usrmem

.bss.incmd%18   0x000000002000ab48        0x4
 .bss.incmd     0x000000002000ab48        0x4 build/default/production/_ext/141134496/progexec.o
                0x000000002000ab48                incmd

.bss.pe_command%19
                0x000000002000ab4c        0x4
 .bss.pe_command
                0x000000002000ab4c        0x4 build/default/production/_ext/141134496/progexec.o
                0x000000002000ab4c                pe_command

.bss.sysObj%20  0x000000002000ab50        0x4
 .bss.sysObj    0x000000002000ab50        0x4 build/default/production/_ext/1171490990/initialization.o
                0x000000002000ab50                sysObj

.bss%21         0x000000002000ab54        0x4
 .bss           0x000000002000ab54        0x4 c:/program files/microchip/xc32/v4.40/bin/bin/../../lib/gcc/pic32c/8.3.1/../../../../pic32c/lib/thumb/v7e-m+fp/hard\libpic32c.a(data_init.o)

.bss%22         0x000000002000ab58        0x4
 .bss           0x000000002000ab58        0x4 c:/program files/microchip/xc32/v4.40/bin/bin/../../lib/gcc/pic32c/8.3.1/../../../../pic32c/lib/thumb/v7e-m+fp/hard\liblmalloc-musl.a(lite_free.o)
                0x000000002000ab58                __freelist

.bss%23         0x000000002000ab5c        0x4
 .bss           0x000000002000ab5c        0x4 c:/program files/microchip/xc32/v4.40/bin/bin/../../lib/gcc/pic32c/8.3.1/../../../../pic32c/lib/thumb/v7e-m+fp/hard\libc-musl.a(__errno_location.o)
                0x000000002000ab5c                __errno_val

.bss%24         0x000000002000ab60        0x4
 .bss           0x000000002000ab60        0x4 c:/program files/microchip/xc32/v4.40/bin/bin/../../lib/gcc/pic32c/8.3.1/../../../../pic32c/lib/thumb/v7e-m+fp/hard\libc-musl.a(__environ.o)
                0x000000002000ab60                __environ
                0x000000002000ab60                environ
                0x000000002000ab60                ___environ
                0x000000002000ab60                _environ

.bss.qspi_register_xfer%25
                0x000000002000ab64        0x3
 .bss.qspi_register_xfer
                0x000000002000ab64        0x3 build/default/production/_ext/538277063/drv_sst26.o

.bss.crc_tab_val%26
                0x000000002000ab3e        0x2
 .bss.crc_tab_val
                0x000000002000ab3e        0x2 build/default/production/_ext/141134496/crc.o

.bss.appData%27
                0x000000002000ab68        0x1
 .bss.appData   0x000000002000ab68        0x1 build/default/production/_ext/1360937237/app.o
                0x000000002000ab68                appData

.bss.validDecMethods%28
                0x000000002000ab67        0x1
 .bss.validDecMethods
                0x000000002000ab67        0x1 build/default/production/_ext/1360937237/config.o
                0x000000002000ab67                validDecMethods

.bss.validKeyIndex%29
                0x000000002000ab69        0x1
 .bss.validKeyIndex
                0x000000002000ab69        0x1 build/default/production/_ext/1360937237/config.o
                0x000000002000ab69                validKeyIndex

.bss.data_avail%30
                0x000000002000ab6a        0x1
 .bss.data_avail
                0x000000002000ab6a        0x1 build/default/production/_ext/141134496/uart.o
                0x000000002000ab6a                data_avail

.bss.restore_sercom0_hs%31
                0x000000002000ab6b        0x1
 .bss.restore_sercom0_hs
                0x000000002000ab6b        0x1 build/default/production/_ext/1171490990/initialization.o
                0x000000002000ab6b                restore_sercom0_hs

.data.sst26_handle%32
                0x000000002000ab6c        0x4
 .data.sst26_handle
                0x000000002000ab6c        0x4 build/default/production/_ext/1360937237/config.o
                0x000000002000ab6c                sst26_handle

.data.scratch_size%33
                0x000000002000ab70        0x4
 .data.scratch_size
                0x000000002000ab70        0x4 build/default/production/_ext/141134496/progexec.o
                0x000000002000ab70                scratch_size

.data%34        0x000000002000ab74        0x4
 .data          0x000000002000ab74        0x4 c:/program files/microchip/xc32/v4.40/bin/bin/../../lib/gcc/pic32c/8.3.1/../../../../pic32c/lib/thumb/v7e-m+fp/hard\liblmalloc-musl.a(lite_malloc.o)

.eh_frame%z1    0x0000000000000000        0x0
 .eh_frame      0x0000000000000000        0x0 c:/program files/microchip/xc32/v4.40/bin/bin/../../lib/gcc/pic32c/8.3.1/thumb/v7e-m+fp/hard/crtbegin.o

.text.program_exec_main%35
                0x000000000080030c      0x40c
 .text.program_exec_main
                0x000000000080030c      0x40c build/default/production/_ext/141134496/progexec.o
                0x000000000080030c                program_exec_main

.text.LoadandAuthenticate%36
                0x0000000000800718      0x3dc
 .text.LoadandAuthenticate
                0x0000000000800718      0x3dc build/default/production/_ext/1360937237/security.o
                0x0000000000800718                LoadandAuthenticate

.text.CopyFlashImage%37
                0x0000000000800af4      0x364
 .text.CopyFlashImage
                0x0000000000800af4      0x364 build/default/production/_ext/1360937237/app.o
                0x0000000000800af4                CopyFlashImage

.text.ImageAuthentication%38
                0x0000000000800e58      0x218
 .text.ImageAuthentication
                0x0000000000800e58      0x218 build/default/production/_ext/1360937237/security.o
                0x0000000000800e58                ImageAuthentication

.dinit%39       0x0000000000801070      0x180
 .dinit         0x0000000000801070      0x180 data_init

.text.check_images%40
                0x00000000008011f0      0x170
 .text.check_images
                0x00000000008011f0      0x170 build/default/production/_ext/1360937237/app.o
                0x00000000008011f0                check_images

.text.ecdsa_ver_start_flash%41
                0x0000000000801360      0x160
 .text.ecdsa_ver_start_flash
                0x0000000000801360      0x160 build/default/production/_ext/1360937237/security.o
                0x0000000000801360                ecdsa_ver_start_flash

.text.ecdsa_yrecover%42
                0x00000000008014c0      0x150
 .text.ecdsa_yrecover
                0x00000000008014c0      0x150 build/default/production/_ext/1360937237/security.o
                0x00000000008014c0                ecdsa_yrecover

.text.getEncryptedHash%43
                0x0000000000801610      0x128
 .text.getEncryptedHash
                0x0000000000801610      0x128 build/default/production/_ext/1360937237/app.o
                0x0000000000801610                getEncryptedHash

.text.check_ext_flash%44
                0x0000000000801738      0x11c
 .text.check_ext_flash
                0x0000000000801738      0x11c build/default/production/_ext/1360937237/app.o
                0x0000000000801738                check_ext_flash

.text.check_int_flash%45
                0x0000000000801854      0x118
 .text.check_int_flash
                0x0000000000801854      0x118 build/default/production/_ext/1360937237/app.o
                0x0000000000801854                check_int_flash

.text.CLOCK_Initialize%46
                0x000000000080196c      0x104
 .text.CLOCK_Initialize
                0x000000000080196c      0x104 build/default/production/_ext/60165520/plib_clk.o
                0x000000000080196c                CLOCK_Initialize

.text.validMetaHeader%47
                0x0000000000801a70       0xf4
 .text.validMetaHeader
                0x0000000000801a70       0xf4 build/default/production/_ext/1360937237/security.o
                0x0000000000801a70                validMetaHeader

.text.IMG_MEM_AuthenticateHeaderStart_flash%48
                0x0000000000801b64       0xf0
 .text.IMG_MEM_AuthenticateHeaderStart_flash
                0x0000000000801b64       0xf0 build/default/production/_ext/1360937237/security.o
                0x0000000000801b64                IMG_MEM_AuthenticateHeaderStart_flash

.text.saveEncryptedHash%49
                0x0000000000801c54       0xe6
 .text.saveEncryptedHash
                0x0000000000801c54       0xe6 build/default/production/_ext/1360937237/app.o
                0x0000000000801c54                saveEncryptedHash

.text.SERCOM0_USART_Write%50
                0x0000000000801d3c       0xd8
 .text.SERCOM0_USART_Write
                0x0000000000801d3c       0xd8 build/default/production/_ext/504274921/plib_sercom0_usart.o
                0x0000000000801d3c                SERCOM0_USART_Write

.text.SERCOM0_USART_ISR_RX_Handler%51
                0x0000000000801e14       0xb8
 .text.SERCOM0_USART_ISR_RX_Handler
                0x0000000000801e14       0xb8 build/default/production/_ext/504274921/plib_sercom0_usart.o

.text.SERCOM0_USART_ISR_TX_Handler%52
                0x0000000000801ecc       0xa8
 .text.SERCOM0_USART_ISR_TX_Handler
                0x0000000000801ecc       0xa8 build/default/production/_ext/504274921/plib_sercom0_usart.o

.text.DRV_SST26_Open%53
                0x0000000000801f74       0xa4
 .text.DRV_SST26_Open
                0x0000000000801f74       0xa4 build/default/production/_ext/538277063/drv_sst26.o
                0x0000000000801f74                DRV_SST26_Open

.text.Reset_Handler%54
                0x0000000000802018       0x88
 .text.Reset_Handler
                0x0000000000802018       0x88 build/default/production/_ext/1171490990/startup_xc32.o
                0x0000000000802018                Reset_Handler

.rodata.CopyFlashImage.str1.4%55
                0x00000000008020a0       0x84
 .rodata.CopyFlashImage.str1.4
                0x00000000008020a0       0x84 build/default/production/_ext/1360937237/app.o

.rodata.check_images.str1.4%56
                0x0000000000802124       0x84
 .rodata.check_images.str1.4
                0x0000000000802124       0x84 build/default/production/_ext/1360937237/app.o

.text.SERCOM0_USART_Read%57
                0x00000000008021a8       0x84
 .text.SERCOM0_USART_Read
                0x00000000008021a8       0x84 build/default/production/_ext/504274921/plib_sercom0_usart.o
                0x00000000008021a8                SERCOM0_USART_Read

.text.__simple_search_fl%58
                0x000000000080222c       0x84
 .text.__simple_search_fl
                0x000000000080222c       0x84 c:/program files/microchip/xc32/v4.40/bin/bin/../../lib/gcc/pic32c/8.3.1/../../../../pic32c/lib/thumb/v7e-m+fp/hard\liblmalloc-musl.a(lite_free.o)
                0x000000000080222c                __simple_search_fl

.text.aes_cbc_decrpyt%59
                0x00000000008022b0       0x80
 .text.aes_cbc_decrpyt
                0x00000000008022b0       0x80 build/default/production/_ext/1360937237/security.o
                0x00000000008022b0                aes_cbc_decrpyt

.text.SERCOM0_USART_Initialize%60
                0x0000000000802330       0x80
 .text.SERCOM0_USART_Initialize
                0x0000000000802330       0x80 build/default/production/_ext/504274921/plib_sercom0_usart.o
                0x0000000000802330                SERCOM0_USART_Initialize

.text.SYS_Initialize%61
                0x00000000008023b0       0x80
 .text.SYS_Initialize
                0x00000000008023b0       0x80 build/default/production/_ext/1171490990/initialization.o
                0x00000000008023b0                SYS_Initialize

.text.SST_WriteData%62
                0x0000000000802430       0x7c
 .text.SST_WriteData
                0x0000000000802430       0x7c build/default/production/_ext/1360937237/config.o
                0x0000000000802430                SST_WriteData

.rodata.check_ext_flash.str1.4%63
                0x00000000008024ac       0x7c
 .rodata.check_ext_flash.str1.4
                0x00000000008024ac       0x7c build/default/production/_ext/1360937237/app.o

.text.QSPI_MemoryRead%64
                0x0000000000802528       0x7c
 .text.QSPI_MemoryRead
                0x0000000000802528       0x7c build/default/production/_ext/1865555181/plib_qspi.o
                0x0000000000802528                QSPI_MemoryRead

.text.QSPI_MemoryWrite%65
                0x00000000008025a4       0x7c
 .text.QSPI_MemoryWrite
                0x00000000008025a4       0x7c build/default/production/_ext/1865555181/plib_qspi.o
                0x00000000008025a4                QSPI_MemoryWrite

.text.APP_Tasks%66
                0x0000000000802620       0x78
 .text.APP_Tasks
                0x0000000000802620       0x78 build/default/production/_ext/1360937237/app.o
                0x0000000000802620                APP_Tasks

.rodata.imgMems%67
                0x0000000000802698       0x68
 .rodata.imgMems
                0x0000000000802698       0x68 build/default/production/_ext/1360937237/config.o
                0x0000000000802698                imgMems

.text.validEXTHeader%68
                0x0000000000802700       0x60
 .text.validEXTHeader
                0x0000000000802700       0x60 build/default/production/_ext/1360937237/app.o
                0x0000000000802700                validEXTHeader

.text.__simple_malloc%69
                0x0000000000802760       0x60
 .text.__simple_malloc
                0x0000000000802760       0x60 c:/program files/microchip/xc32/v4.40/bin/bin/../../lib/gcc/pic32c/8.3.1/../../../../pic32c/lib/thumb/v7e-m+fp/hard\liblmalloc-musl.a(lite_malloc.o)
                0x0000000000802760                __malloc0
                0x0000000000802760                __simple_malloc
                0x0000000000802760                malloc

.text.Flash_WriteData%70
                0x00000000008027c0       0x5c
 .text.Flash_WriteData
                0x00000000008027c0       0x5c build/default/production/_ext/1360937237/config.o
                0x00000000008027c0                Flash_WriteData

.text.minimum_seq%71
                0x000000000080281c       0x5c
 .text.minimum_seq
                0x000000000080281c       0x5c build/default/production/_ext/1360937237/app.o
                0x000000000080281c                minimum_seq

.text.NVIC_Initialize%72
                0x0000000000802878       0x5c
 .text.NVIC_Initialize
                0x0000000000802878       0x5c build/default/production/_ext/1865468468/plib_nvic.o
                0x0000000000802878                NVIC_Initialize

.text.__libc_start_init%73
                0x00000000008028d4       0x5c
 .text.__libc_start_init
                0x00000000008028d4       0x5c c:/program files/microchip/xc32/v4.40/bin/bin/../../lib/gcc/pic32c/8.3.1/../../../../pic32c/lib/thumb/v7e-m+fp/hard\libc-musl.a(__libc_start_main.o)
                0x00000000008028d4                __libc_init_array

.text.ecdsa_get_status_flash%74
                0x0000000000802930       0x58
 .text.ecdsa_get_status_flash
                0x0000000000802930       0x58 build/default/production/_ext/1360937237/security.o
                0x0000000000802930                ecdsa_get_status_flash

.text.NullCheck%75
                0x0000000000802988       0x58
 .text.NullCheck
                0x0000000000802988       0x58 build/default/production/_ext/1360937237/security.o
                0x0000000000802988                NullCheck

.text.SERCOM0_USART_InterruptHandler%76
                0x00000000008029e0       0x58
 .text.SERCOM0_USART_InterruptHandler
                0x00000000008029e0       0x58 build/default/production/_ext/504274921/plib_sercom0_usart.o
                0x00000000008029e0                SERCOM0_USART_InterruptHandler

.rodata.check_int_flash.str1.4%77
                0x0000000000802a38       0x54
 .rodata.check_int_flash.str1.4
                0x0000000000802a38       0x54 build/default/production/_ext/1360937237/app.o

.text.UART_Read%78
                0x0000000000802a8c       0x54
 .text.UART_Read
                0x0000000000802a8c       0x54 build/default/production/_ext/141134496/uart.o
                0x0000000000802a8c                UART_Read

.text.Crc32Init%79
                0x0000000000802ae0       0x54
 .text.Crc32Init
                0x0000000000802ae0       0x54 build/default/production/_ext/141134496/crc.o
                0x0000000000802ae0                Crc32Init

.text.QSPI_RegisterRead%80
                0x0000000000802b34       0x54
 .text.QSPI_RegisterRead
                0x0000000000802b34       0x54 build/default/production/_ext/1865555181/plib_qspi.o
                0x0000000000802b34                QSPI_RegisterRead

.text.DRV_SST26_PageWrite%81
                0x0000000000802b88       0x54
 .text.DRV_SST26_PageWrite
                0x0000000000802b88       0x54 build/default/production/_ext/538277063/drv_sst26.o
                0x0000000000802b88                DRV_SST26_PageWrite

.text.qspi_setup_transfer%82
                0x0000000000802bdc       0x52
 .text.qspi_setup_transfer
                0x0000000000802bdc       0x52 build/default/production/_ext/1865555181/plib_qspi.o

.text.SST_EraseSector%83
                0x0000000000802c30       0x50
 .text.SST_EraseSector
                0x0000000000802c30       0x50 build/default/production/_ext/1360937237/config.o
                0x0000000000802c30                SST_EraseSector

.text.ExtractBootKeyX%84
                0x0000000000802c80       0x50
 .text.ExtractBootKeyX
                0x0000000000802c80       0x50 build/default/production/_ext/1360937237/security.o
                0x0000000000802c80                ExtractBootKeyX

.text.SecurityStatusGet%85
                0x0000000000802cd0       0x50
 .text.SecurityStatusGet
                0x0000000000802cd0       0x50 build/default/production/_ext/1360937237/security.o
                0x0000000000802cd0                SecurityStatusGet

.text.ApplicationTransition%86
                0x0000000000802d20       0x50
 .text.ApplicationTransition
                0x0000000000802d20       0x50 build/default/production/_ext/1360937237/app.o
                0x0000000000802d20                ApplicationTransition

.text.QSPI_RegisterWrite%87
                0x0000000000802d70       0x4c
 .text.QSPI_RegisterWrite
                0x0000000000802d70       0x4c build/default/production/_ext/1865555181/plib_qspi.o
                0x0000000000802d70                QSPI_RegisterWrite

.text.SERCOM0_USART_ISR_ERR_Handler%88
                0x0000000000802dbc       0x4c
 .text.SERCOM0_USART_ISR_ERR_Handler
                0x0000000000802dbc       0x4c build/default/production/_ext/504274921/plib_sercom0_usart.o

.text.__pic32c_data_initialization%89
                0x0000000000802e08       0x4c
 .text.__pic32c_data_initialization
                0x0000000000802e08       0x4c c:/program files/microchip/xc32/v4.40/bin/bin/../../lib/gcc/pic32c/8.3.1/../../../../pic32c/lib/thumb/v7e-m+fp/hard\libpic32c.a(data_init.o)
                0x0000000000802e08                __pic32c_data_initialization

.text.checkImgHeader%90
                0x0000000000802e54       0x44
 .text.checkImgHeader
                0x0000000000802e54       0x44 build/default/production/_ext/1360937237/app.o
                0x0000000000802e54                checkImgHeader

.text.DRV_SST26_TransferStatusGet%91
                0x0000000000802e98       0x44
 .text.DRV_SST26_TransferStatusGet
                0x0000000000802e98       0x44 build/default/production/_ext/538277063/drv_sst26.o
                0x0000000000802e98                DRV_SST26_TransferStatusGet

.text.__simple_free%92
                0x0000000000802edc       0x44
 .text.__simple_free
                0x0000000000802edc       0x44 c:/program files/microchip/xc32/v4.40/bin/bin/../../lib/gcc/pic32c/8.3.1/../../../../pic32c/lib/thumb/v7e-m+fp/hard\liblmalloc-musl.a(lite_free.o)
                0x0000000000802edc                __simple_free
                0x0000000000802edc                free
                0x0000000000802edc                __free0

.text.NullCheckWrap%93
                0x0000000000802f20       0x42
 .text.NullCheckWrap
                0x0000000000802f20       0x42 build/default/production/_ext/1360937237/security.o

.text%94        0x0000000000802f64       0x40
 .text          0x0000000000802f64       0x40 c:/program files/microchip/xc32/v4.40/bin/bin/../../lib/gcc/pic32c/8.3.1/thumb/v7e-m+fp/hard/crtbegin.o

.rodata.validKeyTypes%95
                0x0000000000802fa4       0x40
 .rodata.validKeyTypes
                0x0000000000802fa4       0x40 build/default/production/_ext/1360937237/config.o
                0x0000000000802fa4                validKeyTypes

.text.QSPI_CommandWrite%96
                0x0000000000802fe4       0x3e
 .text.QSPI_CommandWrite
                0x0000000000802fe4       0x3e build/default/production/_ext/1865555181/plib_qspi.o
                0x0000000000802fe4                QSPI_CommandWrite

.text.DRV_SST26_Erase%97
                0x0000000000803024       0x3c
 .text.DRV_SST26_Erase
                0x0000000000803024       0x3c build/default/production/_ext/538277063/drv_sst26.o

.text.DRV_SST26_UnlockFlash%98
                0x0000000000803060       0x3c
 .text.DRV_SST26_UnlockFlash
                0x0000000000803060       0x3c build/default/production/_ext/538277063/drv_sst26.o
                0x0000000000803060                DRV_SST26_UnlockFlash

.text.get_crc16%99
                0x000000000080309c       0x3a
 .text.get_crc16
                0x000000000080309c       0x3a build/default/production/_ext/1360937237/security.o
                0x000000000080309c                get_crc16

.text.Flash_EraseSector%100
                0x00000000008030d8       0x38
 .text.Flash_EraseSector
                0x00000000008030d8       0x38 build/default/production/_ext/1360937237/config.o
                0x00000000008030d8                Flash_EraseSector

.text.Crc32Add%101
                0x0000000000803110       0x38
 .text.Crc32Add
                0x0000000000803110       0x38 build/default/production/_ext/141134496/crc.o
                0x0000000000803110                Crc32Add

.text.DRV_SST26_Read%102
                0x0000000000803148       0x38
 .text.DRV_SST26_Read
                0x0000000000803148       0x38 build/default/production/_ext/538277063/drv_sst26.o
                0x0000000000803148                DRV_SST26_Read

.text.SST_ReadData%103
                0x0000000000803180       0x34
 .text.SST_ReadData
                0x0000000000803180       0x34 build/default/production/_ext/1360937237/config.o
                0x0000000000803180                SST_ReadData

.text.rom_memcmp%104
                0x00000000008031b4       0x34
 .text.rom_memcmp
                0x00000000008031b4       0x34 build/default/production/_ext/1360937237/security.o
                0x00000000008031b4                rom_memcmp

.text.crc16%105
                0x00000000008031e8       0x34
 .text.crc16    0x00000000008031e8       0x34 build/default/production/_ext/1360937237/security.o
                0x00000000008031e8                crc16

.text.FindItem%106
                0x000000000080321c       0x32
 .text.FindItem
                0x000000000080321c       0x32 build/default/production/_ext/1360937237/security.o
                0x000000000080321c                FindItem

.text.getDeviceTop%107
                0x000000000080324e       0x32
 .text.getDeviceTop
                0x000000000080324e       0x32 build/default/production/_ext/141134496/progexec.o

.text.NVM_StartOperationAtAddress%108
                0x0000000000803280       0x30
 .text.NVM_StartOperationAtAddress
                0x0000000000803280       0x30 build/default/production/_ext/60176403/plib_nvm.o

.text.DRV_SST26_ReadJedecId%109
                0x00000000008032b0       0x30
 .text.DRV_SST26_ReadJedecId
                0x00000000008032b0       0x30 build/default/production/_ext/538277063/drv_sst26.o
                0x00000000008032b0                DRV_SST26_ReadJedecId

.text.DRV_SST26_ReadStatus%110
                0x00000000008032e0       0x30
 .text.DRV_SST26_ReadStatus
                0x00000000008032e0       0x30 build/default/production/_ext/538277063/drv_sst26.o
                0x00000000008032e0                DRV_SST26_ReadStatus

.text._sbrk_init%111
                0x0000000000803310       0x30
 .text._sbrk_init
                0x0000000000803310       0x30 c:/program files/microchip/xc32/v4.40/bin/bin/../../lib/gcc/pic32c/8.3.1/../../../../pic32c/lib/thumb/v7e-m+fp/hard\libpic32c.a(sbrk.o)

.text.delay%112
                0x0000000000803340       0x2e
 .text.delay    0x0000000000803340       0x2e build/default/production/_ext/1360937237/config.o
                0x0000000000803340                delay

.text.DRV_SST26_Initialize%113
                0x0000000000803370       0x2c
 .text.DRV_SST26_Initialize
                0x0000000000803370       0x2c build/default/production/_ext/538277063/drv_sst26.o
                0x0000000000803370                DRV_SST26_Initialize

.text._sbrk%114
                0x000000000080339c       0x2c
 .text._sbrk    0x000000000080339c       0x2c c:/program files/microchip/xc32/v4.40/bin/bin/../../lib/gcc/pic32c/8.3.1/../../../../pic32c/lib/thumb/v7e-m+fp/hard\libpic32c.a(sbrk.o)
                0x000000000080339c                _sbrk

.text.read_from_scratch%115
                0x00000000008033c8       0x2a
 .text.read_from_scratch
                0x00000000008033c8       0x2a build/default/production/_ext/141134496/progexec.o

.text.SST_Initialize%116
                0x00000000008033f4       0x28
 .text.SST_Initialize
                0x00000000008033f4       0x28 build/default/production/_ext/1360937237/config.o
                0x00000000008033f4                SST_Initialize

.text.NVM_QuadWordWrite%117
                0x000000000080341c       0x28
 .text.NVM_QuadWordWrite
                0x000000000080341c       0x28 build/default/production/_ext/60176403/plib_nvm.o
                0x000000000080341c                NVM_QuadWordWrite

.text.QSPI_Initialize%118
                0x0000000000803444       0x24
 .text.QSPI_Initialize
                0x0000000000803444       0x24 build/default/production/_ext/1865555181/plib_qspi.o
                0x0000000000803444                QSPI_Initialize

.text.NVM_WriteUnlockSequence%119
                0x0000000000803468       0x24
 .text.NVM_WriteUnlockSequence
                0x0000000000803468       0x24 build/default/production/_ext/60176403/plib_nvm.o

.text.DRV_SST26_WriteEnable%120
                0x000000000080348c       0x24
 .text.DRV_SST26_WriteEnable
                0x000000000080348c       0x24 build/default/production/_ext/538277063/drv_sst26.o

.text.SST_ReadJedecId%121
                0x00000000008034b0       0x20
 .text.SST_ReadJedecId
                0x00000000008034b0       0x20 build/default/production/_ext/1360937237/config.o
                0x00000000008034b0                SST_ReadJedecId

.rodata.slots512kFlash%122
                0x00000000008034d0       0x20
 .rodata.slots512kFlash
                0x00000000008034d0       0x20 build/default/production/_ext/1360937237/config.o
                0x00000000008034d0                slots512kFlash

.rodata.slotsSST26Flash%123
                0x00000000008034f0       0x20
 .rodata.slotsSST26Flash
                0x00000000008034f0       0x20 build/default/production/_ext/1360937237/config.o
                0x00000000008034f0                slotsSST26Flash

.text.UART_Init%124
                0x0000000000803510       0x20
 .text.UART_Init
                0x0000000000803510       0x20 build/default/production/_ext/141134496/uart.o
                0x0000000000803510                UART_Init

.text._get_heap_left_space%125
                0x0000000000803530       0x20
 .text._get_heap_left_space
                0x0000000000803530       0x20 c:/program files/microchip/xc32/v4.40/bin/bin/../../lib/gcc/pic32c/8.3.1/../../../../pic32c/lib/thumb/v7e-m+fp/hard\libpic32c.a(sbrk.o)
                0x0000000000803530                _get_heap_left_space

.text.start_dfu%126
                0x0000000000803550       0x1e
 .text.start_dfu
                0x0000000000803550       0x1e build/default/production/_ext/1360937237/app.o
                0x0000000000803550                start_dfu

.text.__dinit_copy%127
                0x000000000080356e       0x1e
 .text.__dinit_copy
                0x000000000080356e       0x1e c:/program files/microchip/xc32/v4.40/bin/bin/../../lib/gcc/pic32c/8.3.1/../../../../pic32c/lib/thumb/v7e-m+fp/hard\libpic32c.a(pic32_data_init_copy.o)
                0x000000000080356e                __dinit_copy_needed
                0x000000000080356e                __dinit_copy

.text.rom_memcpy32%128
                0x000000000080358c       0x1c
 .text.rom_memcpy32
                0x000000000080358c       0x1c build/default/production/_ext/1360937237/security.o
                0x000000000080358c                rom_memcpy32

.text.memcpy%129
                0x00000000008035a8       0x1c
 .text.memcpy   0x00000000008035a8       0x1c c:/program files/microchip/xc32/v4.40/bin/bin/../../lib/gcc/pic32c/8.3.1/../../../../pic32c/lib/thumb/v7e-m+fp/hard\libc-size-musl.a(memcpy.o)
                0x00000000008035a8                memcpy

.text.rom_memcpy%130
                0x00000000008035c4       0x18
 .text.rom_memcpy
                0x00000000008035c4       0x18 build/default/production/_ext/1360937237/security.o
                0x00000000008035c4                rom_memcpy

.text.qspi_memcpy_8bit%131
                0x00000000008035dc       0x18
 .text.qspi_memcpy_8bit
                0x00000000008035dc       0x18 build/default/production/_ext/1865555181/plib_qspi.o

.text.SERCOM0_USART_WritePendingBytesGet%132
                0x00000000008035f4       0x18
 .text.SERCOM0_USART_WritePendingBytesGet
                0x00000000008035f4       0x18 build/default/production/_ext/504274921/plib_sercom0_usart.o

.text.SERCOM0_USART_ReadCountGet%133
                0x000000000080360c       0x18
 .text.SERCOM0_USART_ReadCountGet
                0x000000000080360c       0x18 build/default/production/_ext/504274921/plib_sercom0_usart.o
                0x000000000080360c                SERCOM0_USART_ReadCountGet

.text.SERCOM0_USART_ReadNotificationEnable%134
                0x0000000000803624       0x18
 .text.SERCOM0_USART_ReadNotificationEnable
                0x0000000000803624       0x18 build/default/production/_ext/504274921/plib_sercom0_usart.o
                0x0000000000803624                SERCOM0_USART_ReadNotificationEnable

.text.NVM_InterruptHandler%135
                0x000000000080363c       0x18
 .text.NVM_InterruptHandler
                0x000000000080363c       0x18 build/default/production/_ext/60176403/plib_nvm.o
                0x000000000080363c                NVM_InterruptHandler

.text.DRV_SST26_Close%136
                0x0000000000803654       0x18
 .text.DRV_SST26_Close
                0x0000000000803654       0x18 build/default/production/_ext/538277063/drv_sst26.o
                0x0000000000803654                DRV_SST26_Close

.text.__init_search_fl%137
                0x000000000080366c       0x18
 .text.__init_search_fl
                0x000000000080366c       0x18 c:/program files/microchip/xc32/v4.40/bin/bin/../../lib/gcc/pic32c/8.3.1/../../../../pic32c/lib/thumb/v7e-m+fp/hard\liblmalloc-musl.a(lite_free.o)
                0x000000000080366c                __init_search_fl

.text.IMG_MEM_FindValidTopologies%138
                0x0000000000803684       0x16
 .text.IMG_MEM_FindValidTopologies
                0x0000000000803684       0x16 build/default/production/_ext/1360937237/app.o
                0x0000000000803684                IMG_MEM_FindValidTopologies

.text.__expand_heap%139
                0x000000000080369a       0x16
 .text.__expand_heap
                0x000000000080369a       0x16 c:/program files/microchip/xc32/v4.40/bin/bin/../../lib/gcc/pic32c/8.3.1/../../../../pic32c/lib/thumb/v7e-m+fp/hard\libc-musl.a(expand_heap.o)
                0x000000000080369a                __expand_heap

.rodata.flashInterface%140
                0x00000000008036b0       0x14
 .rodata.flashInterface
                0x00000000008036b0       0x14 build/default/production/_ext/1360937237/config.o
                0x00000000008036b0                flashInterface

.rodata.sst26Interface%141
                0x00000000008036c4       0x14
 .rodata.sst26Interface
                0x00000000008036c4       0x14 build/default/production/_ext/1360937237/config.o
                0x00000000008036c4                sst26Interface

.text.rom_memset32%142
                0x00000000008036d8       0x14
 .text.rom_memset32
                0x00000000008036d8       0x14 build/default/production/_ext/1360937237/security.o
                0x00000000008036d8                rom_memset32

.text.SERCOM0_USART_WriteFreeBufferCountGet%143
                0x00000000008036ec       0x14
 .text.SERCOM0_USART_WriteFreeBufferCountGet
                0x00000000008036ec       0x14 build/default/production/_ext/504274921/plib_sercom0_usart.o
                0x00000000008036ec                SERCOM0_USART_WriteFreeBufferCountGet

.rodata.drvSST26PlibAPI%144
                0x0000000000803700       0x14
 .rodata.drvSST26PlibAPI
                0x0000000000803700       0x14 build/default/production/_ext/1171490990/initialization.o

.text.NVM_Initialize%145
                0x0000000000803714       0x14
 .text.NVM_Initialize
                0x0000000000803714       0x14 build/default/production/_ext/60176403/plib_nvm.o
                0x0000000000803714                NVM_Initialize

.text.DRV_SST26_SectorErase%146
                0x0000000000803728       0x14
 .text.DRV_SST26_SectorErase
                0x0000000000803728       0x14 build/default/production/_ext/538277063/drv_sst26.o
                0x0000000000803728                DRV_SST26_SectorErase

.rodata%147     0x000000000080373c       0x14
 .rodata        0x000000000080373c       0x14 c:/program files/microchip/xc32/v4.40/bin/bin/../../lib/gcc/pic32c/8.3.1/../../../../pic32c/lib/thumb/v7e-m+fp/hard\libpic32c.a(data_init.o)

.text.memset%148
                0x0000000000803750       0x14
 .text.memset   0x0000000000803750       0x14 c:/program files/microchip/xc32/v4.40/bin/bin/../../lib/gcc/pic32c/8.3.1/../../../../pic32c/lib/thumb/v7e-m+fp/hard\libc-size-musl.a(memset.o)
                0x0000000000803750                memset

.text.__dinit_clear%149
                0x0000000000803764       0x12
 .text.__dinit_clear
                0x0000000000803764       0x12 c:/program files/microchip/xc32/v4.40/bin/bin/../../lib/gcc/pic32c/8.3.1/../../../../pic32c/lib/thumb/v7e-m+fp/hard\libpic32c.a(pic32_data_init_clear.o)
                0x0000000000803764                __dinit_clear
                0x0000000000803764                __dinit_clear_needed

.text.rom_memset%150
                0x0000000000803778       0x10
 .text.rom_memset