Archive member included to satisfy reference by file (symbol)

..\src\config\default\ble\lib\ble_stack_bz3_lib.a(ble_gap_adv.o)
                              build/default/production/_ext/1074542781/app_ble.o (BLE_GAP_SetAdvData)
..\src\config\default\ble\lib\ble_stack_bz3_lib.a(ble_gap_conn.o)
                              build/default/production/_ext/481755623/ble_dm_conn.o (BLE_GAP_UpdateConnParam)
..\src\config\default\ble\lib\ble_stack_bz3_lib.a(ble_gap_connp.o)
                              build/default/production/_ext/481755623/ble_dm_sm.o (BLE_GAP_EncInfoReqNegativeReply)
..\src\config\default\ble\lib\ble_stack_bz3_lib.a(ble_gap_main.o)
                              ..\src\config\default\ble\lib\ble_stack_bz3_lib.a(ble_gap_adv.o) (gp_bleGapCtrl)
..\src\config\default\ble\lib\ble_stack_bz3_lib.a(ble_l2cap_main.o)
                              build/default/production/_ext/1074542781/app_ble.o (BLE_L2CAP_Init)
..\src\config\default\ble\lib\ble_stack_bz3_lib.a(ble_smp_main.o)
                              build/default/production/_ext/1074542781/app_ble.o (BLE_SMP_Init)
..\src\config\default\ble\lib\ble_stack_bz3_lib.a(ble_smp_passkey.o)
                              ..\src\config\default\ble\lib\ble_stack_bz3_lib.a(ble_smp_main.o) (ble_smp_ApiPasskeyReply)
..\src\config\default\ble\lib\ble_stack_bz3_lib.a(gap_main.o)
                              ..\src\config\default\ble\lib\ble_stack_bz3_lib.a(ble_gap_main.o) (g_gapCtrl)
..\src\config\default\ble\lib\ble_stack_bz3_lib.a(gatts_main.o)
                              build/default/production/_ext/1074542781/app_ble.o (GATTS_Init)
..\src\config\default\ble\lib\ble_stack_bz3_lib.a(gatts_read.o)
                              ..\src\config\default\ble\lib\ble_stack_bz3_lib.a(gatts_main.o) (gatts_ProcFindInformationRequest)
..\src\config\default\ble\lib\ble_stack_bz3_lib.a(gatts_service_mgr.o)
                              ..\src\config\default\ble\lib\ble_stack_bz3_lib.a(gatts_main.o) (gatts_CheckServiceChangeStatus)
..\src\config\default\ble\lib\ble_stack_bz3_lib.a(gatts_write.o)
                              ..\src\config\default\ble\lib\ble_stack_bz3_lib.a(gatts_main.o) (gatts_ProcWriteReq)
..\src\config\default\ble\lib\ble_stack_bz3_lib.a(gas_svc.o)
                              ..\src\config\default\ble\lib\ble_stack_bz3_lib.a(gatts_main.o) (GAS_Add)
..\src\config\default\ble\lib\ble_stack_bz3_lib.a(host_hci_le_adv.o)
                              ..\src\config\default\ble\lib\ble_stack_bz3_lib.a(ble_gap_adv.o) (HOST_HCI_SetAdvertisingData)
..\src\config\default\ble\lib\ble_stack_bz3_lib.a(host_hci_le_conn.o)
                              ..\src\config\default\ble\lib\ble_stack_bz3_lib.a(ble_gap_conn.o) (HOST_HCI_UpdateConnParam)
..\src\config\default\ble\lib\ble_stack_bz3_lib.a(host_hci_le_connp.o)
                              ..\src\config\default\ble\lib\ble_stack_bz3_lib.a(ble_gap_connp.o) (HOST_HCI_LongTermKeyReqNegativeReply)
..\src\config\default\ble\lib\ble_stack_bz3_lib.a(host_hci_le_main.o)
                              ..\src\config\default\ble\lib\ble_stack_bz3_lib.a(ble_gap_main.o) (HOST_HCI_SetLeEventMask)
..\src\config\default\ble\lib\ble_stack_bz3_lib.a(host_hci_main.o)
                              ..\src\config\default\ble\lib\ble_stack_bz3_lib.a(ble_gap_main.o) (HOST_HCI_ReadBtAddr)
..\src\config\default\ble\lib\ble_stack_bz3_lib.a(host_hci_core.o)
                              ..\src\config\default\ble\lib\ble_stack_bz3_lib.a(gap_main.o) (HOST_HCI_EventRegister)
..\src\config\default\ble\lib\ble_stack_bz3_lib.a(l2cap_main.o)
                              ..\src\config\default\ble\lib\ble_stack_bz3_lib.a(ble_l2cap_main.o) (gp_l2capCtrl)
..\src\config\default\ble\lib\ble_stack_bz3_lib.a(sec_aes.o)
                              ..\src\config\default\ble\lib\ble_stack_bz3_lib.a(ble_smp_passkey.o) (SEC_AES_Cmac)
..\src\config\default\ble\lib\ble_stack_bz3_lib.a(stack_mgr.o)
                              ..\src\config\default\ble\lib\ble_stack_bz3_lib.a(ble_gap_main.o) (STACK_ApiRegister)
..\src\config\default\ble\lib\ble_stack_bz3_lib.a(stack_queue.o)
                              ..\src\config\default\ble\lib\ble_stack_bz3_lib.a(gatts_main.o) (QUEUE_Push)
..\src\config\default\ble\lib\ble_stack_bz3_lib.a(bt_sys_init.o)
                              build/default/production/_ext/1171490990/initialization.o (BT_SYS_Init)
..\src\config\default\ble\lib\ble_stack_bz3_lib.a(bt_sys_db.o)
                              ..\src\config\default\ble\lib\ble_stack_bz3_lib.a(host_hci_main.o) (BT_SYS_GetDevAddr)
..\src\config\default\ble\lib\ble_stack_bz3_lib.a(bt_sys_cm_mem.o)
                              ..\src\config\default\ble\lib\ble_stack_bz3_lib.a(bt_sys_init.o) (BT_SYS_CmMemInit)
..\src\config\default\ble\lib\ble_stack_bz3_lib.a(bt_sys_msg.o)
                              ..\src\config\default\ble\lib\ble_stack_bz3_lib.a(bt_sys_init.o) (BT_SYS_MsgInit)
..\src\config\default\ble\lib\ble_stack_bz3_lib.a(bt_sys_task.o)
[...]
Memory Configuration

Name             Origin             Length             Attributes
rom              0x0000000001000200 0x000000000007be00 xrl
pds              0x000000000107c000 0x0000000000004000 xr
bkupram          0x0000000020000000 0x0000000000000268
ram              0x0000000020000268 0x0000000000017d98 xw !r
config_D0045F88  0x00000000d0045f88 0x0000000000000004
config_D0045F8C  0x00000000d0045f8c 0x0000000000000004
config_D0045F90  0x00000000d0045f90 0x0000000000000004
config_D0045F94  0x00000000d0045f94 0x0000000000000004
config_D0045F98  0x00000000d0045f98 0x0000000000000004
*default*        0x0000000000000000 0xffffffffffffffff

Linker script and memory map

LOAD c:/program files/microchip/xc32/v4.40/bin/bin/../../lib/gcc/pic32c/8.3.1/thumb/v7e-m+fp/hard/crti.o
LOAD c:/program files/microchip/xc32/v4.40/bin/bin/../../lib/gcc/pic32c/8.3.1/thumb/v7e-m+fp/hard/crtbegin.o
LOAD build/default/production/_ext/1074542781/app_ble_handler.o
LOAD build/default/production/_ext/1074542781/app_ble.o
LOAD build/default/production/_ext/1074542781/app_ble_utility.o
LOAD build/default/production/_ext/1360937237/app.o
LOAD build/default/production/_ext/1360937237/app_idle_task.o
LOAD build/default/production/_ext/1360937237/main.o
LOAD build/default/production/_ext/1360937237/app_user_edits.o
LOAD build/default/production/_ext/1171490990/tasks.o
LOAD build/default/production/_ext/1865254177/plib_gpio.o
LOAD build/default/production/_ext/1171490990/initialization.o
LOAD build/default/production/_ext/1529399856/osal_freertos_extend.o
LOAD build/default/production/_ext/1665200909/heap_4.o
LOAD build/default/production/_ext/1865131932/plib_cmcc.o
LOAD build/default/production/_ext/1171490990/exceptions.o
LOAD build/default/production/_ext/404212886/timers.o
LOAD build/default/production/_ext/481755623/ble_dm_dds.o
LOAD build/default/production/_ext/246609638/port.o
LOAD build/default/production/_ext/1986646378/plib_evsys.o
LOAD build/default/production/_ext/1865468468/plib_nvic.o
LOAD build/default/production/_ext/404212886/FreeRTOS_tasks.o
LOAD build/default/production/_ext/481755623/ble_dm_info.o
LOAD build/default/production/_ext/404212886/croutine.o
LOAD build/default/production/_ext/481755623/ble_dm.o
LOAD build/default/production/_ext/481755623/ble_dm_sm.o
LOAD build/default/production/_ext/60165520/plib_clk.o
LOAD build/default/production/_ext/1529399856/osal_freertos.o
LOAD build/default/production/_ext/60180175/plib_rtc_timer.o
LOAD build/default/production/_ext/889830802/mw_aes.o
LOAD build/default/production/_ext/1171490990/interrupts.o
LOAD build/default/production/_ext/1171490990/device_sleep.o
LOAD build/default/production/_ext/404212886/stream_buffer.o
LOAD build/default/production/_ext/404212886/queue.o
LOAD build/default/production/_ext/1171490990/libc_syscalls.o
LOAD build/default/production/_ext/1171490990/device_deep_sleep.o
LOAD build/default/production/_ext/404212886/event_groups.o
LOAD build/default/production/_ext/404212886/list.o
LOAD build/default/production/_ext/1171490990/freertos_hooks.o
LOAD build/default/production/_ext/504274921/plib_sercom0_usart.o
LOAD build/default/production/_ext/481755623/ble_dm_conn.o
LOAD build/default/production/_ext/60176403/plib_nvm.o
LOAD build/default/production/_ext/1171490990/startup_xc32.o
LOAD build/default/production/_ext/163028504/xc32_monitor.o
LOAD ..\src\config\default\ble\lib\ble_stack_bz3_lib.a
LOAD ..\src\config\default\driver\pds\pds.a
LOAD ..\src\config\default\driver\device_support\pic32cx_bz3_device_support.a
                0x0000000000000001                __MPLAB_BUILD = 0x1

.bkupram_data
 *(.bkupram_data .bkupram_data.*)

.bkupram_bss    0x0000000020000000      0x258
 *(.bkupram_bss .bkupram_bss.*)
 *(.pbss .pbss.*)
 .pbss.s_randSeed
                0x0000000020000000       0x10 ..\src\config\default\ble\lib\ble_stack_bz3_lib.a(bt_sys_rand.o)
 .pbss.g_bleLmAdvMainPRInfo
                0x0000000020000010       0x50 ..\src\config\default\ble\lib\ble_stack_bz3_lib.a(ble_lm_adv_main.o)
                0x0000000020000010                g_bleLmAdvMainPRInfo
 .pbss.s_bleLmCmnPRInfo
                0x0000000020000060       0x30 ..\src\config\default\ble\lib\ble_stack_bz3_lib.a(ble_lm_cmn.o)
                0x0000000020000060                s_bleLmCmnPRInfo
 .pbss.s_bleHalFalPrInfo
                0x0000000020000090       0x50 ..\src\config\default\ble\lib\ble_stack_bz3_lib.a(ble_hal_fal.o)
                0x0000000020000090                s_bleHalFalPrInfo
 .pbss.s_privacyPrInfo
                0x00000000200000e0      0x178 ..\src\config\default\ble\lib\ble_stack_bz3_lib.a(ble_hal_privacy.o)
                0x00000000200000e0                s_privacyPrInfo
                0x000000000107c000                __rom_end = (ORIGIN (rom) + LENGTH (rom))
                0x0000000020018000                __ram_end = (ORIGIN (ram) + LENGTH (ram))

.config_D0045F88
 *(.config_D0045F88)

.config_D0045F8C
 *(.config_D0045F8C)

.config_D0045F90
 *(.config_D0045F90)

.config_D0045F94
 *(.config_D0045F94)

.config_D0045F98
 *(.config_D0045F98)

.vectors        0x0000000001000200       0xec
                0x0000000001000200                . = ALIGN (0x4)
                0x0000000001000200                _sfixed = .
 *(.vectors .vectors.* .vectors_default .vectors_default.*)
 .vectors.exception_table
                0x0000000001000200       0xec build/default/production/_ext/1171490990/interrupts.o
                0x0000000001000200                exception_table
 *(.isr_vector)
 *(.reset*)
 *(.after_vectors)

.text           0x00000000010002ec      0x120
                0x00000000010002ec                PROVIDE (__pds_ff_start = .)
 *(.pds_ff .pds_ff.*)
 .pds_ff.pds_ff_PDS_BLE_ITEM_EXT_ID_1
                0x00000000010002ec       0x10 build/default/production/_ext/481755623/ble_dm_dds.o
                0x00000000010002ec                pds_ff_PDS_BLE_ITEM_EXT_ID_1
 .pds_ff.pds_ff_PDS_BLE_ITEM_EXT_ID_2
                0x00000000010002fc       0x10 build/default/production/_ext/481755623/ble_dm_dds.o
                0x00000000010002fc                pds_ff_PDS_BLE_ITEM_EXT_ID_2
 .pds_ff.pds_ff_PDS_BLE_ITEM_EXT_ID_3
                0x000000000100030c       0x10 build/default/production/_ext/481755623/ble_dm_dds.o
                0x000000000100030c                pds_ff_PDS_BLE_ITEM_EXT_ID_3
 .pds_ff.pds_ff_PDS_BLE_ITEM_EXT_ID_4
                0x000000000100031c       0x10 build/default/production/_ext/481755623/ble_dm_dds.o
                0x000000000100031c                pds_ff_PDS_BLE_ITEM_EXT_ID_4
 .pds_ff.pds_ff_PDS_BLE_ITEM_EXT_ID_5
                0x000000000100032c       0x10 build/default/production/_ext/481755623/ble_dm_dds.o
                0x000000000100032c                pds_ff_PDS_BLE_ITEM_EXT_ID_5
 .pds_ff.pds_ff_PDS_BLE_ITEM_EXT_ID_6
                0x000000000100033c       0x10 build/default/production/_ext/481755623/ble_dm_dds.o
                0x000000000100033c                pds_ff_PDS_BLE_ITEM_EXT_ID_6
 .pds_ff.pds_ff_PDS_BLE_ITEM_EXT_ID_7
                0x000000000100034c       0x10 build/default/production/_ext/481755623/ble_dm_dds.o
                0x000000000100034c                pds_ff_PDS_BLE_ITEM_EXT_ID_7
 .pds_ff.pds_ff_PDS_BLE_ITEM_EXT_ID_8
                0x000000000100035c       0x10 build/default/production/_ext/481755623/ble_dm_dds.o
                0x000000000100035c                pds_ff_PDS_BLE_ITEM_EXT_ID_8
 .pds_ff.pds_ff_PDS_BLE_ITEM_ID_1
                0x000000000100036c       0x10 build/default/production/_ext/481755623/ble_dm_dds.o
                0x000000000100036c                pds_ff_PDS_BLE_ITEM_ID_1
 .pds_ff.pds_ff_PDS_BLE_ITEM_ID_2
                0x000000000100037c       0x10 build/default/production/_ext/481755623/ble_dm_dds.o
                0x000000000100037c                pds_ff_PDS_BLE_ITEM_ID_2
 .pds_ff.pds_ff_PDS_BLE_ITEM_ID_3
                0x000000000100038c       0x10 build/default/production/_ext/481755623/ble_dm_dds.o
                0x000000000100038c                pds_ff_PDS_BLE_ITEM_ID_3
 .pds_ff.pds_ff_PDS_BLE_ITEM_ID_4
                0x000000000100039c       0x10 build/default/production/_ext/481755623/ble_dm_dds.o
                0x000000000100039c                pds_ff_PDS_BLE_ITEM_ID_4
 .pds_ff.pds_ff_PDS_BLE_ITEM_ID_5
                0x00000000010003ac       0x10 build/default/production/_ext/481755623/ble_dm_dds.o
                0x00000000010003ac                pds_ff_PDS_BLE_ITEM_ID_5
 .pds_ff.pds_ff_PDS_BLE_ITEM_ID_6
                0x00000000010003bc       0x10 build/default/production/_ext/481755623/ble_dm_dds.o
                0x00000000010003bc                pds_ff_PDS_BLE_ITEM_ID_6
 .pds_ff.pds_ff_PDS_BLE_ITEM_ID_7
                0x00000000010003cc       0x10 build/default/production/_ext/481755623/ble_dm_dds.o
                0x00000000010003cc                pds_ff_PDS_BLE_ITEM_ID_7
 .pds_ff.pds_ff_PDS_BLE_ITEM_ID_8
                0x00000000010003dc       0x10 build/default/production/_ext/481755623/ble_dm_dds.o
                0x00000000010003dc                pds_ff_PDS_BLE_ITEM_ID_8
                [!provide]                        PROVIDE (__pds_ff_end = .)
                0x00000000010003ec                PROVIDE (__pds_fd_start = .)
 *(.pds_fd .pds_fd.*)
                [!provide]                        PROVIDE (__pds_fd_end = .)
                0x00000000010003ec                . = ALIGN (0x4)
 *(.glue_7t)
 .glue_7t       0x00000000010003ec        0x0 linker stubs
 *(.glue_7)
 .glue_7        0x00000000010003ec        0x0 linker stubs
 *(.gnu.linkonce.r.*)
 *(.ARM.extab* .gnu.linkonce.armextab.*)
                0x00000000010003ec                . = ALIGN (0x4)
 *(.init)
 .init          0x00000000010003ec        0x4 c:/program files/microchip/xc32/v4.40/bin/bin/../../lib/gcc/pic32c/8.3.1/thumb/v7e-m+fp/hard/crti.o
                0x00000000010003ec                _init
 .init          0x00000000010003f0        0x8 c:/program files/microchip/xc32/v4.40/bin/bin/../../lib/gcc/pic32c/8.3.1/thumb/v7e-m+fp/hard/crtn.o
                0x00000000010003f8                . = ALIGN (0x4)
                0x00000000010003f8                __preinit_array_start = .
 *(.preinit_array)
                0x00000000010003f8                __preinit_array_end = .
                0x00000000010003f8                . = ALIGN (0x4)
                0x00000000010003f8                __init_array_start = .
 *(SORT_BY_NAME(.init_array.*))
 *(.init_array)
 .init_array    0x00000000010003f8        0x4 c:/program files/microchip/xc32/v4.40/bin/bin/../../lib/gcc/pic32c/8.3.1/thumb/v7e-m+fp/hard/crtbegin.o
                0x00000000010003fc                __init_array_end = .
                0x00000000010003fc                . = ALIGN (0x4)
 *crtbegin.o(.ctors)
 *(EXCLUDE_FILE(*crtend.o) .ctors)
 *(SORT_BY_NAME(.ctors.*))
 *crtend.o(.ctors)
                0x00000000010003fc                . = ALIGN (0x4)
 *(.fini)
 .fini          0x00000000010003fc        0x4 c:/program files/microchip/xc32/v4.40/bin/bin/../../lib/gcc/pic32c/8.3.1/thumb/v7e-m+fp/hard/crti.o
                0x00000000010003fc                _fini
 .fini          0x0000000001000400        0x8 c:/program files/microchip/xc32/v4.40/bin/bin/../../lib/gcc/pic32c/8.3.1/thumb/v7e-m+fp/hard/crtn.o
                0x0000000001000408                . = ALIGN (0x4)
                0x0000000001000408                __fini_array_start = .
 *(.fini_array)
 .fini_array    0x0000000001000408        0x4 c:/program files/microchip/xc32/v4.40/bin/bin/../../lib/gcc/pic32c/8.3.1/thumb/v7e-m+fp/hard/crtbegin.o
 *(SORT_BY_NAME(.fini_array.*))
                0x000000000100040c                __fini_array_end = .
 *crtbegin.o(.dtors)
 *(EXCLUDE_FILE(*crtend.o) .dtors)
 *(SORT_BY_NAME(.dtors.*))
 *crtend.o(.dtors)
                0x000000000100040c                . = ALIGN (0x4)
                0x000000000100040c                _efixed = .
                [!provide]                        PROVIDE (__exidx_start = .)

.ARM.exidx
 *(.ARM.exidx* .gnu.linkonce.armexidx.*)

.dnvMem         0x000000000107c000        0x0
                0x000000000107c000                __d_nv_mem_start = .
                0x0000000001080000                __d_nv_mem_end = (ORIGIN (pds) + LENGTH (pds))
                [!provide]                        PROVIDE (__exidx_end = .)
                0x000000000107c000                . = ALIGN (0x4)
                0x000000000107c000                _etext = .

.bss            0x0000000020000268      0x1dc
                0x0000000020000268                . = ALIGN (0x4)
                0x0000000020000268                __bss_start__ = .
                0x0000000020000268                _sbss = .
                0x0000000020000268                _szero = .
 *(COMMON)
 COMMON         0x0000000020000268        0x8 build/default/production/_ext/1360937237/app.o
                0x0000000020000268                appData
 COMMON         0x0000000020000270        0x4 build/default/production/_ext/1171490990/tasks.o
                0x0000000020000270                xAPP_Tasks
 COMMON         0x0000000020000274       0x48 build/default/production/_ext/1171490990/initialization.o
                0x0000000020000274                bleRequestQueueHandle
                0x0000000020000278                osalAPIList
 COMMON         0x00000000200002bc        0xc build/default/production/_ext/481755623/ble_dm.o
                0x00000000200002bc                g_dmCbNum
                0x00000000200002c0                g_dmEventCb
 COMMON         0x00000000200002c8        0x4 ..\src\config\default\ble\lib\ble_stack_bz3_lib.a(ble_gap_main.o)
                0x00000000200002c8                gp_bleGapCtrl
 COMMON         0x00000000200002cc        0x4 ..\src\config\default\ble\lib\ble_stack_bz3_lib.a(ble_l2cap_main.o)
                0x00000000200002cc                gp_bleL2capCtrl
 COMMON         0x00000000200002d0        0x4 ..\src\config\default\ble\lib\ble_stack_bz3_lib.a(gap_main.o)
                0x00000000200002d0                g_gapCtrl
 COMMON         0x00000000200002d4        0x4 ..\src\config\default\ble\lib\ble_stack_bz3_lib.a(gatts_main.o)
                0x00000000200002d4                gp_gattsCtrl
 COMMON         0x00000000200002d8        0x4 ..\src\config\default\ble\lib\ble_stack_bz3_lib.a(l2cap_main.o)
                0x00000000200002d8                gp_l2capCtrl
 COMMON         0x00000000200002dc       0x26 ..\src\config\default\ble\lib\ble_stack_bz3_lib.a(bt_sys_init.o)
                0x00000000200002dc                g_devIrk
                0x00000000200002ec                gp_bos
                0x00000000200002f0                g_rssiOffset
                0x00000000200002f4                g_sysErrCb
                0x00000000200002f8                g_devAddr
                0x00000000200002ff                g_adcTiming51
                0x0000000020000300                g_antennaGain
                0x0000000020000301                g_adcTiming08
 *fill*         0x0000000020000302        0x2 
 COMMON         0x0000000020000304       0x18 ..\src\config\default\ble\lib\ble_stack_bz3_lib.a(bt_sys_msg.o)
                0x0000000020000304                g_msgList
                0x0000000020000314                g_msgQueue
 COMMON         0x000000002000031c        0x8 ..\src\config\default\ble\lib\ble_stack_bz3_lib.a(ble_lm_adv_main.o)
                0x000000002000031c                sp_bleLmAdvMainCtrl
                0x0000000020000320                gp_bleLmAdvMainCtrl
 COMMON         0x0000000020000324        0x8 ..\src\config\default\ble\lib\ble_stack_bz3_lib.a(ble_lm_cmn.o)
                0x0000000020000324                sp_bleLmCmnCtrl
                0x0000000020000328                gp_bleLmCmnCtrl
 COMMON         0x000000002000032c       0x4e ..\src\config\default\ble\lib\ble_stack_bz3_lib.a(ble_lm_conn.o)
                0x000000002000032c                g_lm_head_rx_occupied
                0x0000000020000334                g_lm_version
                0x0000000020000338                g_lm_head_acl_from_lc_desc
                0x0000000020000340                gHciResendTimer
                0x0000000020000358                g_lm_rx_buf_info
                0x0000000020000370                g_lm_head_lmp_from_lc_desc
                0x0000000020000378                g_lm_company_id
 *fill*         0x000000002000037a        0x2 
 COMMON         0x000000002000037c        0x4 ..\src\config\default\ble\lib\ble_stack_bz3_lib.a(ble_lm_llcp_cmn.o)
                0x000000002000037c                g_LlcpLeCmdListCntrlCb
 COMMON         0x0000000020000380       0x29 ..\src\config\default\ble\lib\ble_stack_bz3_lib.a(ble_lm_chc.o)
                0x0000000020000380                g_bleLmChcScanRetainCount
                0x0000000020000384                g_bleChcChannelMapUpdateAdvCb
                0x0000000020000388                g_bleLmChcRcRequest
                0x000000002000038c                g_bleLmChcStartTimer
                0x00000000200003a4                g_bleLmChcScanInterval
                0x00000000200003a8                g_ble_LmChcBGScanStatus
 *fill*         0x00000000200003a9        0x3 
 COMMON         0x00000000200003ac        0x4 ..\src\config\default\ble\lib\ble_stack_bz3_lib.a(ble_phy_main.o)
                0x00000000200003ac                g_blePhyCmnMemAddr
 COMMON         0x00000000200003b0        0x8 ..\src\config\default\ble\lib\ble_stack_bz3_lib.a(rc.o)
                0x00000000200003b0                gp_rcPublicData
                0x00000000200003b4                gp_rcData
 COMMON         0x00000000200003b8        0xc ..\src\config\default\ble\lib\ble_stack_bz3_lib.a(bt_dev.o)
                0x00000000200003b8                g_btDeviceList
                0x00000000200003c0                gp_currentDevice
 COMMON         0x00000000200003c4        0x4 ..\src\config\default\ble\lib\ble_stack_bz3_lib.a(ble_smp_core.o)
                0x00000000200003c4                gp_smpCtrl
 COMMON         0x00000000200003c8        0x4 ..\src\config\default\ble\lib\ble_stack_bz3_lib.a(gatt_main.o)
                0x00000000200003c8                gp_attCtrl
 COMMON         0x00000000200003cc        0x4 ..\src\config\default\ble\lib\ble_stack_bz3_lib.a(ble_hal_privacy.o)
                0x00000000200003cc                sp_privacyCtrl
 COMMON         0x00000000200003d0        0xe ..\src\config\default\ble\lib\ble_stack_bz3_lib.a(ble_hal_tpc.o)
                0x00000000200003d0                g_bleHalTpcRFRxPathCompensationVal
                0x00000000200003d2                g_bleHalTpcPreset
                0x00000000200003dc                g_bleHalTpcRFTxPathCompensationVal
 COMMON         0x00000000200003de        0x8 ..\src\config\default\ble\lib\ble_stack_bz3_lib.a(ble_hal_trx.o)
                0x00000000200003de                g_bleHalTrxRf51Value
                0x00000000200003e0                g_bleHalTrxCurrRxPhy
                0x00000000200003e2                g_bleHalTrxRf08Value
                0x00000000200003e4                g_bleHalTrxRf1FValue
 *fill*         0x00000000200003e6        0x2 
 COMMON         0x00000000200003e8        0xd ..\src\config\default\ble\lib\ble_stack_bz3_lib.a(ble_lc_adv_main.o)
                0x00000000200003e8                g_bleLcAdvPriEndChIdx
                0x00000000200003e9                g_bleLcAdvMainContinue
                0x00000000200003ea                g_bleLcAdvMainEvtCloseReason
                0x00000000200003ec                g_bleLcAdvMainCalFirstAnchorFunc
                0x00000000200003f0                gp_advCurrSchReq
                0x00000000200003f4                g_bleLcAdvMainCurrDevEvtType
 COMMON         0x00000000200003f5        0x1 ..\src\config\default\ble\lib\ble_stack_bz3_lib.a(ble_lc_conn.o)
                0x00000000200003f5                g_dslock
 *fill*         0x00000000200003f6        0x2 
 COMMON         0x00000000200003f8       0x11 ..\src\config\default\ble\lib\ble_stack_bz3_lib.a(ble_lc_chc.o)
                0x00000000200003f8                g_bleLcChcBGScanNextAnchor
                0x00000000200003fc                gp_bleLcChcDb
                0x0000000020000400                g_bleLcRssiReading
                0x0000000020000404                g_bleLcChcRcGrantEntity
                0x0000000020000408                g_bleLcChcTask
 COMMON         0x0000000020000409        0x1 ..\src\config\default\ble\lib\ble_stack_bz3_lib.a(ble_lc_adv_pri.o)
                0x0000000020000409                g_bleLcAdvPriAbortInTxDoneIrq
 COMMON         0x000000002000040a        0xb ..\src\config\default\ble\lib\ble_stack_bz3_lib.a(ble_hal_rssi.o)
                0x000000002000040a                g_bleHalRssiRfDefaultValues
                0x0000000020000414                g_bleHalRssiAgcLatchDelayBeforeBGScan
 COMMON         0x0000000020000415        0x1 ..\src\config\default\driver\device_support\pic32cx_bz3_device_support.a(info_block.o)
                0x0000000020000415                g_ib_RssiOffset
 *fill*         0x0000000020000416        0x2 
 COMMON         0x0000000020000418       0x2c ..\src\config\default\driver\device_support\pic32cx_bz3_device_support.a(rf_system.o)
                0x0000000020000418                g_validFactoryCalTemp
                0x0000000020000420                g_RfTemperatureCoefficients
                0x0000000020000438                g_DevIbIcInfo
                0x0000000020000440                g_nextCalTime
                0x0000000020000444                . = ALIGN (0x4)
                0x0000000020000444                __bss_end__ = .
                0x0000000020000444                _ebss = .
                0x0000000020000444                _ezero = .
                0x0000000020000444                . = ALIGN (0x4)
                0x0000000020000444                _end = .
                0x0000000020017fff                _ram_end_ = ((ORIGIN (ram) + LENGTH (ram)) - 0x1)
                0x0000000000000200                _min_heap_size = 0x200
START GROUP
LOAD c:/program files/microchip/xc32/v4.40/bin/bin/../../lib/gcc/pic32c/8.3.1/../../../../pic32c/lib/thumb/v7e-m+fp/hard\libpic32c.a
LOAD c:/program files/microchip/xc32/v4.40/bin/bin/../../lib/gcc/pic32c/8.3.1/../../../../pic32c/lib/thumb/v7e-m+fp/hard\libc-size-musl.a
LOAD c:/program files/microchip/xc32/v4.40/bin/bin/../../lib/gcc/pic32c/8.3.1/../../../../pic32c/lib/thumb/v7e-m+fp/hard\liblmalloc-musl.a
LOAD c:/program files/microchip/xc32/v4.40/bin/bin/../../lib/gcc/pic32c/8.3.1/../../../../pic32c/lib/thumb/v7e-m+fp/hard\libm-fast-emfloat.a
LOAD c:/program files/microchip/xc32/v4.40/bin/bin/../../lib/gcc/pic32c/8.3.1/../../../../pic32c/lib/thumb/v7e-m+fp/hard\libm-musl.a
LOAD c:/program files/microchip/xc32/v4.40/bin/bin/../../lib/gcc/pic32c/8.3.1/../../../../pic32c/lib/thumb/v7e-m+fp/hard\libc-musl.a
LOAD c:/program files/microchip/xc32/v4.40/bin/bin/../../lib/gcc/pic32c/8.3.1/../../../../pic32c/lib/thumb/v7e-m+fp/hard\libm-fast-emfloat.a
LOAD c:/program files/microchip/xc32/v4.40/bin/bin/../../lib/gcc/pic32c/8.3.1/../../../../pic32c/lib/thumb/v7e-m+fp/hard\libm-musl.a
LOAD c:/program files/microchip/xc32/v4.40/bin/bin/../../lib/gcc/pic32c/8.3.1/thumb/v7e-m+fp/hard\libgcc.a
END GROUP
LOAD c:/program files/microchip/xc32/v4.40/bin/bin/../../lib/gcc/pic32c/8.3.1/thumb/v7e-m+fp/hard/crtend.o
LOAD c:/program files/microchip/xc32/v4.40/bin/bin/../../lib/gcc/pic32c/8.3.1/thumb/v7e-m+fp/hard/crtn.o
OUTPUT(dist/default/production/legacy_adv_sleep.X.production.elf elf32-littlearm)
LOAD data_init
LOAD stack

.ARM.attributes
                0x0000000000000000       0x32
 .ARM.attributes
                0x0000000000000000       0x1e c:/program files/microchip/xc32/v4.40/bin/bin/../../lib/gcc/pic32c/8.3.1/thumb/v7e-m+fp/hard/crti.o
 .ARM.attributes
                0x000000000000001e       0x34 c:/program files/microchip/xc32/v4.40/bin/bin/../../lib/gcc/pic32c/8.3.1/thumb/v7e-m+fp/hard/crtbegin.o
 .ARM.attributes
                0x0000000000000052       0x34 build/default/production/_ext/1074542781/app_ble_handler.o
 .ARM.attributes
                0x0000000000000086       0x34 build/default/production/_ext/1074542781/app_ble.o
 .ARM.attributes
                0x00000000000000ba       0x34 build/default/production/_ext/1360937237/app.o
 .ARM.attributes
                0x00000000000000ee       0x34 build/default/production/_ext/1360937237/app_idle_task.o
 .ARM.attributes
                0x0000000000000122       0x34 build/default/production/_ext/1360937237/main.o
 .ARM.attributes
                0x0000000000000156       0x34 build/default/production/_ext/1171490990/tasks.o
 .ARM.attributes
                0x000000000000018a       0x34 build/default/production/_ext/1865254177/plib_gpio.o
 .ARM.attributes
                0x00000000000001be       0x34 build/default/production/_ext/1171490990/initialization.o
 .ARM.attributes
                0x00000000000001f2       0x34 build/default/production/_ext/1529399856/osal_freertos_extend.o
 .ARM.attributes
                0x0000000000000226       0x34 build/default/production/_ext/1665200909/heap_4.o
 .ARM.attributes
                0x000000000000025a       0x34 build/default/production/_ext/1171490990/exceptions.o
 .ARM.attributes
                0x000000000000028e       0x34 build/default/production/_ext/481755623/ble_dm_dds.o
 .ARM.attributes
                0x00000000000002c2       0x34 build/default/production/_ext/246609638/port.o
 .ARM.attributes
                0x00000000000002f6       0x34 build/default/production/_ext/1986646378/plib_evsys.o
 .ARM.attributes
                0x000000000000032a       0x34 build/default/production/_ext/1865468468/plib_nvic.o
 .ARM.attributes
                0x000000000000035e       0x34 build/default/production/_ext/404212886/FreeRTOS_tasks.o
 .ARM.attributes
                0x0000000000000392       0x34 build/default/production/_ext/481755623/ble_dm_info.o
 .ARM.attributes
                0x00000000000003c6       0x34 build/default/production/_ext/481755623/ble_dm.o
 .ARM.attributes
                0x00000000000003fa       0x34 build/default/production/_ext/481755623/ble_dm_sm.o
 .ARM.attributes
                0x000000000000042e       0x34 build/default/production/_ext/60165520/plib_clk.o
 .ARM.attributes
                0x0000000000000462       0x34 build/default/production/_ext/1529399856/osal_freertos.o
 .ARM.attributes
                0x0000000000000496       0x34 build/default/production/_ext/60180175/plib_rtc_timer.o
 .ARM.attributes
                0x00000000000004ca       0x34 build/default/production/_ext/889830802/mw_aes.o
 .ARM.attributes
                0x00000000000004fe       0x34 build/default/production/_ext/1171490990/interrupts.o
 .ARM.attributes
                0x0000000000000532       0x34 build/default/production/_ext/1171490990/device_sleep.o
 .ARM.attributes
                0x0000000000000566       0x34 build/default/production/_ext/404212886/queue.o
 .ARM.attributes
                0x000000000000059a       0x34 build/default/production/_ext/1171490990/device_deep_sleep.o
 .ARM.attributes
                0x00000000000005ce       0x34 build/default/production/_ext/404212886/list.o
 .ARM.attributes
                0x0000000000000602       0x34 build/default/production/_ext/1171490990/freertos_hooks.o
 .ARM.attributes
                0x0000000000000636       0x34 build/default/production/_ext/504274921/plib_sercom0_usart.o
 .ARM.attributes
                0x000000000000066a       0x34 build/default/production/_ext/481755623/ble_dm_conn.o
 .ARM.attributes
                0x000000000000069e       0x34 build/default/production/_ext/60176403/plib_nvm.o
 .ARM.attributes
                0x00000000000006d2       0x34 build/default/production/_ext/1171490990/startup_xc32.o
 .ARM.attributes
                0x0000000000000706       0x34 ..\src\config\default\ble\lib\ble_stack_bz3_lib.a(ble_gap_adv.o)
 .ARM.attributes
                0x000000000000073a       0x34 ..\src\config\default\ble\lib\ble_stack_bz3_lib.a(ble_gap_conn.o)
 .ARM.attributes
                0x000000000000076e       0x34 ..\src\config\default\ble\lib\ble_stack_bz3_lib.a(ble_gap_connp.o)
 .ARM.attributes
                0x00000000000007a2       0x34 ..\src\config\default\ble\lib\ble_stack_bz3_lib.a(ble_gap_main.o)
 .ARM.attributes
                0x00000000000007d6       0x34 ..\src\config\default\ble\lib\ble_stack_bz3_lib.a(ble_l2cap_main.o)
 .ARM.attributes
                0x000000000000080a       0x34 ..\src\config\default\ble\lib\ble_stack_bz3_lib.a(ble_smp_main.o)
 .ARM.attributes
                0x000000000000083e       0x34 ..\src\config\default\ble\lib\ble_stack_bz3_lib.a(ble_smp_passkey.o)
 .ARM.attributes
                0x0000000000000872       0x34 ..\src\config\default\ble\lib\ble_stack_bz3_lib.a(gap_main.o)
 .ARM.attributes
                0x00000000000008a6       0x34 ..\src\config\default\ble\lib\ble_stack_bz3_lib.a(gatts_main.o)
 .ARM.attributes
                0x00000000000008da       0x34 ..\src\config\default\ble\lib\ble_stack_bz3_lib.a(gatts_read.o)
 .ARM.attributes
                0x000000000000090e       0x34 ..\src\config\default\ble\lib\ble_stack_bz3_lib.a(gatts_service_mgr.o)
 .ARM.attributes
                0x0000000000000942       0x34 ..\src\config\default\ble\lib\ble_stack_bz3_lib.a(gatts_write.o)
 .ARM.attributes
                0x0000000000000976       0x34 ..\src\config\default\ble\lib\ble_stack_bz3_lib.a(gas_svc.o)
 .ARM.attributes
                0x00000000000009aa       0x34 ..\src\config\default\ble\lib\ble_stack_bz3_lib.a(host_hci_le_adv.o)
 .ARM.attributes
                0x00000000000009de       0x34 ..\src\config\default\ble\lib\ble_stack_bz3_lib.a(host_hci_le_conn.o)
 .ARM.attributes
                0x0000000000000a12       0x34 ..\src\config\default\ble\lib\ble_stack_bz3_lib.a(host_hci_le_connp.o)
 .ARM.attributes
                0x0000000000000a46       0x34 ..\src\config\default\ble\lib\ble_stack_bz3_lib.a(host_hci_le_main.o)
 .ARM.attributes
                0x0000000000000a7a       0x34 ..\src\config\default\ble\lib\ble_stack_bz3_lib.a(host_hci_main.o)
 .ARM.attributes
                0x0000000000000aae       0x34 ..\src\config\default\ble\lib\ble_stack_bz3_lib.a(host_hci_core.o)
 .ARM.attributes
                0x0000000000000ae2       0x34 ..\src\config\default\ble\lib\ble_stack_bz3_lib.a(l2cap_main.o)
 .ARM.attributes
                0x0000000000000b16       0x34 ..\src\config\default\ble\lib\ble_stack_bz3_lib.a(sec_aes.o)
 .ARM.attributes
                0x0000000000000b4a       0x34 ..\src\config\default\ble\lib\ble_stack_bz3_lib.a(stack_mgr.o)
 .ARM.attributes
                0x0000000000000b7e       0x34 ..\src\config\default\ble\lib\ble_stack_bz3_lib.a(stack_queue.o)
 .ARM.attributes
                0x0000000000000bb2       0x34 ..\src\config\default\ble\lib\ble_stack_bz3_lib.a(bt_sys_init.o)
 .ARM.attributes
                0x0000000000000be6       0x34 ..\src\config\default\ble\lib\ble_stack_bz3_lib.a(bt_sys_db.o)
 .ARM.attributes
                0x0000000000000c1a       0x34 ..\src\config\default\ble\lib\ble_stack_bz3_lib.a(bt_sys_cm_mem.o)
 .ARM.attributes
                0x0000000000000c4e       0x34 ..\src\config\default\ble\lib\ble_stack_bz3_lib.a(bt_sys_msg.o)
 .ARM.attributes
                0x0000000000000c82       0x34 ..\src\config\default\ble\lib\ble_stack_bz3_lib.a(bt_sys_task.o)
 .ARM.attributes
                0x0000000000000cb6       0x34 ..\src\config\default\ble\lib\ble_stack_bz3_lib.a(bt_sys_idle.o)
 .ARM.attributes
                0x0000000000000cea       0x34 ..\src\config\default\ble\lib\ble_stack_bz3_lib.a(bt_sys_mem.o)
 .ARM.attributes
                0x0000000000000d1e       0x34 ..\src\config\default\ble\lib\ble_stack_bz3_lib.a(bt_sys_log.o)
 .ARM.attributes
                0x0000000000000d52       0x34 ..\src\config\default\ble\lib\ble_stack_bz3_lib.a(bt_sys_trace.o)
 .ARM.attributes
                0x0000000000000d86       0x34 ..\src\config\default\ble\lib\ble_stack_bz3_lib.a(bt_sys_aes.o)
 .ARM.attributes
                0x0000000000000dba       0x34 ..\src\config\default\ble\lib\ble_stack_bz3_lib.a(bt_sys_isr.o)
 .ARM.attributes
                0x0000000000000dee       0x34 ..\src\config\default\ble\lib\ble_stack_bz3_lib.a(bt_sys_rand.o)
 .ARM.attributes
                0x0000000000000e22       0x34 ..\src\config\default\ble\lib\ble_stack_bz3_lib.a(bt_sys_utility.o)
 .ARM.attributes
                0x0000000000000e56       0x34 ..\src\config\default\ble\lib\ble_stack_bz3_lib.a(bt_sys_timer.o)
 .ARM.attributes
                0x0000000000000e8a       0x34 ..\src\config\default\ble\lib\ble_stack_bz3_lib.a(ble_ll_adv_init.o)
 .ARM.attributes
                0x0000000000000ebe       0x34 ..\src\config\default\ble\lib\ble_stack_bz3_lib.a(ble_ll_conn_api.o)
 .ARM.attributes
                0x0000000000000ef2       0x34 ..\src\config\default\ble\lib\ble_stack_bz3_lib.a(ble_ll_main_init.o)
 .ARM.attributes
                0x0000000000000f26       0x34 ..\src\config\default\ble\lib\ble_stack_bz3_lib.a(ble_ll_p_init.o)
 .ARM.attributes
                0x0000000000000f5a       0x34 ..\src\config\default\ble\lib\ble_stack_bz3_lib.a(ll_api.o)
 .ARM.attributes
                0x0000000000000f8e       0x34 ..\src\config\default\ble\lib\ble_stack_bz3_lib.a(ble_lm_adv_lega.o)
 .ARM.attributes
                0x0000000000000fc2       0x34 ..\src\config\default\ble\lib\ble_stack_bz3_lib.a(ble_lm_adv_main.o)
 .ARM.attributes
                0x0000000000000ff6       0x34 ..\src\config\default\ble\lib\ble_stack_bz3_lib.a(ble_lm_cmn.o)
 .ARM.attributes
                0x000000000000102a       0x34 ..\src\config\default\ble\lib\ble_stack_bz3_lib.a(ble_lm_conn.o)
 .ARM.attributes
                0x000000000000105e       0x34 ..\src\config\default\ble\lib\ble_stack_bz3_lib.a(ble_lm_llcp_cmd_c.o)
 .ARM.attributes
                0x0000000000001092       0x34 ..\src\config\default\ble\lib\ble_stack_bz3_lib.a(ble_lm_llcp_cmd_cmn.o)
 .ARM.attributes
                0x00000000000010c6       0x34 ..\src\config\default\ble\lib\ble_stack_bz3_lib.a(ble_lm_llcp_cmd_p.o)
 .ARM.attributes
                0x00000000000010fa       0x34 ..\src\config\default\ble\lib\ble_stack_bz3_lib.a(ble_lm_llcp_cmn.o)
 .ARM.attributes
                0x000000000000112e       0x34 ..\src\config\default\ble\lib\ble_stack_bz3_lib.a(ble_lm_llcp_p.o)
 .ARM.attributes
                0x0000000000001162       0x34 ..\src\config\default\ble\lib\ble_stack_bz3_lib.a(ble_lm_llcp_pdu_cmn.o)
 .ARM.attributes
                0x0000000000001196       0x34 ..\src\config\default\ble\lib\ble_stack_bz3_lib.a(ble_lm_llcp_pdu_p.o)
 .ARM.attributes
                0x00000000000011ca       0x34 ..\src\config\default\ble\lib\ble_stack_bz3_lib.a(ble_lm_llcp_utility.o)
 .ARM.attributes
                0x00000000000011fe       0x34 ..\src\config\default\ble\lib\ble_stack_bz3_lib.a(ble_lm_main.o)
 .ARM.attributes
                0x0000000000001232       0x34 ..\src\config\default\ble\lib\ble_stack_bz3_lib.a(ble_lm_p.o)
 .ARM.attributes
                0x0000000000001266       0x34 ..\src\config\default\ble\lib\ble_stack_bz3_lib.a(ble_lm_chc.o)
 .ARM.attributes
                0x000000000000129a       0x34 ..\src\config\default\ble\lib\ble_stack_bz3_lib.a(ble_lm_uecc.o)
 .ARM.attributes
                0x00000000000012ce       0x34 ..\src\config\default\ble\lib\ble_stack_bz3_lib.a(ble_phy_main.o)
 .ARM.attributes
                0x0000000000001302       0x34 ..\src\config\default\ble\lib\ble_stack_bz3_lib.a(rc.o)
 .ARM.attributes
                0x0000000000001336       0x34 ..\src\config\default\ble\lib\ble_stack_bz3_lib.a(rc_api.o)
 .ARM.attributes
                0x000000000000136a       0x34 ..\src\config\default\ble\lib\ble_stack_bz3_lib.a(rc_sleep.o)
 .ARM.attributes
                0x000000000000139e       0x34 ..\src\config\default\ble\lib\ble_stack_bz3_lib.a(bt_dev.o)
 .ARM.attributes
                0x00000000000013d2       0x34 ..\src\config\default\ble\lib\ble_stack_bz3_lib.a(ble_gap_core.o)
 .ARM.attributes
                0x0000000000001406       0x34 ..\src\config\default\ble\lib\ble_stack_bz3_lib.a(ble_smp_core.o)
 .ARM.attributes
                0x000000000000143a       0x39 ..\src\config\default\ble\lib\ble_stack_bz3_lib.a(att_uuid.o)
 .ARM.attributes
                0x0000000000001473       0x34 ..\src\config\default\ble\lib\ble_stack_bz3_lib.a(gatt_main.o)
 .ARM.attributes
                0x00000000000014a7       0x34 ..\src\config\default\ble\lib\ble_stack_bz3_lib.a(gatt_svc.o)
 .ARM.attributes
                0x00000000000014db       0x34 ..\src\config\default\ble\lib\ble_stack_bz3_lib.a(gatts_ind.o)
 .ARM.attributes
                0x000000000000150f       0x34 ..\src\config\default\ble\lib\ble_stack_bz3_lib.a(bt_host.o)
 .ARM.attributes
                0x0000000000001543       0x34 ..\src\config\default\ble\lib\ble_stack_bz3_lib.a(ble_cmn.o)
 .ARM.attributes
                0x0000000000001577       0x34 ..\src\config\default\ble\lib\ble_stack_bz3_lib.a(ble_hal_clk.o)
 .ARM.attributes
                0x00000000000015ab       0x34 ..\src\config\default\ble\lib\ble_stack_bz3_lib.a(ble_hal_fal.o)
 .ARM.attributes
                0x00000000000015df       0x34 ..\src\config\default\ble\lib\ble_stack_bz3_lib.a(ble_hal_low_energy.o)
 .ARM.attributes
                0x0000000000001613       0x34 ..\src\config\default\ble\lib\ble_stack_bz3_lib.a(ble_hal_privacy.o)
 .ARM.attributes
                0x0000000000001647       0x34 ..\src\config\default\ble\lib\ble_stack_bz3_lib.a(ble_hal_task.o)
 .ARM.attributes
                0x000000000000167b       0x34 ..\src\config\default\ble\lib\ble_stack_bz3_lib.a(ble_hal_utility.o)
 .ARM.attributes
                0x00000000000016af       0x34 ..\src\config\default\ble\lib\ble_stack_bz3_lib.a(ble_hal_cplt.o)
 .ARM.attributes
                0x00000000000016e3       0x34 ..\src\config\default\ble\lib\ble_stack_bz3_lib.a(ble_hal_tpc.o)
 .ARM.attributes
                0x0000000000001717       0x34 ..\src\config\default\ble\lib\ble_stack_bz3_lib.a(ble_hal_trx.o)
 .ARM.attributes
                0x000000000000174b       0x34 ..\src\config\default\ble\lib\ble_stack_bz3_lib.a(ble_isr_adv.o)
 .ARM.attributes
                0x000000000000177f       0x34 ..\src\config\default\ble\lib\ble_stack_bz3_lib.a(ble_isr_main.o)
 .ARM.attributes
                0x00000000000017b3       0x34 ..\src\config\default\ble\lib\ble_stack_bz3_lib.a(ble_isr_cmn.o)
 .ARM.attributes
                0x00000000000017e7       0x34 ..\src\config\default\ble\lib\ble_stack_bz3_lib.a(ble_lc_adv_main.o)
 .ARM.attributes
                0x000000000000181b       0x34 ..\src\config\default\ble\lib\ble_stack_bz3_lib.a(ble_lc_conn.o)
 .ARM.attributes
                0x000000000000184f       0x34 ..\src\config\default\ble\lib\ble_stack_bz3_lib.a(ble_lc_main.o)
 .ARM.attributes
                0x0000000000001883       0x34 ..\src\config\default\ble\lib\ble_stack_bz3_lib.a(ble_lc_p.o)
 .ARM.attributes
                0x00000000000018b7       0x34 ..\src\config\default\ble\lib\ble_stack_bz3_lib.a(ble_lc_cmn.o)
 .ARM.attributes
                0x00000000000018eb       0x34 ..\src\config\default\ble\lib\ble_stack_bz3_lib.a(ble_lc_chc.o)
 .ARM.attributes
                0x000000000000191f       0x34 ..\src\config\default\ble\lib\ble_stack_bz3_lib.a(ble_lc_adv_pri.o)
 .ARM.attributes
                0x0000000000001953       0x34 ..\src\config\default\ble\lib\ble_stack_bz3_lib.a(ble_lm_llcp_c.o)
 .ARM.attributes
                0x0000000000001987       0x34 ..\src\config\default\ble\lib\ble_stack_bz3_lib.a(ble_lm_llcp_pdu_c.o)
 .ARM.attributes
                0x00000000000019bb       0x34 ..\src\config\default\ble\lib\ble_stack_bz3_lib.a(bb_clk.o)
 .ARM.attributes
                0x00000000000019ef       0x34 ..\src\config\default\ble\lib\ble_stack_bz3_lib.a(ble_hal_ch_sel.o)
 .ARM.attributes
                0x0000000000001a23       0x34 ..\src\config\default\ble\lib\ble_stack_bz3_lib.a(ble_hal_rssi.o)
 .ARM.attributes
                0x0000000000001a57       0x34 ..\src\config\default\ble\lib\ble_stack_bz3_lib.a(ble_hal_sch.o)
 .ARM.attributes
                0x0000000000001a8b       0x34 ..\src\config\default\driver\pds\pds.a(wlPdsDataServer.o)
 .ARM.attributes
                0x0000000000001abf       0x34 ..\src\config\default\driver\pds\pds.a(wlPdsInit.o)
 .ARM.attributes
                0x0000000000001af3       0x34 ..\src\config\default\driver\pds\pds.a(D_Nv.o)
 .ARM.attributes
                0x0000000000001b27       0x34 ..\src\config\default\driver\pds\pds.a(S_Nv-Chimera.o)
 .ARM.attributes
                0x0000000000001b5b       0x34 ..\src\config\default\driver\device_support\pic32cx_bz3_device_support.a(info_block_plat.o)
 .ARM.attributes
                0x0000000000001b8f       0x34 ..\src\config\default\driver\device_support\pic32cx_bz3_device_support.a(info_block.o)
 .ARM.attributes
                0x0000000000001bc3       0x34 ..\src\config\default\driver\device_support\pic32cx_bz3_device_support.a(pmu_dvr.o)
 .ARM.attributes
                0x0000000000001bf7       0x34 ..\src\config\default\driver\device_support\pic32cx_bz3_device_support.a(pmu_system.o)
 .ARM.attributes
                0x0000000000001c2b       0x34 ..\src\config\default\driver\device_support\pic32cx_bz3_device_support.a(rf.o)
 .ARM.attributes
                0x0000000000001c5f       0x34 ..\src\config\default\driver\device_support\pic32cx_bz3_device_support.a(rf_system.o)
 .ARM.attributes
                0x0000000000001c93       0x34 ..\src\config\default\driver\device_support\pic32cx_bz3_device_support.a(rf_plat.o)
 .ARM.attributes
                0x0000000000001cc7       0x34 ..\src\config\default\driver\device_support\pic32cx_bz3_device_support.a(sleep_system.o)
 .ARM.attributes
                0x0000000000001cfb       0x34 c:/program files/microchip/xc32/v4.40/bin/bin/../../lib/gcc/pic32c/8.3.1/../../../../pic32c/lib/thumb/v7e-m+fp/hard\libpic32c.a(data_init.o)
 .ARM.attributes
                0x0000000000001d2f       0x36 c:/program files/microchip/xc32/v4.40/bin/bin/../../lib/gcc/pic32c/8.3.1/../../../../pic32c/lib/thumb/v7e-m+fp/hard\libc-size-musl.a(memcmp.o)
 .ARM.attributes
                0x0000000000001d65       0x36 c:/program files/microchip/xc32/v4.40/bin/bin/../../lib/gcc/pic32c/8.3.1/../../../../pic32c/lib/thumb/v7e-m+fp/hard\libc-size-musl.a(memcpy.o)
 .ARM.attributes
                0x0000000000001d9b       0x36 c:/program files/microchip/xc32/v4.40/bin/bin/../../lib/gcc/pic32c/8.3.1/../../../../pic32c/lib/thumb/v7e-m+fp/hard\libc-size-musl.a(memset.o)
 .ARM.attributes
                0x0000000000001dd1       0x36 c:/program files/microchip/xc32/v4.40/bin/bin/../../lib/gcc/pic32c/8.3.1/../../../../pic32c/lib/thumb/v7e-m+fp/hard\libc-size-musl.a(strlen.o)
 .ARM.attributes
                0x0000000000001e07       0x36 c:/program files/microchip/xc32/v4.40/bin/bin/../../lib/gcc/pic32c/8.3.1/../../../../pic32c/lib/thumb/v7e-m+fp/hard\libc-size-musl.a(strcpy.o)
 .ARM.attributes
                0x0000000000001e3d       0x36 c:/program files/microchip/xc32/v4.40/bin/bin/../../lib/gcc/pic32c/8.3.1/../../../../pic32c/lib/thumb/v7e-m+fp/hard\libc-size-musl.a(stpcpy.o)
 .ARM.attributes
                0x0000000000001e73       0x34 c:/program files/microchip/xc32/v4.40/bin/bin/../../lib/gcc/pic32c/8.3.1/../../../../pic32c/lib/thumb/v7e-m+fp/hard\libm-fast-emfloat.a(ceil.o)
 .ARM.attributes
                0x0000000000001ea7       0x20 c:/program files/microchip/xc32/v4.40/bin/bin/../../lib/gcc/pic32c/8.3.1/../../../../pic32c/lib/thumb/v7e-m+fp/hard\libm-fast-emfloat.a(__aeabi_dadd.o)
 .ARM.attributes
                0x0000000000001ec7       0x20 c:/program files/microchip/xc32/v4.40/bin/bin/../../lib/gcc/pic32c/8.3.1/../../../../pic32c/lib/thumb/v7e-m+fp/hard\libm-fast-emfloat.a(__aeabi_dsub.o)
 .ARM.attributes
                0x0000000000001ee7       0x20 c:/program files/microchip/xc32/v4.40/bin/bin/../../lib/gcc/pic32c/8.3.1/../../../../pic32c/lib/thumb/v7e-m+fp/hard\libm-fast-emfloat.a(__aeabi_dmul.o)
 .ARM.attributes
                0x0000000000001f07       0x20 c:/program files/microchip/xc32/v4.40/bin/bin/../../lib/gcc/pic32c/8.3.1/../../../../pic32c/lib/thumb/v7e-m+fp/hard\libm-fast-emfloat.a(__aeabi_ddiv.o)
 .ARM.attributes
                0x0000000000001f27       0x20 c:/program files/microchip/xc32/v4.40/bin/bin/../../lib/gcc/pic32c/8.3.1/../../../../pic32c/lib/thumb/v7e-m+fp/hard\libm-fast-emfloat.a(__aeabi_dcmpeq.o)
 .ARM.attributes
                0x0000000000001f47       0x20 c:/program files/microchip/xc32/v4.40/bin/bin/../../lib/gcc/pic32c/8.3.1/../../../../pic32c/lib/thumb/v7e-m+fp/hard\libm-fast-emfloat.a(__aeabi_dcmpgt.o)
 .ARM.attributes
                0x0000000000001f67       0x20 c:/program files/microchip/xc32/v4.40/bin/bin/../../lib/gcc/pic32c/8.3.1/../../../../pic32c/lib/thumb/v7e-m+fp/hard\libm-fast-emfloat.a(__aeabi_d2uiz.o)
 .ARM.attributes
                0x0000000000001f87       0x20 c:/program files/microchip/xc32/v4.40/bin/bin/../../lib/gcc/pic32c/8.3.1/../../../../pic32c/lib/thumb/v7e-m+fp/hard\libm-fast-emfloat.a(__aeabi_i2d.o)
 .ARM.attributes
                0x0000000000001fa7       0x20 c:/program files/microchip/xc32/v4.40/bin/bin/../../lib/gcc/pic32c/8.3.1/../../../../pic32c/lib/thumb/v7e-m+fp/hard\libm-fast-emfloat.a(__aeabi_ui2d.o)
 .ARM.attributes
                0x0000000000001fc7       0x20 c:/program files/microchip/xc32/v4.40/bin/bin/../../lib/gcc/pic32c/8.3.1/../../../../pic32c/lib/thumb/v7e-m+fp/hard\libm-fast-emfloat.a(__aeabi_d2f.o)
 .ARM.attributes
                0x0000000000001fe7       0x36 c:/program files/microchip/xc32/v4.40/bin/bin/../../lib/gcc/pic32c/8.3.1/../../../../pic32c/lib/thumb/v7e-m+fp/hard\libc-musl.a(__libc_start_main.o)
 .ARM.attributes
                0x000000000000201d       0x34 c:/program files/microchip/xc32/v4.40/bin/bin/../../lib/gcc/pic32c/8.3.1/../../../../pic32c/lib/thumb/v7e-m+fp/hard\libc-musl.a(libc.o)
 .ARM.attributes
                0x0000000000002051       0x34 c:/program files/microchip/xc32/v4.40/bin/bin/../../lib/gcc/pic32c/8.3.1/../../../../pic32c/lib/thumb/v7e-m+fp/hard\libc-musl.a(__environ.o)
 .ARM.attributes
                0x0000000000002085       0x1e c:/program files/microchip/xc32/v4.40/bin/bin/../../lib/gcc/pic32c/8.3.1/thumb/v7e-m+fp/hard/crtn.o
 .ARM.attributes
                0x00000000000020a3       0x34 c:/program files/microchip/xc32/v4.40/bin/bin/../../lib/gcc/pic32c/8.3.1/../../../../pic32c/lib/thumb/v7e-m+fp/hard\libpic32c.a(pic32_data_init_clear.o)
 .ARM.attributes
                0x00000000000020d7       0x34 c:/program files/microchip/xc32/v4.40/bin/bin/../../lib/gcc/pic32c/8.3.1/../../../../pic32c/lib/thumb/v7e-m+fp/hard\libpic32c.a(pic32_data_init_copy.o)

.comment        0x0000000000000000       0xa9
 .comment       0x0000000000000000       0x2b c:/program files/microchip/xc32/v4.40/bin/bin/../../lib/gcc/pic32c/8.3.1/thumb/v7e-m+fp/hard/crtbegin.o
                                         0x2c (size before relaxing)
 .comment       0x000000000000002b       0x2c build/default/production/_ext/1074542781/app_ble_handler.o
 .comment       0x000000000000002b       0x2c build/default/production/_ext/1074542781/app_ble.o
 .comment       0x000000000000002b       0x2c build/default/production/_ext/1360937237/app.o
 .comment       0x000000000000002b       0x2c build/default/production/_ext/1360937237/app_idle_task.o
 .comment       0x000000000000002b       0x2c build/default/production/_ext/1360937237/main.o
 .comment       0x000000000000002b       0x2c build/default/production/_ext/1171490990/tasks.o
 .comment       0x000000000000002b       0x2c build/default/production/_ext/1865254177/plib_gpio.o
 .comment       0x000000000000002b       0x2c build/default/production/_ext/1171490990/initialization.o
 .comment       0x000000000000002b       0x2c build/default/production/_ext/1529399856/osal_freertos_extend.o
 .comment       0x000000000000002b       0x2c build/default/production/_ext/1665200909/heap_4.o
 .comment       0x000000000000002b       0x2c build/default/production/_ext/1171490990/exceptions.o
 .comment       0x000000000000002b       0x2c build/default/production/_ext/481755623/ble_dm_dds.o
 .comment       0x000000000000002b       0x2c build/default/production/_ext/246609638/port.o
 .comment       0x000000000000002b       0x2c build/default/production/_ext/1986646378/plib_evsys.o
 .comment       0x000000000000002b       0x2c build/default/production/_ext/1865468468/plib_nvic.o
 .comment       0x000000000000002b       0x2c build/default/production/_ext/404212886/FreeRTOS_tasks.o
 .comment       0x000000000000002b       0x2c build/default/production/_ext/481755623/ble_dm_info.o
 .comment       0x000000000000002b       0x2c build/default/production/_ext/481755623/ble_dm.o
 .comment       0x000000000000002b       0x2c build/default/production/_ext/481755623/ble_dm_sm.o
 .comment       0x000000000000002b       0x2c build/default/production/_ext/60165520/plib_clk.o
 .comment       0x000000000000002b       0x2c build/default/production/_ext/1529399856/osal_freertos.o
 .comment       0x000000000000002b       0x2c build/default/production/_ext/60180175/plib_rtc_timer.o
 .comment       0x000000000000002b       0x2c build/default/production/_ext/889830802/mw_aes.o
 .comment       0x000000000000002b       0x2c build/default/production/_ext/1171490990/interrupts.o
 .comment       0x000000000000002b       0x2c build/default/production/_ext/1171490990/device_sleep.o
 .comment       0x000000000000002b       0x2c build/default/production/_ext/404212886/queue.o
 .comment       0x000000000000002b       0x2c build/default/production/_ext/1171490990/device_deep_sleep.o
 .comment       0x000000000000002b       0x2c build/default/production/_ext/404212886/list.o
 .comment       0x000000000000002b       0x2c build/default/production/_ext/1171490990/freertos_hooks.o
 .comment       0x000000000000002b       0x2c build/default/production/_ext/504274921/plib_sercom0_usart.o
 .comment       0x000000000000002b       0x2c build/default/production/_ext/481755623/ble_dm_conn.o
 .comment       0x000000000000002b       0x2c build/default/production/_ext/60176403/plib_nvm.o
 .comment       0x000000000000002b       0x2c build/default/production/_ext/1171490990/startup_xc32.o
 .comment       0x000000000000002b       0x2c ..\src\config\default\ble\lib\ble_stack_bz3_lib.a(ble_gap_adv.o)
 .comment       0x000000000000002b       0x2c ..\src\config\default\ble\lib\ble_stack_bz3_lib.a(ble_gap_conn.o)
 .comment       0x000000000000002b       0x2c ..\src\config\default\ble\lib\ble_stack_bz3_lib.a(ble_gap_connp.o)
 .comment       0x000000000000002b       0x2c ..\src\config\default\ble\lib\ble_stack_bz3_lib.a(ble_gap_main.o)
 .comment       0x000000000000002b       0x2c ..\src\config\default\ble\lib\ble_stack_bz3_lib.a(ble_l2cap_main.o)
 .comment       0x000000000000002b       0x2c ..\src\config\default\ble\lib\ble_stack_bz3_lib.a(ble_smp_main.o)
 .comment       0x000000000000002b       0x2c ..\src\config\default\ble\lib\ble_stack_bz3_lib.a(ble_smp_passkey.o)
 .comment       0x000000000000002b       0x2c ..\src\config\default\ble\lib\ble_stack_bz3_lib.a(gap_main.o)
 .comment       0x000000000000002b       0x2c ..\src\config\default\ble\lib\ble_stack_bz3_lib.a(gatts_main.o)
 .comment       0x000000000000002b       0x2c ..\src\config\default\ble\lib\ble_stack_bz3_lib.a(gatts_read.o)
 .comment       0x000000000000002b       0x2c ..\src\config\default\ble\lib\ble_stack_bz3_lib.a(gatts_service_mgr.o)
 .comment       0x000000000000002b       0x2c ..\src\config\default\ble\lib\ble_stack_bz3_lib.a(gatts_write.o)
 .comment       0x000000000000002b       0x2c ..\src\config\default\ble\lib\ble_stack_bz3_lib.a(gas_svc.o)
 .comment       0x000000000000002b       0x2c ..\src\config\default\ble\lib\ble_stack_bz3_lib.a(host_hci_le_adv.o)
 .comment       0x000000000000002b       0x2c ..\src\config\default\ble\lib\ble_stack_bz3_lib.a(host_hci_le_conn.o)
 .comment       0x000000000000002b       0x2c ..\src\config\default\ble\lib\ble_stack_bz3_lib.a(host_hci_le_connp.o)
 .comment       0x000000000000002b       0x2c ..\src\config\default\ble\lib\ble_stack_bz3_lib.a(host_hci_le_main.o)
 .comment       0x000000000000002b       0x2c ..\src\config\default\ble\lib\ble_stack_bz3_lib.a(host_hci_main.o)
 .comment       0x000000000000002b       0x2c ..\src\config\default\ble\lib\ble_stack_bz3_lib.a(host_hci_core.o)
 .comment       0x000000000000002b       0x2c ..\src\config\default\ble\lib\ble_stack_bz3_lib.a(l2cap_main.o)
 .comment       0x000000000000002b       0x2c ..\src\config\default\ble\lib\ble_stack_bz3_lib.a(sec_aes.o)
 .comment       0x000000000000002b       0x2c ..\src\config\default\ble\lib\ble_stack_bz3_lib.a(stack_mgr.o)
 .comment       0x000000000000002b       0x2c ..\src\config\default\ble\lib\ble_stack_bz3_lib.a(stack_queue.o)
 .comment       0x000000000000002b       0x2c ..\src\config\default\ble\lib\ble_stack_bz3_lib.a(bt_sys_init.o)
 .comment       0x000000000000002b       0x2c ..\src\config\default\ble\lib\ble_stack_bz3_lib.a(bt_sys_db.o)
 .comment       0x000000000000002b       0x2c ..\src\config\default\ble\lib\ble_stack_bz3_lib.a(bt_sys_cm_mem.o)
 .comment       0x000000000000002b       0x2c ..\src\config\default\ble\lib\ble_stack_bz3_lib.a(bt_sys_msg.o)
 .comment       0x000000000000002b       0x2c ..\src\config\default\ble\lib\ble_stack_bz3_lib.a(bt_sys_task.o)
 .comment       0x000000000000002b       0x2c ..\src\config\default\ble\lib\ble_stack_bz3_lib.a(bt_sys_idle.o)
 .comment       0x000000000000002b       0x2c ..\src\config\default\ble\lib\ble_stack_bz3_lib.a(bt_sys_mem.o)
 .comment       0x000000000000002b       0x2c ..\src\config\default\ble\lib\ble_stack_bz3_lib.a(bt_sys_log.o)
 .comment       0x000000000000002b       0x2c ..\src\config\default\ble\lib\ble_stack_bz3_lib.a(bt_sys_trace.o)
 .comment       0x000000000000002b       0x2c ..\src\config\default\ble\lib\ble_stack_bz3_lib.a(bt_sys_aes.o)
 .comment       0x000000000000002b       0x2c ..\src\config\default\ble\lib\ble_stack_bz3_lib.a(bt_sys_isr.o)
 .comment       0x000000000000002b       0x2c ..\src\config\default\ble\lib\ble_stack_bz3_lib.a(bt_sys_rand.o)
 .comment       0x000000000000002b       0x2c ..\src\config\default\ble\lib\ble_stack_bz3_lib.a(bt_sys_utility.o)
 .comment       0x000000000000002b       0x2c ..\src\config\default\ble\lib\ble_stack_bz3_lib.a(bt_sys_timer.o)
 .comment       0x000000000000002b       0x2c ..\src\config\default\ble\lib\ble_stack_bz3_lib.a(ble_ll_adv_init.o)
 .comment       0x000000000000002b       0x2c ..\src\config\default\ble\lib\ble_stack_bz3_lib.a(ble_ll_conn_api.o)
 .comment       0x000000000000002b       0x2c ..\src\config\default\ble\lib\ble_stack_bz3_lib.a(ble_ll_main_init.o)
 .comment       0x000000000000002b       0x2c ..\src\config\default\ble\lib\ble_stack_bz3_lib.a(ble_ll_p_init.o)
 .comment       0x000000000000002b       0x2c ..\src\config\default\ble\lib\ble_stack_bz3_lib.a(ll_api.o)
 .comment       0x000000000000002b       0x2c ..\src\config\default\ble\lib\ble_stack_bz3_lib.a(ble_lm_adv_lega.o)
 .comment       0x000000000000002b       0x2c ..\src\config\default\ble\lib\ble_stack_bz3_lib.a(ble_lm_adv_main.o)
 .comment       0x000000000000002b       0x2c ..\src\config\default\ble\lib\ble_stack_bz3_lib.a(ble_lm_cmn.o)
 .comment       0x000000000000002b       0x2c ..\src\config\default\ble\lib\ble_stack_bz3_lib.a(ble_lm_conn.o)
 .comment       0x000000000000002b       0x2c ..\src\config\default\ble\lib\ble_stack_bz3_lib.a(ble_lm_llcp_cmd_c.o)
 .comment       0x000000000000002b       0x2c ..\src\config\default\ble\lib\ble_stack_bz3_lib.a(ble_lm_llcp_cmd_cmn.o)
 .comment       0x000000000000002b       0x2c ..\src\config\default\ble\lib\ble_stack_bz3_lib.a(ble_lm_llcp_cmd_p.o)
 .comment       0x000000000000002b       0x2c ..\src\config\default\ble\lib\ble_stack_bz3_lib.a(ble_lm_llcp_cmn.o)
 .comment       0x000000000000002b       0x2c ..\src\config\default\ble\lib\ble_stack_bz3_lib.a(ble_lm_llcp_p.o)
 .comment       0x000000000000002b       0x2c ..\src\config\default\ble\lib\ble_stack_bz3_lib.a(ble_lm_llcp_pdu_cmn.o)
 .comment       0x000000000000002b       0x2c ..\src\config\default\ble\lib\ble_stack_bz3_lib.a(ble_lm_llcp_pdu_p.o)
 .comment       0x000000000000002b       0x2c ..\src\config\default\ble\lib\ble_stack_bz3_lib.a(ble_lm_llcp_utility.o)
 .comment       0x000000000000002b       0x2c ..\src\config\default\ble\lib\ble_stack_bz3_lib.a(ble_lm_main.o)
 .comment       0x000000000000002b       0x2c ..\src\config\default\ble\lib\ble_stack_bz3_lib.a(ble_lm_p.o)
 .comment       0x000000000000002b       0x2c ..\src\config\default\ble\lib\ble_stack_bz3_lib.a(ble_lm_chc.o)
 .comment       0x000000000000002b       0x2c ..\src\config\default\ble\lib\ble_stack_bz3_lib.a(ble_lm_uecc.o)
 .comment       0x000000000000002b       0x2c ..\src\config\default\ble\lib\ble_stack_bz3_lib.a(ble_phy_main.o)
 .comment       0x000000000000002b       0x2c ..\src\config\default\ble\lib\ble_stack_bz3_lib.a(rc.o)
 .comment       0x000000000000002b       0x2c ..\src\config\default\ble\lib\ble_stack_bz3_lib.a(rc_api.o)
 .comment       0x000000000000002b       0x2c ..\src\config\default\ble\lib\ble_stack_bz3_lib.a(rc_sleep.o)
 .comment       0x000000000000002b       0x2c ..\src\config\default\ble\lib\ble_stack_bz3_lib.a(bt_dev.o)
 .comment       0x000000000000002b       0x2c ..\src\config\default\ble\lib\ble_stack_bz3_lib.a(ble_gap_core.o)
 .comment       0x000000000000002b       0x2c ..\src\config\default\ble\lib\ble_stack_bz3_lib.a(ble_smp_core.o)
 .comment       0x000000000000002b       0x2c ..\src\config\default\ble\lib\ble_stack_bz3_lib.a(att_uuid.o)
 .comment       0x000000000000002b       0x2c ..\src\config\default\ble\lib\ble_stack_bz3_lib.a(gatt_main.o)
 .comment       0x000000000000002b       0x2c ..\src\config\default\ble\lib\ble_stack_bz3_lib.a(gatt_svc.o)
 .comment       0x000000000000002b       0x2c ..\src\config\default\ble\lib\ble_stack_bz3_lib.a(gatts_ind.o)
 .comment       0x000000000000002b       0x2c ..\src\config\default\ble\lib\ble_stack_bz3_lib.a(bt_host.o)
 .comment       0x000000000000002b       0x2c ..\src\config\default\ble\lib\ble_stack_bz3_lib.a(ble_cmn.o)
 .comment       0x000000000000002b       0x2c ..\src\config\default\ble\lib\ble_stack_bz3_lib.a(ble_hal_clk.o)
 .comment       0x000000000000002b       0x2c ..\src\config\default\ble\lib\ble_stack_bz3_lib.a(ble_hal_fal.o)
 .comment       0x000000000000002b       0x2c ..\src\config\default\ble\lib\ble_stack_bz3_lib.a(ble_hal_low_energy.o)
 .comment       0x000000000000002b       0x2c ..\src\config\default\ble\lib\ble_stack_bz3_lib.a(ble_hal_privacy.o)
 .comment       0x000000000000002b       0x2c ..\src\config\default\ble\lib\ble_stack_bz3_lib.a(ble_hal_task.o)
 .comment       0x000000000000002b       0x2c ..\src\config\default\ble\lib\ble_stack_bz3_lib.a(ble_hal_utility.o)
 .comment       0x000000000000002b       0x2c ..\src\config\default\ble\lib\ble_stack_bz3_lib.a(ble_hal_cplt.o)
 .comment       0x000000000000002b       0x2c ..\src\config\default\ble\lib\ble_stack_bz3_lib.a(ble_hal_tpc.o)
 .comment       0x000000000000002b       0x2c ..\src\config\default\ble\lib\ble_stack_bz3_lib.a(ble_hal_trx.o)
 .comment       0x000000000000002b       0x2c ..\src\config\default\ble\lib\ble_stack_bz3_lib.a(ble_isr_adv.o)
 .comment       0x000000000000002b       0x2c ..\src\config\default\ble\lib\ble_stack_bz3_lib.a(ble_isr_main.o)
 .comment       0x000000000000002b       0x2c ..\src\config\default\ble\lib\ble_stack_bz3_lib.a(ble_isr_cmn.o)
 .comment       0x000000000000002b       0x2c ..\src\config\default\ble\lib\ble_stack_bz3_lib.a(ble_lc_adv_main.o)
 .comment       0x000000000000002b       0x2c ..\src\config\default\ble\lib\ble_stack_bz3_lib.a(ble_lc_conn.o)
 .comment       0x000000000000002b       0x2c ..\src\config\default\ble\lib\ble_stack_bz3_lib.a(ble_lc_main.o)
 .comment       0x000000000000002b       0x2c ..\src\config\default\ble\lib\ble_stack_bz3_lib.a(ble_lc_p.o)
 .comment       0x000000000000002b       0x2c ..\src\config\default\ble\lib\ble_stack_bz3_lib.a(ble_lc_cmn.o)
 .comment       0x000000000000002b       0x2c ..\src\config\default\ble\lib\ble_stack_bz3_lib.a(ble_lc_chc.o)
 .comment       0x000000000000002b       0x2c ..\src\config\default\ble\lib\ble_stack_bz3_lib.a(ble_lc_adv_pri.o)
 .comment       0x000000000000002b       0x2c ..\src\config\default\ble\lib\ble_stack_bz3_lib.a(ble_lm_llcp_c.o)
 .comment       0x000000000000002b       0x2c ..\src\config\default\ble\lib\ble_stack_bz3_lib.a(ble_lm_llcp_pdu_c.o)
 .comment       0x000000000000002b       0x2c ..\src\config\default\ble\lib\ble_stack_bz3_lib.a(bb_clk.o)
 .comment       0x000000000000002b       0x2c ..\src\config\default\ble\lib\ble_stack_bz3_lib.a(ble_hal_ch_sel.o)
 .comment       0x000000000000002b       0x2c ..\src\config\default\ble\lib\ble_stack_bz3_lib.a(ble_hal_rssi.o)
 .comment       0x000000000000002b       0x2c ..\src\config\default\ble\lib\ble_stack_bz3_lib.a(ble_hal_sch.o)
 .comment       0x000000000000002b       0x53 ..\src\config\default\driver\pds\pds.a(wlPdsDataServer.o)
                                         0x54 (size before relaxing)
 .comment       0x000000000000007e       0x54 ..\src\config\default\driver\pds\pds.a(wlPdsInit.o)
 .comment       0x000000000000007e       0x54 ..\src\config\default\driver\pds\pds.a(D_Nv.o)
 .comment       0x000000000000007e       0x54 ..\src\config\default\driver\pds\pds.a(S_Nv-Chimera.o)
 .comment       0x000000000000007e       0x2b ..\src\config\default\driver\device_support\pic32cx_bz3_device_support.a(info_block_plat.o)
                                         0x2c (size before relaxing)
 .comment       0x00000000000000a9       0x2c ..\src\config\default\driver\device_support\pic32cx_bz3_device_support.a(info_block.o)
 .comment       0x00000000000000a9       0x2c ..\src\config\default\driver\device_support\pic32cx_bz3_device_support.a(pmu_dvr.o)
 .comment       0x00000000000000a9       0x2c ..\src\config\default\driver\device_support\pic32cx_bz3_device_support.a(pmu_system.o)
 .comment       0x00000000000000a9       0x2c ..\src\config\default\driver\device_support\pic32cx_bz3_device_support.a(rf.o)
 .comment       0x00000000000000a9       0x2c ..\src\config\default\driver\device_support\pic32cx_bz3_device_support.a(rf_system.o)
 .comment       0x00000000000000a9       0x2c ..\src\config\default\driver\device_support\pic32cx_bz3_device_support.a(rf_plat.o)
 .comment       0x00000000000000a9       0x2c ..\src\config\default\driver\device_support\pic32cx_bz3_device_support.a(sleep_system.o)
 .comment       0x00000000000000a9       0x2c c:/program files/microchip/xc32/v4.40/bin/bin/../../lib/gcc/pic32c/8.3.1/../../../../pic32c/lib/thumb/v7e-m+fp/hard\libpic32c.a(data_init.o)
 .comment       0x00000000000000a9       0x2c c:/program files/microchip/xc32/v4.40/bin/bin/../../lib/gcc/pic32c/8.3.1/../../../../pic32c/lib/thumb/v7e-m+fp/hard\libc-size-musl.a(memcmp.o)
 .comment       0x00000000000000a9       0x2c c:/program files/microchip/xc32/v4.40/bin/bin/../../lib/gcc/pic32c/8.3.1/../../../../pic32c/lib/thumb/v7e-m+fp/hard\libc-size-musl.a(memcpy.o)
 .comment       0x00000000000000a9       0x2c c:/program files/microchip/xc32/v4.40/bin/bin/../../lib/gcc/pic32c/8.3.1/../../../../pic32c/lib/thumb/v7e-m+fp/hard\libc-size-musl.a(memset.o)
 .comment       0x00000000000000a9       0x2c c:/program files/microchip/xc32/v4.40/bin/bin/../../lib/gcc/pic32c/8.3.1/../../../../pic32c/lib/thumb/v7e-m+fp/hard\libc-size-musl.a(strlen.o)
 .comment       0x00000000000000a9       0x2c c:/program files/microchip/xc32/v4.40/bin/bin/../../lib/gcc/pic32c/8.3.1/../../../../pic32c/lib/thumb/v7e-m+fp/hard\libc-size-musl.a(strcpy.o)
 .comment       0x00000000000000a9       0x2c c:/program files/microchip/xc32/v4.40/bin/bin/../../lib/gcc/pic32c/8.3.1/../../../../pic32c/lib/thumb/v7e-m+fp/hard\libc-size-musl.a(stpcpy.o)
 .comment       0x00000000000000a9       0x2c c:/program files/microchip/xc32/v4.40/bin/bin/../../lib/gcc/pic32c/8.3.1/../../../../pic32c/lib/thumb/v7e-m+fp/hard\libm-fast-emfloat.a(ceil.o)
 .comment       0x00000000000000a9       0x2c c:/program files/microchip/xc32/v4.40/bin/bin/../../lib/gcc/pic32c/8.3.1/../../../../pic32c/lib/thumb/v7e-m+fp/hard\libc-musl.a(__libc_start_main.o)
 .comment       0x00000000000000a9       0x2c c:/program files/microchip/xc32/v4.40/bin/bin/../../lib/gcc/pic32c/8.3.1/../../../../pic32c/lib/thumb/v7e-m+fp/hard\libc-musl.a(libc.o)
 .comment       0x00000000000000a9       0x2c c:/program files/microchip/xc32/v4.40/bin/bin/../../lib/gcc/pic32c/8.3.1/../../../../pic32c/lib/thumb/v7e-m+fp/hard\libc-musl.a(__environ.o)
 .comment       0x00000000000000a9       0x2c c:/program files/microchip/xc32/v4.40/bin/bin/../../lib/gcc/pic32c/8.3.1/../../../../pic32c/lib/thumb/v7e-m+fp/hard\libpic32c.a(pic32_data_init_clear.o)
 .comment       0x00000000000000a9       0x2c c:/program files/microchip/xc32/v4.40/bin/bin/../../lib/gcc/pic32c/8.3.1/../../../../pic32c/lib/thumb/v7e-m+fp/hard\libpic32c.a(pic32_data_init_copy.o)

.debug_info     0x0000000000000000   0x1fc652
 .debug_info    0x0000000000000000     0x1f79 build/default/production/_ext/1074542781/app_ble_handler.o
 .debug_info    0x0000000000001f79     0x2770 build/default/production/_ext/1074542781/app_ble.o
 .debug_info    0x00000000000046e9      0x479 build/default/production/_ext/1360937237/app.o
 .debug_info    0x0000000000004b62     0x140e build/default/production/_ext/1360937237/app_idle_task.o
 .debug_info    0x0000000000005f70       0xe4 build/default/production/_ext/1360937237/main.o
 .debug_info    0x0000000000006054      0x1f9 build/default/production/_ext/1171490990/tasks.o
 .debug_info    0x000000000000624d      0x62d build/default/production/_ext/1865254177/plib_gpio.o
 .debug_info    0x000000000000687a      0xbcb build/default/production/_ext/1171490990/initialization.o
 .debug_info    0x0000000000007445      0x52f build/default/production/_ext/1529399856/osal_freertos_extend.o
 .debug_info    0x0000000000007974      0x66e build/default/production/_ext/1665200909/heap_4.o
 .debug_info    0x0000000000007fe2      0x116 build/default/production/_ext/1171490990/exceptions.o
 .debug_info    0x00000000000080f8      0xcdf build/default/production/_ext/481755623/ble_dm_dds.o
 .debug_info    0x0000000000008dd7      0x503 build/default/production/_ext/246609638/port.o
 .debug_info    0x00000000000092da       0x9b build/default/production/_ext/1986646378/plib_evsys.o
 .debug_info    0x0000000000009375      0xab5 build/default/production/_ext/1865468468/plib_nvic.o
 .debug_info    0x0000000000009e2a     0x2a68 build/default/production/_ext/404212886/FreeRTOS_tasks.o
 .debug_info    0x000000000000c892     0x187c build/default/production/_ext/481755623/ble_dm_info.o
 .debug_info    0x000000000000e10e      0xb98 build/default/production/_ext/481755623/ble_dm.o
 .debug_info    0x000000000000eca6     0x1f98 build/default/production/_ext/481755623/ble_dm_sm.o
 .debug_info    0x0000000000010c3e      0xbda build/default/production/_ext/60165520/plib_clk.o
 .debug_info    0x0000000000011818      0x76d build/default/production/_ext/1529399856/osal_freertos.o
 .debug_info    0x0000000000011f85      0xad8 build/default/production/_ext/60180175/plib_rtc_timer.o
 .debug_info    0x0000000000012a5d      0xd79 build/default/production/_ext/889830802/mw_aes.o
 .debug_info    0x00000000000137d6      0x4a2 build/default/production/_ext/1171490990/interrupts.o
 .debug_info    0x0000000000013c78     0x1795 build/default/production/_ext/1171490990/device_sleep.o
 .debug_info    0x000000000001540d     0x1f5b build/default/production/_ext/404212886/queue.o
 .debug_info    0x0000000000017368     0x3326 build/default/production/_ext/1171490990/device_deep_sleep.o
 .debug_info    0x000000000001a68e      0x304 build/default/production/_ext/404212886/list.o
 .debug_info    0x000000000001a992      0x223 build/default/production/_ext/1171490990/freertos_hooks.o
 .debug_info    0x000000000001abb5     0x1812 build/default/production/_ext/504274921/plib_sercom0_usart.o
 .debug_info    0x000000000001c3c7     0x1bd5 build/default/production/_ext/481755623/ble_dm_conn.o
 .debug_info    0x000000000001df9c      0xb27 build/default/production/_ext/60176403/plib_nvm.o
 .debug_info    0x000000000001eac3      0x55b build/default/production/_ext/1171490990/startup_xc32.o
 .debug_info    0x000000000001f01e     0x5ccf ..\src\config\default\ble\lib\ble_stack_bz3_lib.a(ble_gap_adv.o)
 .debug_info    0x0000000000024ced     0x7ad6 ..\src\config\default\ble\lib\ble_stack_bz3_lib.a(ble_gap_conn.o)
 .debug_info    0x000000000002c7c3     0x532a ..\src\config\default\ble\lib\ble_stack_bz3_lib.a(ble_gap_connp.o)
 .debug_info    0x0000000000031aed     0x772f ..\src\config\default\ble\lib\ble_stack_bz3_lib.a(ble_gap_main.o)
 .debug_info    0x000000000003921c     0x2f56 ..\src\config\default\ble\lib\ble_stack_bz3_lib.a(ble_l2cap_main.o)
 .debug_info    0x000000000003c172     0x1ad2 ..\src\config\default\ble\lib\ble_stack_bz3_lib.a(ble_smp_main.o)
 .debug_info    0x000000000003dc44     0x205e ..\src\config\default\ble\lib\ble_stack_bz3_lib.a(ble_smp_passkey.o)
 .debug_info    0x000000000003fca2     0x3951 ..\src\config\default\ble\lib\ble_stack_bz3_lib.a(gap_main.o)
 .debug_info    0x00000000000435f3     0x366f ..\src\config\default\ble\lib\ble_stack_bz3_lib.a(gatts_main.o)
 .debug_info    0x0000000000046c62     0x316a ..\src\config\default\ble\lib\ble_stack_bz3_lib.a(gatts_read.o)
 .debug_info    0x0000000000049dcc     0x3199 ..\src\config\default\ble\lib\ble_stack_bz3_lib.a(gatts_service_mgr.o)
 .debug_info    0x000000000004cf65     0x288d ..\src\config\default\ble\lib\ble_stack_bz3_lib.a(gatts_write.o)
 .debug_info    0x000000000004f7f2      0x6f4 ..\src\config\default\ble\lib\ble_stack_bz3_lib.a(gas_svc.o)
 .debug_info    0x000000000004fee6      0x63c ..\src\config\default\ble\lib\ble_stack_bz3_lib.a(host_hci_le_adv.o)
 .debug_info    0x0000000000050522     0x1ab8 ..\src\config\default\ble\lib\ble_stack_bz3_lib.a(host_hci_le_conn.o)
 .debug_info    0x0000000000051fda      0x3c9 ..\src\config\default\ble\lib\ble_stack_bz3_lib.a(host_hci_le_connp.o)
 .debug_info    0x00000000000523a3      0xc70 ..\src\config\default\ble\lib\ble_stack_bz3_lib.a(host_hci_le_main.o)
 .debug_info    0x0000000000053013      0x285 ..\src\config\default\ble\lib\ble_stack_bz3_lib.a(host_hci_main.o)
 .debug_info    0x0000000000053298     0x5720 ..\src\config\default\ble\lib\ble_stack_bz3_lib.a(host_hci_core.o)
 .debug_info    0x00000000000589b8      0x3e2 ..\src\config\default\ble\lib\ble_stack_bz3_lib.a(l2cap_main.o)
 .debug_info    0x0000000000058d9a      0x65e ..\src\config\default\ble\lib\ble_stack_bz3_lib.a(sec_aes.o)
 .debug_info    0x00000000000593f8      0x694 ..\src\config\default\ble\lib\ble_stack_bz3_lib.a(stack_mgr.o)
 .debug_info    0x0000000000059a8c      0x2c7 ..\src\config\default\ble\lib\ble_stack_bz3_lib.a(stack_queue.o)
 .debug_info    0x0000000000059d53     0xc1ed ..\src\config\default\ble\lib\ble_stack_bz3_lib.a(bt_sys_init.o)
 .debug_info    0x0000000000065f40      0x2cb ..\src\config\default\ble\lib\ble_stack_bz3_lib.a(bt_sys_db.o)
 .debug_info    0x000000000006620b      0x47e ..\src\config\default\ble\lib\ble_stack_bz3_lib.a(bt_sys_cm_mem.o)
 .debug_info    0x0000000000066689      0xd1d ..\src\config\default\ble\lib\ble_stack_bz3_lib.a(bt_sys_msg.o)
 .debug_info    0x00000000000673a6      0xc6e ..\src\config\default\ble\lib\ble_stack_bz3_lib.a(bt_sys_task.o)
 .debug_info    0x0000000000068014     0xb773 ..\src\config\default\ble\lib\ble_stack_bz3_lib.a(bt_sys_idle.o)
 .debug_info    0x0000000000073787      0x128 ..\src\config\default\ble\lib\ble_stack_bz3_lib.a(bt_sys_mem.o)
 .debug_info    0x00000000000738af      0x21e ..\src\config\default\ble\lib\ble_stack_bz3_lib.a(bt_sys_log.o)
 .debug_info    0x0000000000073acd      0x819 ..\src\config\default\ble\lib\ble_stack_bz3_lib.a(bt_sys_trace.o)
 .debug_info    0x00000000000742e6     0xb31a ..\src\config\default\ble\lib\ble_stack_bz3_lib.a(bt_sys_aes.o)
 .debug_info    0x000000000007f600     0xc2e9 ..\src\config\default\ble\lib\ble_stack_bz3_lib.a(bt_sys_isr.o)
 .debug_info    0x000000000008b8e9     0xb57a ..\src\config\default\ble\lib\ble_stack_bz3_lib.a(bt_sys_rand.o)
 .debug_info    0x0000000000096e63      0x6e6 ..\src\config\default\ble\lib\ble_stack_bz3_lib.a(bt_sys_utility.o)
 .debug_info    0x0000000000097549     0xc15f ..\src\config\default\ble\lib\ble_stack_bz3_lib.a(bt_sys_timer.o)
 .debug_info    0x00000000000a36a8      0x2ed ..\src\config\default\ble\lib\ble_stack_bz3_lib.a(ble_ll_adv_init.o)
 .debug_info    0x00000000000a3995      0x52b ..\src\config\default\ble\lib\ble_stack_bz3_lib.a(ble_ll_conn_api.o)
 .debug_info    0x00000000000a3ec0      0x1c4 ..\src\config\default\ble\lib\ble_stack_bz3_lib.a(ble_ll_main_init.o)
 .debug_info    0x00000000000a4084      0x2bf ..\src\config\default\ble\lib\ble_stack_bz3_lib.a(ble_ll_p_init.o)
 .debug_info    0x00000000000a4343     0x1488 ..\src\config\default\ble\lib\ble_stack_bz3_lib.a(ll_api.o)
 .debug_info    0x00000000000a57cb     0x45ff ..\src\config\default\ble\lib\ble_stack_bz3_lib.a(ble_lm_adv_lega.o)
 .debug_info    0x00000000000a9dca     0x7001 ..\src\config\default\ble\lib\ble_stack_bz3_lib.a(ble_lm_adv_main.o)
 .debug_info    0x00000000000b0dcb    0x12fae ..\src\config\default\ble\lib\ble_stack_bz3_lib.a(ble_lm_cmn.o)
 .debug_info    0x00000000000c3d79    0x12f8a ..\src\config\default\ble\lib\ble_stack_bz3_lib.a(ble_lm_conn.o)
 .debug_info    0x00000000000d6d03     0x292c ..\src\config\default\ble\lib\ble_stack_bz3_lib.a(ble_lm_llcp_cmd_c.o)
 .debug_info    0x00000000000d962f     0x58fa ..\src\config\default\ble\lib\ble_stack_bz3_lib.a(ble_lm_llcp_cmd_cmn.o)
 .debug_info    0x00000000000def29     0x27b9 ..\src\config\default\ble\lib\ble_stack_bz3_lib.a(ble_lm_llcp_cmd_p.o)
 .debug_info    0x00000000000e16e2     0x5fcf ..\src\config\default\ble\lib\ble_stack_bz3_lib.a(ble_lm_llcp_cmn.o)
 .debug_info    0x00000000000e76b1     0x2fb3 ..\src\config\default\ble\lib\ble_stack_bz3_lib.a(ble_lm_llcp_p.o)
 .debug_info    0x00000000000ea664     0x52cc ..\src\config\default\ble\lib\ble_stack_bz3_lib.a(ble_lm_llcp_pdu_cmn.o)
 .debug_info    0x00000000000ef930     0x2859 ..\src\config\default\ble\lib\ble_stack_bz3_lib.a(ble_lm_llcp_pdu_p.o)
 .debug_info    0x00000000000f2189     0x3737 ..\src\config\default\ble\lib\ble_stack_bz3_lib.a(ble_lm_llcp_utility.o)
 .debug_info    0x00000000000f58c0     0x1ac8 ..\src\config\default\ble\lib\ble_stack_bz3_lib.a(ble_lm_main.o)
 .debug_info    0x00000000000f7388      0x37a ..\src\config\default\ble\lib\ble_stack_bz3_lib.a(ble_lm_p.o)
 .debug_info    0x00000000000f7702     0x32b9 ..\src\config\default\ble\lib\ble_stack_bz3_lib.a(ble_lm_chc.o)
 .debug_info    0x00000000000fa9bb     0x1081 ..\src\config\default\ble\lib\ble_stack_bz3_lib.a(ble_lm_uecc.o)
 .debug_info    0x00000000000fba3c      0x312 ..\src\config\default\ble\lib\ble_stack_bz3_lib.a(ble_phy_main.o)
 .debug_info    0x00000000000fbd4e    0x12087 ..\src\config\default\ble\lib\ble_stack_bz3_lib.a(rc.o)
 .debug_info    0x000000000010ddd5     0x195b ..\src\config\default\ble\lib\ble_stack_bz3_lib.a(rc_api.o)
 .debug_info    0x000000000010f730     0xc2ac ..\src\config\default\ble\lib\ble_stack_bz3_lib.a(rc_sleep.o)
 .debug_info    0x000000000011b9dc      0x893 ..\src\config\default\ble\lib\ble_stack_bz3_lib.a(bt_dev.o)
 .debug_info    0x000000000011c26f     0x4ad6 ..\src\config\default\ble\lib\ble_stack_bz3_lib.a(ble_gap_core.o)
 .debug_info    0x0000000000120d45     0x5b74 ..\src\config\default\ble\lib\ble_stack_bz3_lib.a(ble_smp_core.o)
 .debug_info    0x00000000001268b9      0x2c1 ..\src\config\default\ble\lib\ble_stack_bz3_lib.a(att_uuid.o)
 .debug_info    0x0000000000126b7a     0x2abe ..\src\config\default\ble\lib\ble_stack_bz3_lib.a(gatt_main.o)
 .debug_info    0x0000000000129638      0x512 ..\src\config\default\ble\lib\ble_stack_bz3_lib.a(gatt_svc.o)
 .debug_info    0x0000000000129b4a     0x1d9c ..\src\config\default\ble\lib\ble_stack_bz3_lib.a(gatts_ind.o)
 .debug_info    0x000000000012b8e6      0x39f ..\src\config\default\ble\lib\ble_stack_bz3_lib.a(bt_host.o)
 .debug_info    0x000000000012bc85      0xa28 ..\src\config\default\ble\lib\ble_stack_bz3_lib.a(ble_cmn.o)
 .debug_info    0x000000000012c6ad     0xbe86 ..\src\config\default\ble\lib\ble_stack_bz3_lib.a(ble_hal_clk.o)
 .debug_info    0x0000000000138533     0xbc02 ..\src\config\default\ble\lib\ble_stack_bz3_lib.a(ble_hal_fal.o)
 .debug_info    0x0000000000144135     0xb251 ..\src\config\default\ble\lib\ble_stack_bz3_lib.a(ble_hal_low_energy.o)
 .debug_info    0x000000000014f386     0xc2bd ..\src\config\default\ble\lib\ble_stack_bz3_lib.a(ble_hal_privacy.o)
 .debug_info    0x000000000015b643     0xb3e7 ..\src\config\default\ble\lib\ble_stack_bz3_lib.a(ble_hal_task.o)
 .debug_info    0x0000000000166a2a     0xbd57 ..\src\config\default\ble\lib\ble_stack_bz3_lib.a(ble_hal_utility.o)
 .debug_info    0x0000000000172781      0x739 ..\src\config\default\ble\lib\ble_stack_bz3_lib.a(ble_hal_cplt.o)
 .debug_info    0x0000000000172eba      0x862 ..\src\config\default\ble\lib\ble_stack_bz3_lib.a(ble_hal_tpc.o)
 .debug_info    0x000000000017371c      0x36c ..\src\config\default\ble\lib\ble_stack_bz3_lib.a(ble_hal_trx.o)
 .debug_info    0x0000000000173a88      0xa68 ..\src\config\default\ble\lib\ble_stack_bz3_lib.a(ble_isr_adv.o)
 .debug_info    0x00000000001744f0       0xbf ..\src\config\default\ble\lib\ble_stack_bz3_lib.a(ble_isr_main.o)
 .debug_info    0x00000000001745af      0x355 ..\src\config\default\ble\lib\ble_stack_bz3_lib.a(ble_isr_cmn.o)
 .debug_info    0x0000000000174904     0xe96e ..\src\config\default\ble\lib\ble_stack_bz3_lib.a(ble_lc_adv_main.o)
 .debug_info    0x0000000000183272    0x116d5 ..\src\config\default\ble\lib\ble_stack_bz3_lib.a(ble_lc_conn.o)
 .debug_info    0x0000000000194947      0x6bf ..\src\config\default\ble\lib\ble_stack_bz3_lib.a(ble_lc_main.o)
 .debug_info    0x0000000000195006     0xdfc3 ..\src\config\default\ble\lib\ble_stack_bz3_lib.a(ble_lc_p.o)
 .debug_info    0x00000000001a2fc9     0xc65b ..\src\config\default\ble\lib\ble_stack_bz3_lib.a(ble_lc_cmn.o)
 .debug_info    0x00000000001af624     0xc609 ..\src\config\default\ble\lib\ble_stack_bz3_lib.a(ble_lc_chc.o)
 .debug_info    0x00000000001bbc2d     0xdeaa ..\src\config\default\ble\lib\ble_stack_bz3_lib.a(ble_lc_adv_pri.o)
 .debug_info    0x00000000001c9ad7     0x2e45 ..\src\config\default\ble\lib\ble_stack_bz3_lib.a(ble_lm_llcp_c.o)
 .debug_info    0x00000000001cc91c     0x277d ..\src\config\default\ble\lib\ble_stack_bz3_lib.a(ble_lm_llcp_pdu_c.o)
 .debug_info    0x00000000001cf099      0x560 ..\src\config\default\ble\lib\ble_stack_bz3_lib.a(bb_clk.o)
 .debug_info    0x00000000001cf5f9     0xb386 ..\src\config\default\ble\lib\ble_stack_bz3_lib.a(ble_hal_ch_sel.o)
 .debug_info    0x00000000001da97f      0x2f1 ..\src\config\default\ble\lib\ble_stack_bz3_lib.a(ble_hal_rssi.o)
 .debug_info    0x00000000001dac70     0xb263 ..\src\config\default\ble\lib\ble_stack_bz3_lib.a(ble_hal_sch.o)
 .debug_info    0x00000000001e5ed3     0x1cf3 ..\src\config\default\driver\pds\pds.a(wlPdsDataServer.o)
 .debug_info    0x00000000001e7bc6      0x82b ..\src\config\default\driver\pds\pds.a(wlPdsInit.o)
 .debug_info    0x00000000001e83f1      0xc1e ..\src\config\default\driver\pds\pds.a(D_Nv.o)
 .debug_info    0x00000000001e900f     0x2b57 ..\src\config\default\driver\pds\pds.a(S_Nv-Chimera.o)
 .debug_info    0x00000000001ebb66      0xc9d ..\src\config\default\driver\device_support\pic32cx_bz3_device_support.a(info_block_plat.o)
 .debug_info    0x00000000001ec803     0x161f ..\src\config\default\driver\device_support\pic32cx_bz3_device_support.a(info_block.o)
 .debug_info    0x00000000001ede22      0x620 ..\src\config\default\driver\device_support\pic32cx_bz3_device_support.a(pmu_dvr.o)
 .debug_info    0x00000000001ee442     0x11a2 ..\src\config\default\driver\device_support\pic32cx_bz3_device_support.a(pmu_system.o)
 .debug_info    0x00000000001ef5e4     0x38dd ..\src\config\default\driver\device_support\pic32cx_bz3_device_support.a(rf.o)
 .debug_info    0x00000000001f2ec1     0x4dc0 ..\src\config\default\driver\device_support\pic32cx_bz3_device_support.a(rf_system.o)
 .debug_info    0x00000000001f7c81      0x41b ..\src\config\default\driver\device_support\pic32cx_bz3_device_support.a(rf_plat.o)
 .debug_info    0x00000000001f809c     0x3a40 ..\src\config\default\driver\device_support\pic32cx_bz3_device_support.a(sleep_system.o)
 .debug_info    0x00000000001fbadc       0x54 c:/program files/microchip/xc32/v4.40/bin/bin/../../lib/gcc/pic32c/8.3.1/../../../../pic32c/lib/thumb/v7e-m+fp/hard\libpic32c.a(data_init.o)
 .debug_info    0x00000000001fbb30       0xe0 c:/program files/microchip/xc32/v4.40/bin/bin/../../lib/gcc/pic32c/8.3.1/../../../../pic32c/lib/thumb/v7e-m+fp/hard\libc-size-musl.a(memcmp.o)
 .debug_info    0x00000000001fbc10       0xf3 c:/program files/microchip/xc32/v4.40/bin/bin/../../lib/gcc/pic32c/8.3.1/../../../../pic32c/lib/thumb/v7e-m+fp/hard\libc-size-musl.a(memcpy.o)
 .debug_info    0x00000000001fbd03       0xbb c:/program files/microchip/xc32/v4.40/bin/bin/../../lib/gcc/pic32c/8.3.1/../../../../pic32c/lib/thumb/v7e-m+fp/hard\libc-size-musl.a(memset.o)
 .debug_info    0x00000000001fbdbe       0xa4 c:/program files/microchip/xc32/v4.40/bin/bin/../../lib/gcc/pic32c/8.3.1/../../../../pic32c/lib/thumb/v7e-m+fp/hard\libc-size-musl.a(strlen.o)
 .debug_info    0x00000000001fbe62       0xbd c:/program files/microchip/xc32/v4.40/bin/bin/../../lib/gcc/pic32c/8.3.1/../../../../pic32c/lib/thumb/v7e-m+fp/hard\libc-size-musl.a(strcpy.o)
 .debug_info    0x00000000001fbf1f       0xac c:/program files/microchip/xc32/v4.40/bin/bin/../../lib/gcc/pic32c/8.3.1/../../../../pic32c/lib/thumb/v7e-m+fp/hard\libc-size-musl.a(stpcpy.o)
 .debug_info    0x00000000001fbfcb      0x2fb c:/program files/microchip/xc32/v4.40/bin/bin/../../lib/gcc/pic32c/8.3.1/../../../../pic32c/lib/thumb/v7e-m+fp/hard\libc-musl.a(__libc_start_main.o)
 .debug_info    0x00000000001fc2c6      0x276 c:/program files/microchip/xc32/v4.40/bin/bin/../../lib/gcc/pic32c/8.3.1/../../../../pic32c/lib/thumb/v7e-m+fp/hard\libc-musl.a(libc.o)
 .debug_info    0x00000000001fc53c       0x97 c:/program files/microchip/xc32/v4.40/bin/bin/../../lib/gcc/pic32c/8.3.1/../../../../pic32c/lib/thumb/v7e-m+fp/hard\libc-musl.a(__environ.o)
 .debug_info    0x00000000001fc5d3       0x3f c:/program files/microchip/xc32/v4.40/bin/bin/../../lib/gcc/pic32c/8.3.1/../../../../pic32c/lib/thumb/v7e-m+fp/hard\libpic32c.a(pic32_data_init_clear.o)
 .debug_info    0x00000000001fc612       0x40 c:/program files/microchip/xc32/v4.40/bin/bin/../../lib/gcc/pic32c/8.3.1/../../../../pic32c/lib/thumb/v7e-m+fp/hard\libpic32c.a(pic32_data_init_copy.o)

.debug_abbrev   0x0000000000000000    0x18dc0
 .debug_abbrev  0x0000000000000000      0x243 build/default/production/_ext/1074542781/app_ble_handler.o
 .debug_abbrev  0x0000000000000243      0x352 build/default/production/_ext/1074542781/app_ble.o
 .debug_abbrev  0x0000000000000595      0x1a6 build/default/production/_ext/1360937237/app.o
 .debug_abbrev  0x000000000000073b      0x2d0 build/default/production/_ext/1360937237/app_idle_task.o
 .debug_abbrev  0x0000000000000a0b       0x82 build/default/production/_ext/1360937237/main.o
 .debug_abbrev  0x0000000000000a8d      0x12b build/default/production/_ext/1171490990/tasks.o
 .debug_abbrev  0x0000000000000bb8       0xea build/default/production/_ext/1865254177/plib_gpio.o
 .debug_abbrev  0x0000000000000ca2      0x1fc build/default/production/_ext/1171490990/initialization.o
 .debug_abbrev  0x0000000000000e9e      0x15d build/default/production/_ext/1529399856/osal_freertos_extend.o
 .debug_abbrev  0x0000000000000ffb      0x28f build/default/production/_ext/1665200909/heap_4.o
 .debug_abbrev  0x000000000000128a       0x49 build/default/production/_ext/1171490990/exceptions.o
 .debug_abbrev  0x00000000000012d3      0x2f4 build/default/production/_ext/481755623/ble_dm_dds.o
 .debug_abbrev  0x00000000000015c7      0x28f build/default/production/_ext/246609638/port.o
 .debug_abbrev  0x0000000000001856       0x46 build/default/production/_ext/1986646378/plib_evsys.o
 .debug_abbrev  0x000000000000189c      0x258 build/default/production/_ext/1865468468/plib_nvic.o
 .debug_abbrev  0x0000000000001af4      0x444 build/default/production/_ext/404212886/FreeRTOS_tasks.o
 .debug_abbrev  0x0000000000001f38      0x382 build/default/production/_ext/481755623/ble_dm_info.o
 .debug_abbrev  0x00000000000022ba      0x226 build/default/production/_ext/481755623/ble_dm.o
 .debug_abbrev  0x00000000000024e0      0x383 build/default/production/_ext/481755623/ble_dm_sm.o
 .debug_abbrev  0x0000000000002863       0xdc build/default/production/_ext/60165520/plib_clk.o
 .debug_abbrev  0x000000000000293f      0x1be build/default/production/_ext/1529399856/osal_freertos.o
 .debug_abbrev  0x0000000000002afd      0x1f0 build/default/production/_ext/60180175/plib_rtc_timer.o
 .debug_abbrev  0x0000000000002ced      0x1ba build/default/production/_ext/889830802/mw_aes.o
 .debug_abbrev  0x0000000000002ea7       0xc0 build/default/production/_ext/1171490990/interrupts.o
 .debug_abbrev  0x0000000000002f67      0x32a build/default/production/_ext/1171490990/device_sleep.o
 .debug_abbrev  0x0000000000003291      0x31b build/default/production/_ext/404212886/queue.o
 .debug_abbrev  0x00000000000035ac      0x3d1 build/default/production/_ext/1171490990/device_deep_sleep.o
 .debug_abbrev  0x000000000000397d      0x133 build/default/production/_ext/404212886/list.o
 .debug_abbrev  0x0000000000003ab0      0x159 build/default/production/_ext/1171490990/freertos_hooks.o
 .debug_abbrev  0x0000000000003c09      0x41f build/default/production/_ext/504274921/plib_sercom0_usart.o
 .debug_abbrev  0x0000000000004028      0x435 build/default/production/_ext/481755623/ble_dm_conn.o
 .debug_abbrev  0x000000000000445d      0x33e build/default/production/_ext/60176403/plib_nvm.o
 .debug_abbrev  0x000000000000479b      0x1e3 build/default/production/_ext/1171490990/startup_xc32.o
 .debug_abbrev  0x000000000000497e      0x443 ..\src\config\default\ble\lib\ble_stack_bz3_lib.a(ble_gap_adv.o)
 .debug_abbrev  0x0000000000004dc1      0x433 ..\src\config\default\ble\lib\ble_stack_bz3_lib.a(ble_gap_conn.o)
 .debug_abbrev  0x00000000000051f4      0x365 ..\src\config\default\ble\lib\ble_stack_bz3_lib.a(ble_gap_connp.o)
 .debug_abbrev  0x0000000000005559      0x56c ..\src\config\default\ble\lib\ble_stack_bz3_lib.a(ble_gap_main.o)
 .debug_abbrev  0x0000000000005ac5      0x5ac ..\src\config\default\ble\lib\ble_stack_bz3_lib.a(ble_l2cap_main.o)
 .debug_abbrev  0x0000000000006071      0x3b9 ..\src\config\default\ble\lib\ble_stack_bz3_lib.a(ble_smp_main.o)
 .debug_abbrev  0x000000000000642a      0x3ba ..\src\config\default\ble\lib\ble_stack_bz3_lib.a(ble_smp_passkey.o)
 .debug_abbrev  0x00000000000067e4      0x29f ..\src\config\default\ble\lib\ble_stack_bz3_lib.a(gap_main.o)
 .debug_abbrev  0x0000000000006a83      0x4de ..\src\config\default\ble\lib\ble_stack_bz3_lib.a(gatts_main.o)
 .debug_abbrev  0x0000000000006f61      0x40a ..\src\config\default\ble\lib\ble_stack_bz3_lib.a(gatts_read.o)
 .debug_abbrev  0x000000000000736b      0x491 ..\src\config\default\ble\lib\ble_stack_bz3_lib.a(gatts_service_mgr.o)
 .debug_abbrev  0x00000000000077fc      0x425 ..\src\config\default\ble\lib\ble_stack_bz3_lib.a(gatts_write.o)
 .debug_abbrev  0x0000000000007c21      0x1a3 ..\src\config\default\ble\lib\ble_stack_bz3_lib.a(gas_svc.o)
 .debug_abbrev  0x0000000000007dc4      0x172 ..\src\config\default\ble\lib\ble_stack_bz3_lib.a(host_hci_le_adv.o)
 .debug_abbrev  0x0000000000007f36      0x1e3 ..\src\config\default\ble\lib\ble_stack_bz3_lib.a(host_hci_le_conn.o)
 .debug_abbrev  0x0000000000008119      0x172 ..\src\config\default\ble\lib\ble_stack_bz3_lib.a(host_hci_le_connp.o)
 .debug_abbrev  0x000000000000828b      0x1e5 ..\src\config\default\ble\lib\ble_stack_bz3_lib.a(host_hci_le_main.o)
 .debug_abbrev  0x0000000000008470      0x15b ..\src\config\default\ble\lib\ble_stack_bz3_lib.a(host_hci_main.o)
 .debug_abbrev  0x00000000000085cb      0x492 ..\src\config\default\ble\lib\ble_stack_bz3_lib.a(host_hci_core.o)
 .debug_abbrev  0x0000000000008a5d      0x1f1 ..\src\config\default\ble\lib\ble_stack_bz3_lib.a(l2cap_main.o)
 .debug_abbrev  0x0000000000008c4e      0x1fd ..\src\config\default\ble\lib\ble_stack_bz3_lib.a(sec_aes.o)
 .debug_abbrev  0x0000000000008e4b      0x256 ..\src\config\default\ble\lib\ble_stack_bz3_lib.a(stack_mgr.o)
 .debug_abbrev  0x00000000000090a1      0x13c ..\src\config\default\ble\lib\ble_stack_bz3_lib.a(stack_queue.o)
 .debug_abbrev  0x00000000000091dd      0x371 ..\src\config\default\ble\lib\ble_stack_bz3_lib.a(bt_sys_init.o)
 .debug_abbrev  0x000000000000954e       0xf7 ..\src\config\default\ble\lib\ble_stack_bz3_lib.a(bt_sys_db.o)
 .debug_abbrev  0x0000000000009645      0x245 ..\src\config\default\ble\lib\ble_stack_bz3_lib.a(bt_sys_cm_mem.o)
 .debug_abbrev  0x000000000000988a      0x299 ..\src\config\default\ble\lib\ble_stack_bz3_lib.a(bt_sys_msg.o)
 .debug_abbrev  0x0000000000009b23      0x32e ..\src\config\default\ble\lib\ble_stack_bz3_lib.a(bt_sys_task.o)
 .debug_abbrev  0x0000000000009e51      0x342 ..\src\config\default\ble\lib\ble_stack_bz3_lib.a(bt_sys_idle.o)
 .debug_abbrev  0x000000000000a193       0xbe ..\src\config\default\ble\lib\ble_stack_bz3_lib.a(bt_sys_mem.o)
 .debug_abbrev  0x000000000000a251      0x109 ..\src\config\default\ble\lib\ble_stack_bz3_lib.a(bt_sys_log.o)
 .debug_abbrev  0x000000000000a35a      0x366 ..\src\config\default\ble\lib\ble_stack_bz3_lib.a(bt_sys_trace.o)
 .debug_abbrev  0x000000000000a6c0      0x189 ..\src\config\default\ble\lib\ble_stack_bz3_lib.a(bt_sys_aes.o)
 .debug_abbrev  0x000000000000a849      0x459 ..\src\config\default\ble\lib\ble_stack_bz3_lib.a(bt_sys_isr.o)
 .debug_abbrev  0x000000000000aca2      0x294 ..\src\config\default\ble\lib\ble_stack_bz3_lib.a(bt_sys_rand.o)
 .debug_abbrev  0x000000000000af36      0x120 ..\src\config\default\ble\lib\ble_stack_bz3_lib.a(bt_sys_utility.o)
 .debug_abbrev  0x000000000000b056      0x484 ..\src\config\default\ble\lib\ble_stack_bz3_lib.a(bt_sys_timer.o)
 .debug_abbrev  0x000000000000b4da       0xcc ..\src\config\default\ble\lib\ble_stack_bz3_lib.a(ble_ll_adv_init.o)
 .debug_abbrev  0x000000000000b5a6      0x19e ..\src\config\default\ble\lib\ble_stack_bz3_lib.a(ble_ll_conn_api.o)
 .debug_abbrev  0x000000000000b744       0xfd ..\src\config\default\ble\lib\ble_stack_bz3_lib.a(ble_ll_main_init.o)
 .debug_abbrev  0x000000000000b841       0xcc ..\src\config\default\ble\lib\ble_stack_bz3_lib.a(ble_ll_p_init.o)
 .debug_abbrev  0x000000000000b90d      0x16b ..\src\config\default\ble\lib\ble_stack_bz3_lib.a(ll_api.o)
 .debug_abbrev  0x000000000000ba78      0x4b5 ..\src\config\default\ble\lib\ble_stack_bz3_lib.a(ble_lm_adv_lega.o)
 .debug_abbrev  0x000000000000bf2d      0x683 ..\src\config\default\ble\lib\ble_stack_bz3_lib.a(ble_lm_adv_main.o)
 .debug_abbrev  0x000000000000c5b0      0x6f7 ..\src\config\default\ble\lib\ble_stack_bz3_lib.a(ble_lm_cmn.o)
 .debug_abbrev  0x000000000000cca7      0x781 ..\src\config\default\ble\lib\ble_stack_bz3_lib.a(ble_lm_conn.o)
 .debug_abbrev  0x000000000000d428      0x312 ..\src\config\default\ble\lib\ble_stack_bz3_lib.a(ble_lm_llcp_cmd_c.o)
 .debug_abbrev  0x000000000000d73a      0x3ea ..\src\config\default\ble\lib\ble_stack_bz3_lib.a(ble_lm_llcp_cmd_cmn.o)
 .debug_abbrev  0x000000000000db24      0x2eb ..\src\config\default\ble\lib\ble_stack_bz3_lib.a(ble_lm_llcp_cmd_p.o)
 .debug_abbrev  0x000000000000de0f      0x58b ..\src\config\default\ble\lib\ble_stack_bz3_lib.a(ble_lm_llcp_cmn.o)
 .debug_abbrev  0x000000000000e39a      0x422 ..\src\config\default\ble\lib\ble_stack_bz3_lib.a(ble_lm_llcp_p.o)
 .debug_abbrev  0x000000000000e7bc      0x425 ..\src\config\default\ble\lib\ble_stack_bz3_lib.a(ble_lm_llcp_pdu_cmn.o)
 .debug_abbrev  0x000000000000ebe1      0x33b ..\src\config\default\ble\lib\ble_stack_bz3_lib.a(ble_lm_llcp_pdu_p.o)
 .debug_abbrev  0x000000000000ef1c      0x46f ..\src\config\default\ble\lib\ble_stack_bz3_lib.a(ble_lm_llcp_utility.o)
 .debug_abbrev  0x000000000000f38b      0x2a8 ..\src\config\default\ble\lib\ble_stack_bz3_lib.a(ble_lm_main.o)
 .debug_abbrev  0x000000000000f633       0xf3 ..\src\config\default\ble\lib\ble_stack_bz3_lib.a(ble_lm_p.o)
 .debug_abbrev  0x000000000000f726      0x42d ..\src\config\default\ble\lib\ble_stack_bz3_lib.a(ble_lm_chc.o)
 .debug_abbrev  0x000000000000fb53      0x38c ..\src\config\default\ble\lib\ble_stack_bz3_lib.a(ble_lm_uecc.o)
 .debug_abbrev  0x000000000000fedf      0x199 ..\src\config\default\ble\lib\ble_stack_bz3_lib.a(ble_phy_main.o)
 .debug_abbrev  0x0000000000010078      0x656 ..\src\config\default\ble\lib\ble_stack_bz3_lib.a(rc.o)
 .debug_abbrev  0x00000000000106ce      0x3b8 ..\src\config\default\ble\lib\ble_stack_bz3_lib.a(rc_api.o)
 .debug_abbrev  0x0000000000010a86      0x2c2 ..\src\config\default\ble\lib\ble_stack_bz3_lib.a(rc_sleep.o)
 .debug_abbrev  0x0000000000010d48      0x2ad ..\src\config\default\ble\lib\ble_stack_bz3_lib.a(bt_dev.o)
 .debug_abbrev  0x0000000000010ff5      0x2c6 ..\src\config\default\ble\lib\ble_stack_bz3_lib.a(ble_gap_core.o)
 .debug_abbrev  0x00000000000112bb      0x4aa ..\src\config\default\ble\lib\ble_stack_bz3_lib.a(ble_smp_core.o)
 .debug_abbrev  0x0000000000011765       0x70 ..\src\config\default\ble\lib\ble_stack_bz3_lib.a(att_uuid.o)
 .debug_abbrev  0x00000000000117d5      0x552 ..\src\config\default\ble\lib\ble_stack_bz3_lib.a(gatt_main.o)
 .debug_abbrev  0x0000000000011d27      0x138 ..\src\config\default\ble\lib\ble_stack_bz3_lib.a(gatt_svc.o)
 .debug_abbrev  0x0000000000011e5f      0x3ce ..\src\config\default\ble\lib\ble_stack_bz3_lib.a(gatts_ind.o)
 .debug_abbrev  0x000000000001222d      0x180 ..\src\config\default\ble\lib\ble_stack_bz3_lib.a(bt_host.o)
 .debug_abbrev  0x00000000000123ad      0x293 ..\src\config\default\ble\lib\ble_stack_bz3_lib.a(ble_cmn.o)
 .debug_abbrev  0x0000000000012640      0x370 ..\src\config\default\ble\lib\ble_stack_bz3_lib.a(ble_hal_clk.o)
 .debug_abbrev  0x00000000000129b0      0x31f ..\src\config\default\ble\lib\ble_stack_bz3_lib.a(ble_hal_fal.o)
 .debug_abbrev  0x0000000000012ccf      0x157 ..\src\config\default\ble\lib\ble_stack_bz3_lib.a(ble_hal_low_energy.o)
 .debug_abbrev  0x0000000000012e26      0x435 ..\src\config\default\ble\lib\ble_stack_bz3_lib.a(ble_hal_privacy.o)
 .debug_abbrev  0x000000000001325b      0x1d9 ..\src\config\default\ble\lib\ble_stack_bz3_lib.a(ble_hal_task.o)