Archive member included to satisfy reference by file (symbol)

..\src\config\default\driver\pds\pds.a(wlPdsDataServer.o)
                              build/default/production/_ext/16121766/wlPdsTypesConverter.o (PDS_GetItemDescr)
..\src\config\default\driver\pds\pds.a(wlPdsInit.o)
                              build/default/production/_ext/1171490990/initialization.o (PDS_Init)
..\src\config\default\driver\pds\pds.a(D_Nv.o)
                              ..\src\config\default\driver\pds\pds.a(wlPdsInit.o) (D_Nv_Init)
..\src\config\default\driver\pds\pds.a(S_Nv-Chimera.o)
                              ..\src\config\default\driver\pds\pds.a(wlPdsInit.o) (S_Nv_Init)
..\src\config\default\zigbee\lib\zigbee_alldevice_lib.a(N_AddressManager.o)
                              build/default/production/_ext/1992166216/csPersistentMem.o (s_freeRanges)
..\src\config\default\zigbee\lib\zigbee_alldevice_lib.a(N_ConnectionCommon.o)
                              build/default/production/_ext/677812807/z3DevicePic32cx.o (N_Connection_IsConnected)
..\src\config\default\zigbee\lib\zigbee_alldevice_lib.a(N_ConnectionEnddevice.o)
                              ..\src\config\default\zigbee\lib\zigbee_alldevice_lib.a(N_ConnectionCommon.o) (N_ConnectionEndDevice_Subscribe_Impl)
..\src\config\default\zigbee\lib\zigbee_alldevice_lib.a(N_ConnectionRouter.o)
                              ..\src\config\default\zigbee\lib\zigbee_alldevice_lib.a(N_ConnectionCommon.o) (N_Connection_RouterSearchNetwork)
..\src\config\default\zigbee\lib\zigbee_alldevice_lib.a(N_Connection_ReconnectHandler.o)
                              build/default/production/_ext/677812807/z3DevicePic32cx.o (N_ConnectionEndDevice_Reconnect_Impl)
..\src\config\default\zigbee\lib\zigbee_alldevice_lib.a(N_DeviceInfo.o)
                              ..\src\config\default\zigbee\lib\zigbee_alldevice_lib.a(N_ConnectionRouter.o) (N_DeviceInfo_GetNetworkPanId_Impl)
..\src\config\default\zigbee\lib\zigbee_alldevice_lib.a(N_ErrH.o)
                              build/default/production/_ext/677812807/errH.o (N_ErrH_Fatal)
..\src\config\default\zigbee\lib\zigbee_alldevice_lib.a(N_Log.o)
                              ..\src\config\default\zigbee\lib\zigbee_alldevice_lib.a(N_ConnectionRouter.o) (N_Log_Prepare)
..\src\config\default\zigbee\lib\zigbee_alldevice_lib.a(N_Radio.o)
                              ..\src\config\default\zigbee\lib\zigbee_alldevice_lib.a(N_ConnectionCommon.o) (N_Radio_SetChannel_Impl)
..\src\config\default\zigbee\lib\zigbee_alldevice_lib.a(N_Security.o)
                              ..\src\config\default\zigbee\lib\zigbee_alldevice_lib.a(N_ConnectionEnddevice.o) (N_Security_GetRandomData_Impl)
..\src\config\default\zigbee\lib\zigbee_alldevice_lib.a(N_Security_Calc.o)
                              ..\src\config\default\zigbee\lib\zigbee_alldevice_lib.a(N_Security.o) (N_Security_Calc_Init)
..\src\config\default\zigbee\lib\zigbee_alldevice_lib.a(N_Task-Internal-Microchip.o)
                              build/default/production/_ext/2010351915/sysTaskManager.o (ZLL_TaskHandler)
..\src\config\default\zigbee\lib\zigbee_alldevice_lib.a(N_Task.o)
                              ..\src\config\default\zigbee\lib\zigbee_alldevice_lib.a(N_DeviceInfo.o) (N_Task_SetEvent)
..\src\config\default\zigbee\lib\zigbee_alldevice_lib.a(N_Zdp.o)
                              ..\src\config\default\zigbee\lib\zigbee_alldevice_lib.a(N_ConnectionEnddevice.o) (N_Zdp_SendDeviceAnnounce_Impl)
..\src\config\default\zigbee\lib\zigbee_alldevice_lib.a(aps.o)
                              build/default/production/_ext/677812807/z3DevicePic32cx.o (APS_NextEndpoint)
..\src\config\default\zigbee\lib\zigbee_alldevice_lib.a(bdb.o)
                              build/default/production/_ext/767455689/BDB_Unpack.o (BDB_Init)
..\src\config\default\zigbee\lib\zigbee_alldevice_lib.a(bdbBcEventsHandler.o)
                              ..\src\config\default\zigbee\lib\zigbee_alldevice_lib.a(bdb.o) (bdbTrustCenterResetNodeJoinInfoTable)
..\src\config\default\zigbee\lib\zigbee_alldevice_lib.a(bdbCommissioning.o)
                              ..\src\config\default\zigbee\lib\zigbee_alldevice_lib.a(bdb.o) (bdbCommissioning_EventHandler)
..\src\config\default\zigbee\lib\zigbee_alldevice_lib.a(bdbFindingAndBinding.o)
                              ..\src\config\default\zigbee\lib\zigbee_alldevice_lib.a(bdb.o) (bdbFindingAndBinding_EventHandler)
..\src\config\default\zigbee\lib\zigbee_alldevice_lib.a(bdbIB.o)
                              ..\src\config\default\zigbee\lib\zigbee_alldevice_lib.a(bdb.o) (BDB_ResetIB)
..\src\config\default\zigbee\lib\zigbee_alldevice_lib.a(bdbInstallCode.o)
                              build/default/production/_ext/767455689/BDB_Unpack.o (BDB_ConfigureInstallCode)
..\src\config\default\zigbee\lib\zigbee_alldevice_lib.a(bdbNwkFormation.o)
                              ..\src\config\default\zigbee\lib\zigbee_alldevice_lib.a(bdb.o) (bdbNwkFormation_EventHandler)
[...]
Memory Configuration

Name             Origin             Length             Attributes
rom              0x0000000001000200 0x000000000007be00 xrl
pds              0x000000000107c000 0x0000000000004000 xr
bkupram          0x0000000020000000 0x0000000000000800
ram              0x0000000020000800 0x0000000000017800 xw !r
config_D0045F88  0x00000000d0045f88 0x0000000000000004
config_D0045F8C  0x00000000d0045f8c 0x0000000000000004
config_D0045F90  0x00000000d0045f90 0x0000000000000004
config_D0045F94  0x00000000d0045f94 0x0000000000000004
config_D0045F98  0x00000000d0045f98 0x0000000000000004
*default*        0x0000000000000000 0xffffffffffffffff

Linker script and memory map

LOAD c:/program files/microchip/xc32/v4.40/bin/bin/../../lib/gcc/pic32c/8.3.1/thumb/v7e-m+fp/hard/crti.o
LOAD c:/program files/microchip/xc32/v4.40/bin/bin/../../lib/gcc/pic32c/8.3.1/thumb/v7e-m+fp/hard/crtbegin.o
LOAD build/default/production/_ext/420101457/cscConsole.o
LOAD build/default/production/_ext/420101457/consoleCmds.o
LOAD build/default/production/_ext/420101457/console.o
LOAD build/default/production/_ext/628245630/app_zigbee_handler.o
LOAD build/default/production/_ext/628245630/app_zigbee.o
LOAD build/default/production/_ext/791560404/rgb_led.o
LOAD build/default/production/_ext/1360937237/app.o
LOAD build/default/production/_ext/1360937237/app_idle_task.o
LOAD build/default/production/_ext/1360937237/app_user_edits.o
LOAD build/default/production/_ext/1360937237/main.o
LOAD build/default/production/_ext/1360937237/app_touch.o
LOAD build/default/production/_ext/2010351915/sysEventsHandler.o
LOAD build/default/production/_ext/1852899459/timer.o
LOAD build/default/production/_ext/888883922/CS_API.o
LOAD build/default/production/_ext/2010351915/sysQueue.o
LOAD build/default/production/_ext/1865468468/plib_nvic.o
LOAD build/default/production/_ext/1865254177/plib_gpio.o
LOAD build/default/production/_ext/677812807/zigbee_init.o
LOAD build/default/production/_ext/410253077/scenesCluster.o
LOAD build/default/production/_ext/767455689/BDB_Unpack.o
LOAD build/default/production/_ext/1852899459/statStack.o
LOAD build/default/production/_ext/2010351915/sysMutex.o
LOAD build/default/production/_ext/2010351915/dbg.o
LOAD build/default/production/_ext/1171490990/interrupts.o
LOAD build/default/production/_ext/1171490990/exceptions.o
LOAD build/default/production/_ext/1171490990/libc_syscalls.o
LOAD build/default/production/_ext/266130186/zclOtauClientQuery.o
LOAD build/default/production/_ext/677812807/errH.o
LOAD build/default/production/_ext/1965740351/cscColorControlCluster.o
LOAD build/default/production/_ext/404212886/list.o
LOAD build/default/production/_ext/1852899459/halTaskManager.o
LOAD build/default/production/_ext/767443559/NWK_Unpack.o
LOAD build/default/production/_ext/677812807/z3DevicePic32cx.o
LOAD build/default/production/_ext/404212886/queue.o
LOAD build/default/production/_ext/60165520/plib_clk.o
LOAD build/default/production/_ext/162237794/hcvd_driver_PIC32CX.o
LOAD build/default/production/_ext/404212886/croutine.o
LOAD build/default/production/_ext/16121766/wlPdsTypesConverter.o
LOAD build/default/production/_ext/767432612/ZDO_Unpack.o
LOAD build/default/production/_ext/246609638/port.o
LOAD build/default/production/_ext/2010351915/sysStat.o
LOAD build/default/production/_ext/1965740351/cscLevelControlCluster.o
LOAD build/default/production/_ext/2026454998/halAes.o
LOAD build/default/production/_ext/1529399856/osal_freertos.o
LOAD build/default/production/_ext/404212886/timers.o
LOAD build/default/production/_ext/1992166216/csPersistentMem.o
LOAD build/default/production/_ext/2026454998/halAppClock.o
LOAD build/default/production/_ext/176650468/N_Util.o
LOAD build/default/production/_ext/410253077/commissioningCluster.o
LOAD build/default/production/_ext/2010351915/sysAssert.o
LOAD build/default/production/_ext/410253077/groupsCluster.o
LOAD build/default/production/_ext/2026454998/halMacIsr.o
LOAD build/default/production/_ext/1852899459/appTimer.o
LOAD build/default/production/_ext/404212886/FreeRTOS_tasks.o
LOAD build/default/production/_ext/677812807/zgpAppInterface.o
LOAD build/default/production/_ext/2026454998/halRfCtrl.o
LOAD build/default/production/_ext/1965740351/cscIdentifyCluster.o
LOAD build/default/production/_ext/1965740351/cscOnOffCluster.o
LOAD build/default/production/_ext/410253077/colorControlCluster.o
LOAD build/default/production/_ext/677812807/pic32cxBSP.o
LOAD build/default/production/_ext/767432646/ZCL_API.o
LOAD build/default/production/_ext/266130186/zclOtauClientUpgrade.o
LOAD build/default/production/_ext/1171490990/initialization.o
LOAD build/default/production/_ext/1965740351/cscCommissioningCluster.o
LOAD build/default/production/_ext/266130186/zclOtauClient.o
LOAD build/default/production/_ext/1965740351/colorSceneController.o
LOAD build/default/production/_ext/2010351915/sysTaskManager.o
LOAD build/default/production/_ext/60181570/plib_tcc0.o
LOAD build/default/production/_ext/1529399856/osal_freertos_extend.o
LOAD build/default/production/_ext/410253077/haClusters.o
LOAD build/default/production/_ext/1543366104/scenes.o
LOAD build/default/production/_ext/677812807/hs2xy.o
LOAD build/default/production/_ext/410253077/identifyCluster.o
LOAD build/default/production/_ext/1171490990/startup_xc32.o
LOAD build/default/production/_ext/1965740351/cscClusters.o
LOAD build/default/production/_ext/266130186/zclCommandManager.o
LOAD build/default/production/_ext/1982400153/plib_adchs.o
LOAD build/default/production/_ext/2010351915/sysTimer.o
LOAD build/default/production/_ext/60181570/plib_tcc2.o
LOAD build/default/production/_ext/677812807/zgb_task.o
LOAD build/default/production/_ext/767432646/ZCL_Unpack.o
LOAD build/default/production/_ext/2010351915/sysIdleHandler.o
LOAD build/default/production/_ext/2010351915/sysUtils.o
LOAD build/default/production/_ext/60180175/plib_rtc_timer.o
LOAD build/default/production/_ext/2026454998/halTrng.o
LOAD build/default/production/_ext/888883922/CS_Unpack.o
LOAD build/default/production/_ext/16121766/bcPDS.o
LOAD build/default/production/_ext/1171490990/device_deep_sleep.o
LOAD build/default/production/_ext/2026454998/atomic.o
LOAD build/default/production/_ext/767455689/BDB_API.o
LOAD build/default/production/_ext/410253077/onOffCluster.o
LOAD build/default/production/_ext/266130186/zclOtauClientDiscovery.o
LOAD build/default/production/_ext/1986646378/plib_evsys.o
LOAD build/default/production/_ext/1965740351/cscGroupsCluster.o
LOAD build/default/production/_ext/404212886/event_groups.o
LOAD build/default/production/_ext/404212886/stream_buffer.o
LOAD build/default/production/_ext/1171490990/tasks.o
LOAD build/default/production/_ext/1965740351/cscScenesCluster.o
LOAD build/default/production/_ext/1992166216/csMem.o
LOAD build/default/production/_ext/1948328747/fakeBSP.o
LOAD build/default/production/_ext/767432612/ZDO_API.o
LOAD build/default/production/_ext/1665200909/heap_4.o
LOAD build/default/production/_ext/2010351915/sysDuplicateTable.o
LOAD build/default/production/_ext/1865131932/plib_cmcc.o
LOAD build/default/production/_ext/1965740351/cscBasicCluster.o
LOAD build/default/production/_ext/410253077/levelControlCluster.o
LOAD build/default/production/_ext/767443559/NWK_API.o
LOAD build/default/production/_ext/2010351915/sysInit.o
LOAD build/default/production/_ext/266130186/zclOtauClientDownload.o
LOAD build/default/production/_ext/163028504/xc32_monitor.o
LOAD build/default/production/_ext/162237794/touch.o
LOAD build/default/production/_ext/1992166216/configserver.o
LOAD build/default/production/_ext/1171490990/freertos_hooks.o
LOAD build/default/production/_ext/1881668453/sys_int.o
LOAD build/default/production/_ext/60176403/plib_nvm.o
LOAD build/default/production/_ext/266130186/zclOtauClientPdt.o
LOAD build/default/production/_ext/162237794/touch_example.o
LOAD build/default/production/_ext/677812807/zgpTranslationTable.o
LOAD build/default/production/_ext/829342655/plib_tc0.o
LOAD build/default/production/_ext/2010351915/sysSleep.o
LOAD build/default/production/_ext/1014039709/sys_cache.o
LOAD ..\src\config\default\driver\pds\pds.a
LOAD ..\src\config\default\zigbee\lib\zigbee_alldevice_lib.a
LOAD ..\src\config\default\driver\device_support\pic32cx_bz3_device_support.a
LOAD ..\src\config\default\touch\lib\qtm_touch_key_cm4_0x0002.X.a
LOAD ..\src\config\default\touch\lib\qtm_scroller_cm4_0x000b.X.a
LOAD ..\src\config\default\touch\lib\qtm_freq_hop_auto_cm4_0x0004.X.a
LOAD ..\src\config\default\touch\lib\qtm_freq_hop_cm4_0x0006.X.a
                0x0000000000000001                __MPLAB_BUILD = 0x1

.bkupram_data
 *(.bkupram_data .bkupram_data.*)

.bkupram_bss    0x0000000020000000      0x5e4
 *(.bkupram_bss .bkupram_bss.*)
 *(.pbss .pbss.*)
 .pbss          0x0000000020000000        0x4 build/default/production/_ext/2026454998/halAppClock.o
 .pbss          0x0000000020000004       0x80 build/default/production/_ext/1852899459/appTimer.o
 *fill*         0x0000000020000084        0x4 
 .pbss          0x0000000020000088      0x4f8 build/default/production/_ext/1992166216/csMem.o
                0x0000000020000088                backupRamData
 .pbss          0x0000000020000580       0x64 ..\src\config\default\zigbee\lib\zigbee_alldevice_lib.a(zdo.o)
                0x0000000020000580                zdobkupRamData
                0x000000000107c000                __rom_end = (ORIGIN (rom) + LENGTH (rom))
                0x0000000020018000                __ram_end = (ORIGIN (ram) + LENGTH (ram))

.config_D0045F88
 *(.config_D0045F88)

.config_D0045F8C
 *(.config_D0045F8C)

.config_D0045F90
 *(.config_D0045F90)

.config_D0045F94
 *(.config_D0045F94)

.config_D0045F98
 *(.config_D0045F98)

.vectors        0x0000000001000200       0xec
                0x0000000001000200                . = ALIGN (0x4)
                0x0000000001000200                _sfixed = .
 *(.vectors .vectors.* .vectors_default .vectors_default.*)
 .vectors       0x0000000001000200       0xec build/default/production/_ext/1171490990/interrupts.o
                0x0000000001000200                exception_table
 *(.isr_vector)
 *(.reset*)
 *(.after_vectors)

.text           0x00000000010002ec      0x108
                0x00000000010002ec                PROVIDE (__pds_ff_start = .)
 *(.pds_ff .pds_ff.*)
 .pds_ff        0x00000000010002ec       0xe0 build/default/production/_ext/1992166216/csPersistentMem.o
                0x00000000010002ec                pds_ff_FREE_RANGES_STORAGE_ITEM_ID
                0x00000000010002fc                pds_ff_FACTORY_NEW_STORAGE_ITEM_ID
                0x000000000100030c                pds_ff_TC_MODE_STORAGE_ITEM_ID
                0x000000000100031c                pds_ff_BDB_NODEISONANWK_MEM_ID
                0x000000000100032c                pds_ff_BC_STACK_VERSION_MEM_ID
                0x000000000100033c                pds_ff_NWK_RREQ_IDENTIFIER_ITEM_ID
                0x000000000100034c                pds_ff_CS_GROUP_TABLE_ITEM_ID
                0x000000000100035c                pds_ff_CS_APS_BINDING_TABLE_ITEM_ID
                0x000000000100036c                pds_ff_NWK_SECURITY_COUNTERS_ITEM_ID
                0x000000000100037c                pds_ff_CS_NWK_SECURITY_KEYS_ITEM_ID
                0x000000000100038c                pds_ff_CS_NWK_SECURITY_IB_ITEM_ID
                0x000000000100039c                pds_ff_CS_APS_KEY_PAIR_DESCRIPTORS_ITEM_ID
                0x00000000010003ac                pds_ff_CS_NEIB_TABLE_ITEM_ID
                0x00000000010003bc                pds_ff_BC_EXT_GEN_MEMORY_ITEM_ID
                [!provide]                        PROVIDE (__pds_ff_end = .)
                0x00000000010003cc                PROVIDE (__pds_fd_start = .)
 *(.pds_fd .pds_fd.*)
 .pds_fd        0x00000000010003cc        0x8 build/default/production/_ext/1992166216/csPersistentMem.o
                0x00000000010003cc                BCRejoinParamsDirDescr
                [!provide]                        PROVIDE (__pds_fd_end = .)
                0x00000000010003d4                . = ALIGN (0x4)
 *(.glue_7t)
 .glue_7t       0x00000000010003d4        0x0 linker stubs
 *(.glue_7)
 .glue_7        0x00000000010003d4        0x0 linker stubs
 *(.gnu.linkonce.r.*)
 *(.ARM.extab* .gnu.linkonce.armextab.*)
                0x00000000010003d4                . = ALIGN (0x4)
 *(.init)
 .init          0x00000000010003d4        0x4 c:/program files/microchip/xc32/v4.40/bin/bin/../../lib/gcc/pic32c/8.3.1/thumb/v7e-m+fp/hard/crti.o
                0x00000000010003d4                _init
 .init          0x00000000010003d8        0x8 c:/program files/microchip/xc32/v4.40/bin/bin/../../lib/gcc/pic32c/8.3.1/thumb/v7e-m+fp/hard/crtn.o
                0x00000000010003e0                . = ALIGN (0x4)
                0x00000000010003e0                __preinit_array_start = .
 *(.preinit_array)
                0x00000000010003e0                __preinit_array_end = .
                0x00000000010003e0                . = ALIGN (0x4)
                0x00000000010003e0                __init_array_start = .
 *(SORT_BY_NAME(.init_array.*))
 *(.init_array)
 .init_array    0x00000000010003e0        0x4 c:/program files/microchip/xc32/v4.40/bin/bin/../../lib/gcc/pic32c/8.3.1/thumb/v7e-m+fp/hard/crtbegin.o
                0x00000000010003e4                __init_array_end = .
                0x00000000010003e4                . = ALIGN (0x4)
 *crtbegin.o(.ctors)
 *(EXCLUDE_FILE(*crtend.o) .ctors)
 *(SORT_BY_NAME(.ctors.*))
 *crtend.o(.ctors)
                0x00000000010003e4                . = ALIGN (0x4)
 *(.fini)
 .fini          0x00000000010003e4        0x4 c:/program files/microchip/xc32/v4.40/bin/bin/../../lib/gcc/pic32c/8.3.1/thumb/v7e-m+fp/hard/crti.o
                0x00000000010003e4                _fini
 .fini          0x00000000010003e8        0x8 c:/program files/microchip/xc32/v4.40/bin/bin/../../lib/gcc/pic32c/8.3.1/thumb/v7e-m+fp/hard/crtn.o
                0x00000000010003f0                . = ALIGN (0x4)
                0x00000000010003f0                __fini_array_start = .
 *(.fini_array)
 .fini_array    0x00000000010003f0        0x4 c:/program files/microchip/xc32/v4.40/bin/bin/../../lib/gcc/pic32c/8.3.1/thumb/v7e-m+fp/hard/crtbegin.o
 *(SORT_BY_NAME(.fini_array.*))
                0x00000000010003f4                __fini_array_end = .
 *crtbegin.o(.dtors)
 *(EXCLUDE_FILE(*crtend.o) .dtors)
 *(SORT_BY_NAME(.dtors.*))
 *crtend.o(.dtors)
                0x00000000010003f4                . = ALIGN (0x4)
                0x00000000010003f4                _efixed = .
                [!provide]                        PROVIDE (__exidx_start = .)

.ARM.exidx      0x00000000010003f4        0x8
 *(.ARM.exidx* .gnu.linkonce.armexidx.*)
 .ARM.exidx     0x00000000010003f4        0x8 c:/program files/microchip/xc32/v4.40/bin/bin/../../lib/gcc/pic32c/8.3.1/thumb/v7e-m+fp/hard\libgcc.a(_udivmoddi4.o)

.dnvMem         0x000000000107c000        0x0
                0x000000000107c000                __d_nv_mem_start = .
                0x0000000001080000                __d_nv_mem_end = (ORIGIN (pds) + LENGTH (pds))
                [!provide]                        PROVIDE (__exidx_end = .)
                0x000000000107c000                . = ALIGN (0x4)
                0x000000000107c000                _etext = .

.bss            0x0000000020000800     0x43fc
                0x0000000020000800                . = ALIGN (0x4)
                0x0000000020000800                __bss_start__ = .
                0x0000000020000800                _sbss = .
                0x0000000020000800                _szero = .
 *(COMMON)
 COMMON         0x0000000020000800        0x8 build/default/production/_ext/1360937237/app.o
                0x0000000020000800                appData
 *fill*         0x0000000020000808      0x1f8 
 COMMON         0x0000000020000a00      0x24c build/default/production/_ext/677812807/zigbee_init.o
                0x0000000020000a00                sram_vector_table
                0x0000000020000c00                fnAppGenericCB
                0x0000000020000c04                zigbeeRequestQueueHandle
                0x0000000020000c08                osalAPIList
 COMMON         0x0000000020000c4c        0xc build/default/production/_ext/677812807/z3DevicePic32cx.o
                0x0000000020000c4c                appSetTargetType
                0x0000000020000c54                deviceBindReqs
 COMMON         0x0000000020000c58        0x8 build/default/production/_ext/162237794/hcvd_driver_PIC32CX.o
                0x0000000020000c58                qtm_acquisition_control_working_set_ptr
                0x0000000020000c5c                qtm_raw_data_measurements_ptr
 COMMON         0x0000000020000c60       0x60 build/default/production/_ext/16121766/wlPdsTypesConverter.o
                0x0000000020000c60                extGenMem
 COMMON         0x0000000020000cc0        0xc build/default/production/_ext/767432612/ZDO_Unpack.o
                0x0000000020000cc0                cbParams
 COMMON         0x0000000020000ccc       0xf8 build/default/production/_ext/2026454998/halAes.o
                0x0000000020000ccc                blkciph
                0x0000000020000da8                req
                0x0000000020000db8                keyref
 COMMON         0x0000000020000dc4        0xc build/default/production/_ext/2010351915/sysAssert.o
                0x0000000020000dc4                s_pAssertSubscriber
                0x0000000020000dc8                gAssertDbgCode
                0x0000000020000dcc                gAssertParam
 COMMON         0x0000000020000dd0      0x19c build/default/production/_ext/410253077/haClusters.o
                0x0000000020000dd0                reqNwk
                0x0000000020000df0                descModeMem
 COMMON         0x0000000020000f6c        0xc build/default/production/_ext/677812807/zgb_task.o
                0x0000000020000f6c                apiRequestQueueHandle
                0x0000000020000f70                zos
                0x0000000020000f74                semStackInternalHandler
 COMMON         0x0000000020000f78       0x2c build/default/production/_ext/2026454998/halTrng.o
                0x0000000020000f78                ctx
 COMMON         0x0000000020000fa4        0x8 build/default/production/_ext/1171490990/tasks.o
                0x0000000020000fa4                zigbeeTaskHandle
                0x0000000020000fa8                xAPP_Tasks
 *fill*         0x0000000020000fac        0x4 
 COMMON         0x0000000020000fb0     0x2bf0 build/default/production/_ext/1992166216/csMem.o
                0x0000000020000fb0                stackBuffers
                0x00000000200039d8                csAIB
                0x0000000020003a08                extGenMemParams
                0x0000000020003a68                csZIB
                0x0000000020003a80                csPIB
                0x0000000020003ac8                csBIB
                0x0000000020003ad8                csSIB
                0x0000000020003b48                csNIB
 COMMON         0x0000000020003ba0       0x54 build/default/production/_ext/162237794/touch.o
                0x0000000020003ba0                ptc_qtlib_node_stat1
                0x0000000020003bb8                qtm_scroller_data1
                0x0000000020003bc4                qtlib_key_data_set1
 COMMON         0x0000000020003bf4        0x5 build/default/production/_ext/2010351915/sysSleep.o
                0x0000000020003bf4                wakeupCallback
                0x0000000020003bf8                trx_sleep_enabled
 *fill*         0x0000000020003bf9        0x3 
 COMMON         0x0000000020003bfc       0x28 ..\src\config\default\zigbee\lib\zigbee_alldevice_lib.a(N_ConnectionEnddevice.o)
                0x0000000020003bfc                joinNetworkParams
 *fill*         0x0000000020003c24        0x4 
 COMMON         0x0000000020003c28      0x1a8 ..\src\config\default\zigbee\lib\zigbee_alldevice_lib.a(aps.o)
                0x0000000020003c28                apsMem
 COMMON         0x0000000020003dd0      0x218 ..\src\config\default\zigbee\lib\zigbee_alldevice_lib.a(bdb.o)
                0x0000000020003dd0                bdbMem
 COMMON         0x0000000020003fe8        0x4 ..\src\config\default\zigbee\lib\zigbee_alldevice_lib.a(bdbCommissioning.o)
                0x0000000020003fe8                bdbCommissionCallback
 *fill*         0x0000000020003fec        0x4 
 COMMON         0x0000000020003ff0       0x30 ..\src\config\default\zigbee\lib\zigbee_alldevice_lib.a(bdbIB.o)
                0x0000000020003ff0                bdbIB
 COMMON         0x0000000020004020        0x4 ..\src\config\default\zigbee\lib\zigbee_alldevice_lib.a(machwdTxFrameHandler.o)
                0x0000000020004020                machwdTxFrameHandlerRetryCounter
                0x0000000020004022                machwdTxFrameHandlerRandomSeed
 *fill*         0x0000000020004024        0x4 
 COMMON         0x0000000020004028      0x4e4 ..\src\config\default\zigbee\lib\zigbee_alldevice_lib.a(nwk.o)
                0x0000000020004028                nwkMem
                0x0000000020004478                endDevHashEntry
                0x00000000200044f8                edKeepAliveTimer
 COMMON         0x000000002000450c       0x23 ..\src\config\default\zigbee\lib\zigbee_alldevice_lib.a(phyDeepSleep.o)
                0x000000002000450c                transceiverMemory
 COMMON         0x000000002000452f        0x1 ..\src\config\default\zigbee\lib\zigbee_alldevice_lib.a(phyInit.o)
                0x000000002000452f                radioArbiterMode
 COMMON         0x0000000020004530       0xe0 ..\src\config\default\zigbee\lib\zigbee_alldevice_lib.a(sspMem.o)
                0x0000000020004530                sspMem
 COMMON         0x0000000020004610      0x178 ..\src\config\default\zigbee\lib\zigbee_alldevice_lib.a(tcMem.o)
                0x0000000020004610                tcMem
 COMMON         0x0000000020004788        0x8 ..\src\config\default\zigbee\lib\zigbee_alldevice_lib.a(zcl.o)
                0x0000000020004788                zclMem
 COMMON         0x0000000020004790      0x2e0 ..\src\config\default\zigbee\lib\zigbee_alldevice_lib.a(zdo.o)
                0x0000000020004790                zdoMem
                0x0000000020004a50                halSleep
                0x0000000020004a5c                zdoParentAnnceTimer
 COMMON         0x0000000020004a70      0x118 ..\src\config\default\zigbee\lib\zigbee_alldevice_lib.a(macMem.o)
                0x0000000020004a70                macMem
 COMMON         0x0000000020004b88        0x1 ..\src\config\default\zigbee\lib\zigbee_alldevice_lib.a(machwdEdHandler.o)
                0x0000000020004b88                __energyLevel
 COMMON         0x0000000020004b89       0x21 ..\src\config\default\zigbee\lib\zigbee_alldevice_lib.a(machwdFrameRoutine.o)
                0x0000000020004b89                txBuffer
 COMMON         0x0000000020004baa       0x20 ..\src\config\default\zigbee\lib\zigbee_alldevice_lib.a(machwiTransactionHash.o)
                0x0000000020004baa                pendingTransactionsHash
 COMMON         0x0000000020004bca        0x1 ..\src\config\default\driver\device_support\pic32cx_bz3_device_support.a(info_block.o)
                0x0000000020004bca                g_ib_RssiOffset
 *fill*         0x0000000020004bcb        0x5 
 COMMON         0x0000000020004bd0       0x2c ..\src\config\default\driver\device_support\pic32cx_bz3_device_support.a(rf_system.o)
                0x0000000020004bd0                g_validFactoryCalTemp
                0x0000000020004bd8                g_RfTemperatureCoefficients
                0x0000000020004bf0                g_DevIbIcInfo
                0x0000000020004bf8                g_nextCalTime
                0x0000000020004bfc                . = ALIGN (0x4)
                0x0000000020004bfc                __bss_end__ = .
                0x0000000020004bfc                _ebss = .
                0x0000000020004bfc                _ezero = .
                0x0000000020004bfc                . = ALIGN (0x4)
                0x0000000020004bfc                _end = .
                0x0000000020017fff                _ram_end_ = ((ORIGIN (ram) + LENGTH (ram)) - 0x1)
                0x0000000000001000                _min_heap_size = 0x1000
                0x0000000000000400                _min_stack_size = 0x400
START GROUP
LOAD c:/program files/microchip/xc32/v4.40/bin/bin/../../lib/gcc/pic32c/8.3.1/../../../../pic32c/lib/thumb/v7e-m+fp/hard\libpic32c.a
LOAD c:/program files/microchip/xc32/v4.40/bin/bin/../../lib/gcc/pic32c/8.3.1/../../../../pic32c/lib/thumb/v7e-m+fp/hard\libc-size-musl.a
LOAD c:/program files/microchip/xc32/v4.40/bin/bin/../../lib/gcc/pic32c/8.3.1/../../../../pic32c/lib/thumb/v7e-m+fp/hard\liblmalloc-musl.a
LOAD c:/program files/microchip/xc32/v4.40/bin/bin/../../lib/gcc/pic32c/8.3.1/../../../../pic32c/lib/thumb/v7e-m+fp/hard\libm-fast-emfloat.a
LOAD c:/program files/microchip/xc32/v4.40/bin/bin/../../lib/gcc/pic32c/8.3.1/../../../../pic32c/lib/thumb/v7e-m+fp/hard\libm-musl.a
LOAD c:/program files/microchip/xc32/v4.40/bin/bin/../../lib/gcc/pic32c/8.3.1/../../../../pic32c/lib/thumb/v7e-m+fp/hard\libc-musl.a
LOAD c:/program files/microchip/xc32/v4.40/bin/bin/../../lib/gcc/pic32c/8.3.1/../../../../pic32c/lib/thumb/v7e-m+fp/hard\libm-fast-emfloat.a
LOAD c:/program files/microchip/xc32/v4.40/bin/bin/../../lib/gcc/pic32c/8.3.1/../../../../pic32c/lib/thumb/v7e-m+fp/hard\libm-musl.a
LOAD c:/program files/microchip/xc32/v4.40/bin/bin/../../lib/gcc/pic32c/8.3.1/thumb/v7e-m+fp/hard\libgcc.a
END GROUP
LOAD c:/program files/microchip/xc32/v4.40/bin/bin/../../lib/gcc/pic32c/8.3.1/thumb/v7e-m+fp/hard/crtend.o
LOAD c:/program files/microchip/xc32/v4.40/bin/bin/../../lib/gcc/pic32c/8.3.1/thumb/v7e-m+fp/hard/crtn.o
OUTPUT(dist/default/production/CSC_Sleep.X.production.elf elf32-littlearm)
LOAD data_init
LOAD stack

.ARM.attributes
                0x0000000000000000       0x32
 .ARM.attributes
                0x0000000000000000       0x1e c:/program files/microchip/xc32/v4.40/bin/bin/../../lib/gcc/pic32c/8.3.1/thumb/v7e-m+fp/hard/crti.o
 .ARM.attributes
                0x000000000000001e       0x34 c:/program files/microchip/xc32/v4.40/bin/bin/../../lib/gcc/pic32c/8.3.1/thumb/v7e-m+fp/hard/crtbegin.o
 .ARM.attributes
                0x0000000000000052       0x34 build/default/production/_ext/628245630/app_zigbee_handler.o
 .ARM.attributes
                0x0000000000000086       0x34 build/default/production/_ext/628245630/app_zigbee.o
 .ARM.attributes
                0x00000000000000ba       0x34 build/default/production/_ext/1360937237/app.o
 .ARM.attributes
                0x00000000000000ee       0x34 build/default/production/_ext/1360937237/app_idle_task.o
 .ARM.attributes
                0x0000000000000122       0x34 build/default/production/_ext/1360937237/main.o
 .ARM.attributes
                0x0000000000000156       0x34 build/default/production/_ext/1360937237/app_touch.o
 .ARM.attributes
                0x000000000000018a       0x34 build/default/production/_ext/2010351915/sysEventsHandler.o
 .ARM.attributes
                0x00000000000001be       0x34 build/default/production/_ext/1852899459/timer.o
 .ARM.attributes
                0x00000000000001f2       0x34 build/default/production/_ext/2010351915/sysQueue.o
 .ARM.attributes
                0x0000000000000226       0x34 build/default/production/_ext/1865468468/plib_nvic.o
 .ARM.attributes
                0x000000000000025a       0x34 build/default/production/_ext/1865254177/plib_gpio.o
 .ARM.attributes
                0x000000000000028e       0x34 build/default/production/_ext/677812807/zigbee_init.o
 .ARM.attributes
                0x00000000000002c2       0x34 build/default/production/_ext/767455689/BDB_Unpack.o
 .ARM.attributes
                0x00000000000002f6       0x34 build/default/production/_ext/2010351915/sysMutex.o
 .ARM.attributes
                0x000000000000032a       0x34 build/default/production/_ext/1171490990/interrupts.o
 .ARM.attributes
                0x000000000000035e       0x34 build/default/production/_ext/1171490990/exceptions.o
 .ARM.attributes
                0x0000000000000392       0x34 build/default/production/_ext/677812807/errH.o
 .ARM.attributes
                0x00000000000003c6       0x34 build/default/production/_ext/1965740351/cscColorControlCluster.o
 .ARM.attributes
                0x00000000000003fa       0x34 build/default/production/_ext/404212886/list.o
 .ARM.attributes
                0x000000000000042e       0x34 build/default/production/_ext/1852899459/halTaskManager.o
 .ARM.attributes
                0x0000000000000462       0x34 build/default/production/_ext/767443559/NWK_Unpack.o
 .ARM.attributes
                0x0000000000000496       0x34 build/default/production/_ext/677812807/z3DevicePic32cx.o
 .ARM.attributes
                0x00000000000004ca       0x34 build/default/production/_ext/404212886/queue.o
 .ARM.attributes
                0x00000000000004fe       0x34 build/default/production/_ext/60165520/plib_clk.o
 .ARM.attributes
                0x0000000000000532       0x34 build/default/production/_ext/162237794/hcvd_driver_PIC32CX.o
 .ARM.attributes
                0x0000000000000566       0x34 build/default/production/_ext/16121766/wlPdsTypesConverter.o
 .ARM.attributes
                0x000000000000059a       0x34 build/default/production/_ext/767432612/ZDO_Unpack.o
 .ARM.attributes
                0x00000000000005ce       0x34 build/default/production/_ext/246609638/port.o
 .ARM.attributes
                0x0000000000000602       0x34 build/default/production/_ext/1965740351/cscLevelControlCluster.o
 .ARM.attributes
                0x0000000000000636       0x34 build/default/production/_ext/2026454998/halAes.o
 .ARM.attributes
                0x000000000000066a       0x34 build/default/production/_ext/1529399856/osal_freertos.o
 .ARM.attributes
                0x000000000000069e       0x39 build/default/production/_ext/1992166216/csPersistentMem.o
 .ARM.attributes
                0x00000000000006d7       0x34 build/default/production/_ext/2026454998/halAppClock.o
 .ARM.attributes
                0x000000000000070b       0x34 build/default/production/_ext/176650468/N_Util.o
 .ARM.attributes
                0x000000000000073f       0x34 build/default/production/_ext/410253077/commissioningCluster.o
 .ARM.attributes
                0x0000000000000773       0x34 build/default/production/_ext/2010351915/sysAssert.o
 .ARM.attributes
                0x00000000000007a7       0x34 build/default/production/_ext/410253077/groupsCluster.o
 .ARM.attributes
                0x00000000000007db       0x34 build/default/production/_ext/2026454998/halMacIsr.o
 .ARM.attributes
                0x000000000000080f       0x34 build/default/production/_ext/1852899459/appTimer.o
 .ARM.attributes
                0x0000000000000843       0x34 build/default/production/_ext/404212886/FreeRTOS_tasks.o
 .ARM.attributes
                0x0000000000000877       0x34 build/default/production/_ext/2026454998/halRfCtrl.o
 .ARM.attributes
                0x00000000000008ab       0x34 build/default/production/_ext/1965740351/cscIdentifyCluster.o
 .ARM.attributes
                0x00000000000008df       0x34 build/default/production/_ext/1965740351/cscOnOffCluster.o
 .ARM.attributes
                0x0000000000000913       0x34 build/default/production/_ext/677812807/pic32cxBSP.o
 .ARM.attributes
                0x0000000000000947       0x34 build/default/production/_ext/767432646/ZCL_API.o
 .ARM.attributes
                0x000000000000097b       0x34 build/default/production/_ext/1171490990/initialization.o
 .ARM.attributes
                0x00000000000009af       0x34 build/default/production/_ext/1965740351/cscCommissioningCluster.o
 .ARM.attributes
                0x00000000000009e3       0x34 build/default/production/_ext/1965740351/colorSceneController.o
 .ARM.attributes
                0x0000000000000a17       0x34 build/default/production/_ext/2010351915/sysTaskManager.o
 .ARM.attributes
                0x0000000000000a4b       0x34 build/default/production/_ext/60181570/plib_tcc0.o
 .ARM.attributes
                0x0000000000000a7f       0x34 build/default/production/_ext/1529399856/osal_freertos_extend.o
 .ARM.attributes
                0x0000000000000ab3       0x34 build/default/production/_ext/410253077/haClusters.o
 .ARM.attributes
                0x0000000000000ae7       0x34 build/default/production/_ext/1543366104/scenes.o
 .ARM.attributes
                0x0000000000000b1b       0x34 build/default/production/_ext/410253077/identifyCluster.o
 .ARM.attributes
                0x0000000000000b4f       0x34 build/default/production/_ext/1171490990/startup_xc32.o
 .ARM.attributes
                0x0000000000000b83       0x39 build/default/production/_ext/1965740351/cscClusters.o
 .ARM.attributes
                0x0000000000000bbc       0x34 build/default/production/_ext/266130186/zclCommandManager.o
 .ARM.attributes
                0x0000000000000bf0       0x34 build/default/production/_ext/1982400153/plib_adchs.o
 .ARM.attributes
                0x0000000000000c24       0x34 build/default/production/_ext/2010351915/sysTimer.o
 .ARM.attributes
                0x0000000000000c58       0x34 build/default/production/_ext/60181570/plib_tcc2.o
 .ARM.attributes
                0x0000000000000c8c       0x34 build/default/production/_ext/677812807/zgb_task.o
 .ARM.attributes
                0x0000000000000cc0       0x34 build/default/production/_ext/767432646/ZCL_Unpack.o
 .ARM.attributes
                0x0000000000000cf4       0x34 build/default/production/_ext/2010351915/sysIdleHandler.o
 .ARM.attributes
                0x0000000000000d28       0x34 build/default/production/_ext/2010351915/sysUtils.o
 .ARM.attributes
                0x0000000000000d5c       0x34 build/default/production/_ext/60180175/plib_rtc_timer.o
 .ARM.attributes
                0x0000000000000d90       0x34 build/default/production/_ext/2026454998/halTrng.o
 .ARM.attributes
                0x0000000000000dc4       0x34 build/default/production/_ext/16121766/bcPDS.o
 .ARM.attributes
                0x0000000000000df8       0x34 build/default/production/_ext/1171490990/device_deep_sleep.o
 .ARM.attributes
                0x0000000000000e2c       0x34 build/default/production/_ext/767455689/BDB_API.o
 .ARM.attributes
                0x0000000000000e60       0x34 build/default/production/_ext/410253077/onOffCluster.o
 .ARM.attributes
                0x0000000000000e94       0x34 build/default/production/_ext/1986646378/plib_evsys.o
 .ARM.attributes
                0x0000000000000ec8       0x34 build/default/production/_ext/1965740351/cscGroupsCluster.o
 .ARM.attributes
                0x0000000000000efc       0x34 build/default/production/_ext/1171490990/tasks.o
 .ARM.attributes
                0x0000000000000f30       0x34 build/default/production/_ext/1965740351/cscScenesCluster.o
 .ARM.attributes
                0x0000000000000f64       0x34 build/default/production/_ext/1992166216/csMem.o
 .ARM.attributes
                0x0000000000000f98       0x34 build/default/production/_ext/1665200909/heap_4.o
 .ARM.attributes
                0x0000000000000fcc       0x34 build/default/production/_ext/2010351915/sysDuplicateTable.o
 .ARM.attributes
                0x0000000000001000       0x34 build/default/production/_ext/1965740351/cscBasicCluster.o
 .ARM.attributes
                0x0000000000001034       0x34 build/default/production/_ext/410253077/levelControlCluster.o
 .ARM.attributes
                0x0000000000001068       0x34 build/default/production/_ext/767443559/NWK_API.o
 .ARM.attributes
                0x000000000000109c       0x34 build/default/production/_ext/2010351915/sysInit.o
 .ARM.attributes
                0x00000000000010d0       0x34 build/default/production/_ext/162237794/touch.o
 .ARM.attributes
                0x0000000000001104       0x34 build/default/production/_ext/1992166216/configserver.o
 .ARM.attributes
                0x0000000000001138       0x34 build/default/production/_ext/1171490990/freertos_hooks.o
 .ARM.attributes
                0x000000000000116c       0x34 build/default/production/_ext/60176403/plib_nvm.o
 .ARM.attributes
                0x00000000000011a0       0x34 build/default/production/_ext/829342655/plib_tc0.o
 .ARM.attributes
                0x00000000000011d4       0x34 build/default/production/_ext/2010351915/sysSleep.o
 .ARM.attributes
                0x0000000000001208       0x34 ..\src\config\default\driver\pds\pds.a(wlPdsDataServer.o)
 .ARM.attributes
                0x000000000000123c       0x34 ..\src\config\default\driver\pds\pds.a(wlPdsInit.o)
 .ARM.attributes
                0x0000000000001270       0x34 ..\src\config\default\driver\pds\pds.a(D_Nv.o)
 .ARM.attributes
                0x00000000000012a4       0x34 ..\src\config\default\driver\pds\pds.a(S_Nv-Chimera.o)
 .ARM.attributes
                0x00000000000012d8       0x34 ..\src\config\default\zigbee\lib\zigbee_alldevice_lib.a(N_AddressManager.o)
 .ARM.attributes
                0x000000000000130c       0x34 ..\src\config\default\zigbee\lib\zigbee_alldevice_lib.a(N_ConnectionCommon.o)
 .ARM.attributes
                0x0000000000001340       0x34 ..\src\config\default\zigbee\lib\zigbee_alldevice_lib.a(N_ConnectionEnddevice.o)
 .ARM.attributes
                0x0000000000001374       0x34 ..\src\config\default\zigbee\lib\zigbee_alldevice_lib.a(N_ConnectionRouter.o)
 .ARM.attributes
                0x00000000000013a8       0x34 ..\src\config\default\zigbee\lib\zigbee_alldevice_lib.a(N_Connection_ReconnectHandler.o)
 .ARM.attributes
                0x00000000000013dc       0x34 ..\src\config\default\zigbee\lib\zigbee_alldevice_lib.a(N_DeviceInfo.o)
 .ARM.attributes
                0x0000000000001410       0x34 ..\src\config\default\zigbee\lib\zigbee_alldevice_lib.a(N_ErrH.o)
 .ARM.attributes
                0x0000000000001444       0x34 ..\src\config\default\zigbee\lib\zigbee_alldevice_lib.a(N_Log.o)
 .ARM.attributes
                0x0000000000001478       0x34 ..\src\config\default\zigbee\lib\zigbee_alldevice_lib.a(N_Radio.o)
 .ARM.attributes
                0x00000000000014ac       0x34 ..\src\config\default\zigbee\lib\zigbee_alldevice_lib.a(N_Security.o)
 .ARM.attributes
                0x00000000000014e0       0x34 ..\src\config\default\zigbee\lib\zigbee_alldevice_lib.a(N_Security_Calc.o)
 .ARM.attributes
                0x0000000000001514       0x34 ..\src\config\default\zigbee\lib\zigbee_alldevice_lib.a(N_Task-Internal-Microchip.o)
 .ARM.attributes
                0x0000000000001548       0x34 ..\src\config\default\zigbee\lib\zigbee_alldevice_lib.a(N_Task.o)
 .ARM.attributes
                0x000000000000157c       0x34 ..\src\config\default\zigbee\lib\zigbee_alldevice_lib.a(N_Zdp.o)
 .ARM.attributes
                0x00000000000015b0       0x34 ..\src\config\default\zigbee\lib\zigbee_alldevice_lib.a(aps.o)
 .ARM.attributes
                0x00000000000015e4       0x34 ..\src\config\default\zigbee\lib\zigbee_alldevice_lib.a(bdb.o)
 .ARM.attributes
                0x0000000000001618       0x34 ..\src\config\default\zigbee\lib\zigbee_alldevice_lib.a(bdbBcEventsHandler.o)
 .ARM.attributes
                0x000000000000164c       0x34 ..\src\config\default\zigbee\lib\zigbee_alldevice_lib.a(bdbCommissioning.o)
 .ARM.attributes
                0x0000000000001680       0x34 ..\src\config\default\zigbee\lib\zigbee_alldevice_lib.a(bdbFindingAndBinding.o)
 .ARM.attributes
                0x00000000000016b4       0x34 ..\src\config\default\zigbee\lib\zigbee_alldevice_lib.a(bdbIB.o)
 .ARM.attributes
                0x00000000000016e8       0x34 ..\src\config\default\zigbee\lib\zigbee_alldevice_lib.a(bdbInstallCode.o)
 .ARM.attributes
                0x000000000000171c       0x34 ..\src\config\default\zigbee\lib\zigbee_alldevice_lib.a(bdbNwkFormation.o)
 .ARM.attributes
                0x0000000000001750       0x34 ..\src\config\default\zigbee\lib\zigbee_alldevice_lib.a(bdbNwkSteering.o)
 .ARM.attributes
                0x0000000000001784       0x34 ..\src\config\default\zigbee\lib\zigbee_alldevice_lib.a(bdbReset.o)
 .ARM.attributes
                0x00000000000017b8       0x34 ..\src\config\default\zigbee\lib\zigbee_alldevice_lib.a(bdbSecurity.o)
 .ARM.attributes
                0x00000000000017ec       0x34 ..\src\config\default\zigbee\lib\zigbee_alldevice_lib.a(bdbTouchlink.o)
 .ARM.attributes
                0x0000000000001820       0x34 ..\src\config\default\zigbee\lib\zigbee_alldevice_lib.a(macenvPib.o)
 .ARM.attributes
                0x0000000000001854       0x34 ..\src\config\default\zigbee\lib\zigbee_alldevice_lib.a(machwdManager.o)
 .ARM.attributes
                0x0000000000001888       0x34 ..\src\config\default\zigbee\lib\zigbee_alldevice_lib.a(machwdRegAccessHandler.o)
 .ARM.attributes
                0x00000000000018bc       0x34 ..\src\config\default\zigbee\lib\zigbee_alldevice_lib.a(machwdResetHandler.o)
 .ARM.attributes
                0x00000000000018f0       0x34 ..\src\config\default\zigbee\lib\zigbee_alldevice_lib.a(machwdRndHandler.o)
 .ARM.attributes
                0x0000000000001924       0x34 ..\src\config\default\zigbee\lib\zigbee_alldevice_lib.a(machwdRxBuffer.o)
 .ARM.attributes
                0x0000000000001958       0x34 ..\src\config\default\zigbee\lib\zigbee_alldevice_lib.a(machwdRxFrameHandler.o)
 .ARM.attributes
                0x000000000000198c       0x34 ..\src\config\default\zigbee\lib\zigbee_alldevice_lib.a(machwdSetHandler.o)
 .ARM.attributes
                0x00000000000019c0       0x34 ..\src\config\default\zigbee\lib\zigbee_alldevice_lib.a(machwdTrxCtrl.o)
 .ARM.attributes
                0x00000000000019f4       0x34 ..\src\config\default\zigbee\lib\zigbee_alldevice_lib.a(machwdTrxHandler.o)
 .ARM.attributes
                0x0000000000001a28       0x34 ..\src\config\default\zigbee\lib\zigbee_alldevice_lib.a(machwdTxFrameHandler.o)
 .ARM.attributes
                0x0000000000001a5c       0x34 ..\src\config\default\zigbee\lib\zigbee_alldevice_lib.a(machwiManager.o)
 .ARM.attributes
                0x0000000000001a90       0x34 ..\src\config\default\zigbee\lib\zigbee_alldevice_lib.a(machwiOrphanHandler.o)
 .ARM.attributes
                0x0000000000001ac4       0x34 ..\src\config\default\zigbee\lib\zigbee_alldevice_lib.a(machwiPanServer.o)
 .ARM.attributes
                0x0000000000001af8       0x34 ..\src\config\default\zigbee\lib\zigbee_alldevice_lib.a(machwiPollHandler.o)
 .ARM.attributes
                0x0000000000001b2c       0x34 ..\src\config\default\zigbee\lib\zigbee_alldevice_lib.a(machwiPurgeHandler.o)
 .ARM.attributes
                0x0000000000001b60       0x34 ..\src\config\default\zigbee\lib\zigbee_alldevice_lib.a(machwiResetHandler.o)
 .ARM.attributes
                0x0000000000001b94       0x34 ..\src\config\default\zigbee\lib\zigbee_alldevice_lib.a(machwiRxEnableHandler.o)
 .ARM.attributes
                0x0000000000001bc8       0x34 ..\src\config\default\zigbee\lib\zigbee_alldevice_lib.a(machwiScanHandler.o)
 .ARM.attributes
                0x0000000000001bfc       0x34 ..\src\config\default\zigbee\lib\zigbee_alldevice_lib.a(machwiSetGetHandler.o)
 .ARM.attributes
                0x0000000000001c30       0x34 ..\src\config\default\zigbee\lib\zigbee_alldevice_lib.a(machwiStartHandler.o)
 .ARM.attributes
                0x0000000000001c64       0x34 ..\src\config\default\zigbee\lib\zigbee_alldevice_lib.a(machwiSwitchRxCtrl.o)
 .ARM.attributes
                0x0000000000001c98       0x34 ..\src\config\default\zigbee\lib\zigbee_alldevice_lib.a(machwiTransactionHandler.o)
 .ARM.attributes
                0x0000000000001ccc       0x34 ..\src\config\default\zigbee\lib\zigbee_alldevice_lib.a(machwiTransactionQueue.o)
 .ARM.attributes
                0x0000000000001d00       0x34 ..\src\config\default\zigbee\lib\zigbee_alldevice_lib.a(nwk.o)
 .ARM.attributes
                0x0000000000001d34       0x34 ..\src\config\default\zigbee\lib\zigbee_alldevice_lib.a(phyAntDiversity.o)
 .ARM.attributes
                0x0000000000001d68       0x34 ..\src\config\default\zigbee\lib\zigbee_alldevice_lib.a(phyDeepSleep.o)
 .ARM.attributes
                0x0000000000001d9c       0x34 ..\src\config\default\zigbee\lib\zigbee_alldevice_lib.a(phyInit.o)
 .ARM.attributes
                0x0000000000001dd0       0x34 ..\src\config\default\zigbee\lib\zigbee_alldevice_lib.a(phyRegAccess.o)
 .ARM.attributes
                0x0000000000001e04       0x34 ..\src\config\default\zigbee\lib\zigbee_alldevice_lib.a(phyReset.o)
 .ARM.attributes
                0x0000000000001e38       0x34 ..\src\config\default\zigbee\lib\zigbee_alldevice_lib.a(phyRfIrqDispatcher.o)
 .ARM.attributes
                0x0000000000001e6c       0x34 ..\src\config\default\zigbee\lib\zigbee_alldevice_lib.a(phyRnd.o)
 .ARM.attributes
                0x0000000000001ea0       0x34 ..\src\config\default\zigbee\lib\zigbee_alldevice_lib.a(phyRtimerIrqDispatcher.o)
 .ARM.attributes
                0x0000000000001ed4       0x34 ..\src\config\default\zigbee\lib\zigbee_alldevice_lib.a(phyRxFrame.o)
 .ARM.attributes
                0x0000000000001f08       0x34 ..\src\config\default\zigbee\lib\zigbee_alldevice_lib.a(phySet.o)
 .ARM.attributes
                0x0000000000001f3c       0x34 ..\src\config\default\zigbee\lib\zigbee_alldevice_lib.a(phySetTrxState.o)
 .ARM.attributes
                0x0000000000001f70       0x34 ..\src\config\default\zigbee\lib\zigbee_alldevice_lib.a(phyStateMachine.o)
 .ARM.attributes
                0x0000000000001fa4       0x34 ..\src\config\default\zigbee\lib\zigbee_alldevice_lib.a(phyTxFrame.o)
 .ARM.attributes
                0x0000000000001fd8       0x34 ..\src\config\default\zigbee\lib\zigbee_alldevice_lib.a(phyTxPowerConverter.o)
 .ARM.attributes
                0x000000000000200c       0x34 ..\src\config\default\zigbee\lib\zigbee_alldevice_lib.a(sspHashHandler.o)
 .ARM.attributes
                0x0000000000002040       0x34 ..\src\config\default\zigbee\lib\zigbee_alldevice_lib.a(sspManager.o)
 .ARM.attributes
                0x0000000000002074       0x39 ..\src\config\default\zigbee\lib\zigbee_alldevice_lib.a(sspMem.o)
 .ARM.attributes
                0x00000000000020ad       0x34 ..\src\config\default\zigbee\lib\zigbee_alldevice_lib.a(sspSfpHandler.o)
 .ARM.attributes
                0x00000000000020e1       0x34 ..\src\config\default\zigbee\lib\zigbee_alldevice_lib.a(tcIndInput.o)
 .ARM.attributes
                0x0000000000002115       0x34 ..\src\config\default\zigbee\lib\zigbee_alldevice_lib.a(tcKeyEstablishHandler.o)
 .ARM.attributes
                0x0000000000002149       0x39 ..\src\config\default\zigbee\lib\zigbee_alldevice_lib.a(tcMem.o)
 .ARM.attributes
                0x0000000000002182       0x34 ..\src\config\default\zigbee\lib\zigbee_alldevice_lib.a(tcPermissions.o)
 .ARM.attributes
                0x00000000000021b6       0x34 ..\src\config\default\zigbee\lib\zigbee_alldevice_lib.a(tcRemoveHandler.o)
 .ARM.attributes
                0x00000000000021ea       0x34 ..\src\config\default\zigbee\lib\zigbee_alldevice_lib.a(tcResetHandler.o)
 .ARM.attributes
                0x000000000000221e       0x34 ..\src\config\default\zigbee\lib\zigbee_alldevice_lib.a(tcTaskManager.o)
 .ARM.attributes
                0x0000000000002252       0x34 ..\src\config\default\zigbee\lib\zigbee_alldevice_lib.a(zcl.o)
 .ARM.attributes
                0x0000000000002286       0x34 ..\src\config\default\zigbee\lib\zigbee_alldevice_lib.a(zclApsInterface.o)
 .ARM.attributes
                0x00000000000022ba       0x34 ..\src\config\default\zigbee\lib\zigbee_alldevice_lib.a(zclAttributes.o)
 .ARM.attributes
                0x00000000000022ee       0x34 ..\src\config\default\zigbee\lib\zigbee_alldevice_lib.a(zclCommandAnalyzer.o)
 .ARM.attributes
                0x0000000000002322       0x34 ..\src\config\default\zigbee\lib\zigbee_alldevice_lib.a(zclMemoryManager.o)
 .ARM.attributes
                0x0000000000002356       0x34 ..\src\config\default\zigbee\lib\zigbee_alldevice_lib.a(zclParser.o)
 .ARM.attributes
                0x000000000000238a       0x34 ..\src\config\default\zigbee\lib\zigbee_alldevice_lib.a(zclSecurityManager.o)
 .ARM.attributes
                0x00000000000023be       0x34 ..\src\config\default\zigbee\lib\zigbee_alldevice_lib.a(zclTaskManager.o)
 .ARM.attributes
                0x00000000000023f2       0x34 ..\src\config\default\zigbee\lib\zigbee_alldevice_lib.a(zdo.o)
 .ARM.attributes
                0x0000000000002426       0x34 ..\src\config\default\zigbee\lib\zigbee_alldevice_lib.a(N_Binding.o)
 .ARM.attributes
                0x000000000000245a       0x34 ..\src\config\default\zigbee\lib\zigbee_alldevice_lib.a(N_Cmi.o)
 .ARM.attributes
                0x000000000000248e       0x34 ..\src\config\default\zigbee\lib\zigbee_alldevice_lib.a(N_EndDeviceRobustness.o)
 .ARM.attributes
                0x00000000000024c2       0x34 ..\src\config\default\zigbee\lib\zigbee_alldevice_lib.a(N_Fsm.o)
 .ARM.attributes
                0x00000000000024f6       0x34 ..\src\config\default\zigbee\lib\zigbee_alldevice_lib.a(N_InterPan.o)
 .ARM.attributes
                0x000000000000252a       0x34 ..\src\config\default\zigbee\lib\zigbee_alldevice_lib.a(N_InterPanBuffers.o)
 .ARM.attributes
                0x000000000000255e       0x34 ..\src\config\default\zigbee\lib\zigbee_alldevice_lib.a(N_LinkInitiator.o)
 .ARM.attributes
                0x0000000000002592       0x34 ..\src\config\default\zigbee\lib\zigbee_alldevice_lib.a(N_LinkTarget.o)
 .ARM.attributes
                0x00000000000025c6       0x34 ..\src\config\default\zigbee\lib\zigbee_alldevice_lib.a(N_Memory-Microchip.o)
 .ARM.attributes
                0x00000000000025fa       0x34 ..\src\config\default\zigbee\lib\zigbee_alldevice_lib.a(N_PacketDistributor.o)
 .ARM.attributes
                0x000000000000262e       0x34 ..\src\config\default\zigbee\lib\zigbee_alldevice_lib.a(N_ReconnectHandler.o)
 .ARM.attributes
                0x0000000000002662       0x34 ..\src\config\default\zigbee\lib\zigbee_alldevice_lib.a(N_Timer-Internal-Microchip.o)
 .ARM.attributes
                0x0000000000002696       0x34 ..\src\config\default\zigbee\lib\zigbee_alldevice_lib.a(N_Timer.o)
 .ARM.attributes
                0x00000000000026ca       0x39 ..\src\config\default\zigbee\lib\zigbee_alldevice_lib.a(macMem.o)
 .ARM.attributes
                0x0000000000002703       0x34 ..\src\config\default\zigbee\lib\zigbee_alldevice_lib.a(machwdCalibHandler.o)
 .ARM.attributes
                0x0000000000002737       0x34 ..\src\config\default\zigbee\lib\zigbee_alldevice_lib.a(machwdEdHandler.o)
 .ARM.attributes
                0x000000000000276b       0x34 ..\src\config\default\zigbee\lib\zigbee_alldevice_lib.a(machwdFrameRoutine.o)
 .ARM.attributes
                0x000000000000279f       0x34 ..\src\config\default\zigbee\lib\zigbee_alldevice_lib.a(machwdHandlerCtrl.o)
 .ARM.attributes
                0x00000000000027d3       0x34 ..\src\config\default\zigbee\lib\zigbee_alldevice_lib.a(machwiAssociateHandler.o)
 .ARM.attributes
                0x0000000000002807       0x34 ..\src\config\default\zigbee\lib\zigbee_alldevice_lib.a(machwiBanNode.o)
 .ARM.attributes
                0x000000000000283b       0x34 ..\src\config\default\zigbee\lib\zigbee_alldevice_lib.a(machwiBeaconHandler.o)
 .ARM.attributes
                0x000000000000286f       0x34 ..\src\config\default\zigbee\lib\zigbee_alldevice_lib.a(machwiDataHandler.o)
 .ARM.attributes
                0x00000000000028a3       0x34 ..\src\config\default\zigbee\lib\zigbee_alldevice_lib.a(machwiTransactionHash.o)
 .ARM.attributes
                0x00000000000028d7       0x34 ..\src\config\default\zigbee\lib\zigbee_alldevice_lib.a(phyCalib.o)
 .ARM.attributes
                0x000000000000290b       0x34 ..\src\config\default\zigbee\lib\zigbee_alldevice_lib.a(phyEd.o)
 .ARM.attributes
                0x000000000000293f       0x34 ..\src\config\default\zigbee\lib\zigbee_alldevice_lib.a(sspAesHandler.o)
 .ARM.attributes
                0x0000000000002973       0x34 ..\src\config\default\zigbee\lib\zigbee_alldevice_lib.a(sspCcmHandler.o)
 .ARM.attributes
                0x00000000000029a7       0x34 ..\src\config\default\zigbee\lib\zigbee_alldevice_lib.a(sspHash.o)
 .ARM.attributes
                0x00000000000029db       0x34 ..\src\config\default\zigbee\lib\zigbee_alldevice_lib.a(sspReset.o)
 .ARM.attributes
                0x0000000000002a0f       0x34 ..\src\config\default\zigbee\lib\zigbee_alldevice_lib.a(tcAuthenticHandler.o)
 .ARM.attributes
                0x0000000000002a43       0x34 ..\src\config\default\zigbee\lib\zigbee_alldevice_lib.a(tcDeviceTableCtrlHandler.o)
 .ARM.attributes
                0x0000000000002a77       0x34 ..\src\config\default\zigbee\lib\zigbee_alldevice_lib.a(tcKeyUpdateHandler.o)
 .ARM.attributes
                0x0000000000002aab       0x39 ..\src\config\default\zigbee\lib\zigbee_alldevice_lib.a(N_Address.o)
 .ARM.attributes
                0x0000000000002ae4       0x34 ..\src\config\default\driver\device_support\pic32cx_bz3_device_support.a(info_block.o)
 .ARM.attributes
                0x0000000000002b18       0x34 ..\src\config\default\driver\device_support\pic32cx_bz3_device_support.a(pmu_system.o)
 .ARM.attributes
                0x0000000000002b4c       0x34 ..\src\config\default\driver\device_support\pic32cx_bz3_device_support.a(rf_system.o)
 .ARM.attributes
                0x0000000000002b80       0x34 ..\src\config\default\driver\device_support\pic32cx_bz3_device_support.a(rf_plat.o)
 .ARM.attributes
                0x0000000000002bb4       0x34 ..\src\config\default\driver\device_support\pic32cx_bz3_device_support.a(sleep_system.o)
 .ARM.attributes
                0x0000000000002be8       0x34 ..\src\config\default\driver\device_support\pic32cx_bz3_device_support.a(info_block_plat.o)
 .ARM.attributes
                0x0000000000002c1c       0x34 ..\src\config\default\driver\device_support\pic32cx_bz3_device_support.a(pmu_dvr.o)
 .ARM.attributes
                0x0000000000002c50       0x34 ..\src\config\default\driver\device_support\pic32cx_bz3_device_support.a(rf.o)
 .ARM.attributes
                0x0000000000002c84       0x2f ..\src\config\default\touch\lib\qtm_touch_key_cm4_0x0002.X.a(sam_touch_key_x_cm4.o)
 .ARM.attributes
                0x0000000000002cb3       0x2f ..\src\config\default\touch\lib\qtm_scroller_cm4_0x000b.X.a(sam_scroller_x_cm4.o)
 .ARM.attributes
                0x0000000000002ce2       0x2f ..\src\config\default\touch\lib\qtm_freq_hop_auto_cm4_0x0004.X.a(sam_freq_hop_auto_x_cm4.o)
 .ARM.attributes
                0x0000000000002d11       0x34 c:/program files/microchip/xc32/v4.40/bin/bin/../../lib/gcc/pic32c/8.3.1/../../../../pic32c/lib/thumb/v7e-m+fp/hard\libpic32c.a(data_init.o)
 .ARM.attributes
                0x0000000000002d45       0x36 c:/program files/microchip/xc32/v4.40/bin/bin/../../lib/gcc/pic32c/8.3.1/../../../../pic32c/lib/thumb/v7e-m+fp/hard\libc-size-musl.a(memcmp.o)
 .ARM.attributes
                0x0000000000002d7b       0x36 c:/program files/microchip/xc32/v4.40/bin/bin/../../lib/gcc/pic32c/8.3.1/../../../../pic32c/lib/thumb/v7e-m+fp/hard\libc-size-musl.a(memcpy.o)
 .ARM.attributes
                0x0000000000002db1       0x36 c:/program files/microchip/xc32/v4.40/bin/bin/../../lib/gcc/pic32c/8.3.1/../../../../pic32c/lib/thumb/v7e-m+fp/hard\libc-size-musl.a(memmove.o)
 .ARM.attributes
                0x0000000000002de7       0x36 c:/program files/microchip/xc32/v4.40/bin/bin/../../lib/gcc/pic32c/8.3.1/../../../../pic32c/lib/thumb/v7e-m+fp/hard\libc-size-musl.a(memset.o)
 .ARM.attributes
                0x0000000000002e1d       0x20 c:/program files/microchip/xc32/v4.40/bin/bin/../../lib/gcc/pic32c/8.3.1/../../../../pic32c/lib/thumb/v7e-m+fp/hard\libm-fast-emfloat.a(__aeabi_dsub.o)
 .ARM.attributes
                0x0000000000002e3d       0x20 c:/program files/microchip/xc32/v4.40/bin/bin/../../lib/gcc/pic32c/8.3.1/../../../../pic32c/lib/thumb/v7e-m+fp/hard\libm-fast-emfloat.a(__aeabi_dmul.o)
 .ARM.attributes
                0x0000000000002e5d       0x20 c:/program files/microchip/xc32/v4.40/bin/bin/../../lib/gcc/pic32c/8.3.1/../../../../pic32c/lib/thumb/v7e-m+fp/hard\libm-fast-emfloat.a(__aeabi_ddiv.o)
 .ARM.attributes
                0x0000000000002e7d       0x20 c:/program files/microchip/xc32/v4.40/bin/bin/../../lib/gcc/pic32c/8.3.1/../../../../pic32c/lib/thumb/v7e-m+fp/hard\libm-fast-emfloat.a(__aeabi_dcmpeq.o)
 .ARM.attributes
                0x0000000000002e9d       0x20 c:/program files/microchip/xc32/v4.40/bin/bin/../../lib/gcc/pic32c/8.3.1/../../../../pic32c/lib/thumb/v7e-m+fp/hard\libm-fast-emfloat.a(__aeabi_dcmpgt.o)
 .ARM.attributes
                0x0000000000002ebd       0x20 c:/program files/microchip/xc32/v4.40/bin/bin/../../lib/gcc/pic32c/8.3.1/../../../../pic32c/lib/thumb/v7e-m+fp/hard\libm-fast-emfloat.a(__aeabi_ui2d.o)
 .ARM.attributes
                0x0000000000002edd       0x20 c:/program files/microchip/xc32/v4.40/bin/bin/../../lib/gcc/pic32c/8.3.1/../../../../pic32c/lib/thumb/v7e-m+fp/hard\libm-fast-emfloat.a(__aeabi_d2f.o)
 .ARM.attributes
                0x0000000000002efd       0x20 c:/program files/microchip/xc32/v4.40/bin/bin/../../lib/gcc/pic32c/8.3.1/../../../../pic32c/lib/thumb/v7e-m+fp/hard\libm-fast-emfloat.a(__aeabi_dadd.o)
 .ARM.attributes
                0x0000000000002f1d       0x36 c:/program files/microchip/xc32/v4.40/bin/bin/../../lib/gcc/pic32c/8.3.1/../../../../pic32c/lib/thumb/v7e-m+fp/hard\libc-musl.a(__libc_start_main.o)
 .ARM.attributes
                0x0000000000002f53       0x34 c:/program files/microchip/xc32/v4.40/bin/bin/../../lib/gcc/pic32c/8.3.1/../../../../pic32c/lib/thumb/v7e-m+fp/hard\libc-musl.a(libc.o)
 .ARM.attributes
                0x0000000000002f87       0x36 c:/program files/microchip/xc32/v4.40/bin/bin/../../lib/gcc/pic32c/8.3.1/../../../../pic32c/lib/thumb/v7e-m+fp/hard\libc-musl.a(rand.o)
 .ARM.attributes
                0x0000000000002fbd       0x34 c:/program files/microchip/xc32/v4.40/bin/bin/../../lib/gcc/pic32c/8.3.1/../../../../pic32c/lib/thumb/v7e-m+fp/hard\libc-musl.a(__environ.o)
 .ARM.attributes
                0x0000000000002ff1       0x1e c:/program files/microchip/xc32/v4.40/bin/bin/../../lib/gcc/pic32c/8.3.1/thumb/v7e-m+fp/hard\libgcc.a(_aeabi_uldivmod.o)
 .ARM.attributes
                0x000000000000300f       0x34 c:/program files/microchip/xc32/v4.40/bin/bin/../../lib/gcc/pic32c/8.3.1/thumb/v7e-m+fp/hard\libgcc.a(_udivmoddi4.o)
 .ARM.attributes
                0x0000000000003043       0x1e c:/program files/microchip/xc32/v4.40/bin/bin/../../lib/gcc/pic32c/8.3.1/thumb/v7e-m+fp/hard\libgcc.a(_dvmd_tls.o)
 .ARM.attributes
                0x0000000000003061       0x1e c:/program files/microchip/xc32/v4.40/bin/bin/../../lib/gcc/pic32c/8.3.1/thumb/v7e-m+fp/hard/crtn.o
 .ARM.attributes
                0x000000000000307f       0x34 c:/program files/microchip/xc32/v4.40/bin/bin/../../lib/gcc/pic32c/8.3.1/../../../../pic32c/lib/thumb/v7e-m+fp/hard\libpic32c.a(pic32_data_init_clear.o)
 .ARM.attributes
                0x00000000000030b3       0x34 c:/program files/microchip/xc32/v4.40/bin/bin/../../lib/gcc/pic32c/8.3.1/../../../../pic32c/lib/thumb/v7e-m+fp/hard\libpic32c.a(pic32_data_init_copy.o)

.comment        0x0000000000000000       0xe5
 .comment       0x0000000000000000       0x2b c:/program files/microchip/xc32/v4.40/bin/bin/../../lib/gcc/pic32c/8.3.1/thumb/v7e-m+fp/hard/crtbegin.o
                                         0x2c (size before relaxing)
 .comment       0x000000000000002b       0x2c build/default/production/_ext/628245630/app_zigbee_handler.o
 .comment       0x000000000000002b       0x2c build/default/production/_ext/628245630/app_zigbee.o
 .comment       0x000000000000002b       0x2c build/default/production/_ext/1360937237/app.o
 .comment       0x000000000000002b       0x2c build/default/production/_ext/1360937237/app_idle_task.o
 .comment       0x000000000000002b       0x2c build/default/production/_ext/1360937237/main.o
 .comment       0x000000000000002b       0x2c build/default/production/_ext/1360937237/app_touch.o
 .comment       0x000000000000002b       0x2c build/default/production/_ext/2010351915/sysEventsHandler.o
 .comment       0x000000000000002b       0x2c build/default/production/_ext/1852899459/timer.o
 .comment       0x000000000000002b       0x2c build/default/production/_ext/2010351915/sysQueue.o
 .comment       0x000000000000002b       0x2c build/default/production/_ext/1865468468/plib_nvic.o
 .comment       0x000000000000002b       0x2c build/default/production/_ext/1865254177/plib_gpio.o
 .comment       0x000000000000002b       0x2c build/default/production/_ext/677812807/zigbee_init.o
 .comment       0x000000000000002b       0x2c build/default/production/_ext/767455689/BDB_Unpack.o
 .comment       0x000000000000002b       0x2c build/default/production/_ext/2010351915/sysMutex.o
 .comment       0x000000000000002b       0x2c build/default/production/_ext/1171490990/interrupts.o
 .comment       0x000000000000002b       0x2c build/default/production/_ext/1171490990/exceptions.o
 .comment       0x000000000000002b       0x2c build/default/production/_ext/677812807/errH.o
 .comment       0x000000000000002b       0x2c build/default/production/_ext/1965740351/cscColorControlCluster.o
 .comment       0x000000000000002b       0x2c build/default/production/_ext/404212886/list.o
 .comment       0x000000000000002b       0x2c build/default/production/_ext/1852899459/halTaskManager.o
 .comment       0x000000000000002b       0x2c build/default/production/_ext/767443559/NWK_Unpack.o
 .comment       0x000000000000002b       0x2c build/default/production/_ext/677812807/z3DevicePic32cx.o
 .comment       0x000000000000002b       0x2c build/default/production/_ext/404212886/queue.o
 .comment       0x000000000000002b       0x2c build/default/production/_ext/60165520/plib_clk.o
 .comment       0x000000000000002b       0x2c build/default/production/_ext/162237794/hcvd_driver_PIC32CX.o
 .comment       0x000000000000002b       0x2c build/default/production/_ext/16121766/wlPdsTypesConverter.o
 .comment       0x000000000000002b       0x2c build/default/production/_ext/767432612/ZDO_Unpack.o
 .comment       0x000000000000002b       0x2c build/default/production/_ext/246609638/port.o
 .comment       0x000000000000002b       0x2c build/default/production/_ext/1965740351/cscLevelControlCluster.o
 .comment       0x000000000000002b       0x2c build/default/production/_ext/2026454998/halAes.o
 .comment       0x000000000000002b       0x2c build/default/production/_ext/1529399856/osal_freertos.o
 .comment       0x000000000000002b       0x2c build/default/production/_ext/1992166216/csPersistentMem.o
 .comment       0x000000000000002b       0x2c build/default/production/_ext/2026454998/halAppClock.o
 .comment       0x000000000000002b       0x2c build/default/production/_ext/176650468/N_Util.o
 .comment       0x000000000000002b       0x2c build/default/production/_ext/410253077/commissioningCluster.o
 .comment       0x000000000000002b       0x2c build/default/production/_ext/2010351915/sysAssert.o
 .comment       0x000000000000002b       0x2c build/default/production/_ext/410253077/groupsCluster.o
 .comment       0x000000000000002b       0x2c build/default/production/_ext/2026454998/halMacIsr.o
 .comment       0x000000000000002b       0x2c build/default/production/_ext/1852899459/appTimer.o
 .comment       0x000000000000002b       0x2c build/default/production/_ext/404212886/FreeRTOS_tasks.o
 .comment       0x000000000000002b       0x2c build/default/production/_ext/2026454998/halRfCtrl.o
 .comment       0x000000000000002b       0x2c build/default/production/_ext/1965740351/cscIdentifyCluster.o
 .comment       0x000000000000002b       0x2c build/default/production/_ext/1965740351/cscOnOffCluster.o
 .comment       0x000000000000002b       0x2c build/default/production/_ext/677812807/pic32cxBSP.o
 .comment       0x000000000000002b       0x2c build/default/production/_ext/767432646/ZCL_API.o
 .comment       0x000000000000002b       0x2c build/default/production/_ext/1171490990/initialization.o
 .comment       0x000000000000002b       0x2c build/default/production/_ext/1965740351/cscCommissioningCluster.o
 .comment       0x000000000000002b       0x2c build/default/production/_ext/1965740351/colorSceneController.o
 .comment       0x000000000000002b       0x2c build/default/production/_ext/2010351915/sysTaskManager.o
 .comment       0x000000000000002b       0x2c build/default/production/_ext/60181570/plib_tcc0.o
 .comment       0x000000000000002b       0x2c build/default/production/_ext/1529399856/osal_freertos_extend.o
 .comment       0x000000000000002b       0x2c build/default/production/_ext/410253077/haClusters.o
 .comment       0x000000000000002b       0x2c build/default/production/_ext/1543366104/scenes.o
 .comment       0x000000000000002b       0x2c build/default/production/_ext/410253077/identifyCluster.o
 .comment       0x000000000000002b       0x2c build/default/production/_ext/1171490990/startup_xc32.o
 .comment       0x000000000000002b       0x2c build/default/production/_ext/1965740351/cscClusters.o
 .comment       0x000000000000002b       0x2c build/default/production/_ext/266130186/zclCommandManager.o
 .comment       0x000000000000002b       0x2c build/default/production/_ext/1982400153/plib_adchs.o
 .comment       0x000000000000002b       0x2c build/default/production/_ext/2010351915/sysTimer.o
 .comment       0x000000000000002b       0x2c build/default/production/_ext/60181570/plib_tcc2.o
 .comment       0x000000000000002b       0x2c build/default/production/_ext/677812807/zgb_task.o
 .comment       0x000000000000002b       0x2c build/default/production/_ext/767432646/ZCL_Unpack.o
 .comment       0x000000000000002b       0x2c build/default/production/_ext/2010351915/sysIdleHandler.o
 .comment       0x000000000000002b       0x2c build/default/production/_ext/2010351915/sysUtils.o
 .comment       0x000000000000002b       0x2c build/default/production/_ext/60180175/plib_rtc_timer.o
 .comment       0x000000000000002b       0x2c build/default/production/_ext/2026454998/halTrng.o
 .comment       0x000000000000002b       0x2c build/default/production/_ext/16121766/bcPDS.o
 .comment       0x000000000000002b       0x2c build/default/production/_ext/1171490990/device_deep_sleep.o
 .comment       0x000000000000002b       0x2c build/default/production/_ext/767455689/BDB_API.o
 .comment       0x000000000000002b       0x2c build/default/production/_ext/410253077/onOffCluster.o
 .comment       0x000000000000002b       0x2c build/default/production/_ext/1986646378/plib_evsys.o
 .comment       0x000000000000002b       0x2c build/default/production/_ext/1965740351/cscGroupsCluster.o
 .comment       0x000000000000002b       0x2c build/default/production/_ext/1171490990/tasks.o
 .comment       0x000000000000002b       0x2c build/default/production/_ext/1965740351/cscScenesCluster.o
 .comment       0x000000000000002b       0x2c build/default/production/_ext/1992166216/csMem.o
 .comment       0x000000000000002b       0x2c build/default/production/_ext/1665200909/heap_4.o
 .comment       0x000000000000002b       0x2c build/default/production/_ext/2010351915/sysDuplicateTable.o
 .comment       0x000000000000002b       0x2c build/default/production/_ext/1965740351/cscBasicCluster.o
 .comment       0x000000000000002b       0x2c build/default/production/_ext/410253077/levelControlCluster.o
 .comment       0x000000000000002b       0x2c build/default/production/_ext/767443559/NWK_API.o
 .comment       0x000000000000002b       0x2c build/default/production/_ext/2010351915/sysInit.o
 .comment       0x000000000000002b       0x2c build/default/production/_ext/162237794/touch.o
 .comment       0x000000000000002b       0x2c build/default/production/_ext/1992166216/configserver.o
 .comment       0x000000000000002b       0x2c build/default/production/_ext/1171490990/freertos_hooks.o
 .comment       0x000000000000002b       0x2c build/default/production/_ext/60176403/plib_nvm.o
 .comment       0x000000000000002b       0x2c build/default/production/_ext/829342655/plib_tc0.o
 .comment       0x000000000000002b       0x2c build/default/production/_ext/2010351915/sysSleep.o
 .comment       0x000000000000002b       0x53 ..\src\config\default\driver\pds\pds.a(wlPdsDataServer.o)
                                         0x54 (size before relaxing)
 .comment       0x000000000000007e       0x54 ..\src\config\default\driver\pds\pds.a(wlPdsInit.o)
 .comment       0x000000000000007e       0x54 ..\src\config\default\driver\pds\pds.a(D_Nv.o)
 .comment       0x000000000000007e       0x54 ..\src\config\default\driver\pds\pds.a(S_Nv-Chimera.o)
 .comment       0x000000000000007e       0x2b ..\src\config\default\zigbee\lib\zigbee_alldevice_lib.a(N_AddressManager.o)
                                         0x2c (size before relaxing)
 .comment       0x00000000000000a9       0x2c ..\src\config\default\zigbee\lib\zigbee_alldevice_lib.a(N_ConnectionCommon.o)
 .comment       0x00000000000000a9       0x2c ..\src\config\default\zigbee\lib\zigbee_alldevice_lib.a(N_ConnectionEnddevice.o)
 .comment       0x00000000000000a9       0x2c ..\src\config\default\zigbee\lib\zigbee_alldevice_lib.a(N_ConnectionRouter.o)
 .comment       0x00000000000000a9       0x2c ..\src\config\default\zigbee\lib\zigbee_alldevice_lib.a(N_Connection_ReconnectHandler.o)
 .comment       0x00000000000000a9       0x2c ..\src\config\default\zigbee\lib\zigbee_alldevice_lib.a(N_DeviceInfo.o)
 .comment       0x00000000000000a9       0x2c ..\src\config\default\zigbee\lib\zigbee_alldevice_lib.a(N_ErrH.o)
 .comment       0x00000000000000a9       0x2c ..\src\config\default\zigbee\lib\zigbee_alldevice_lib.a(N_Log.o)
 .comment       0x00000000000000a9       0x2c ..\src\config\default\zigbee\lib\zigbee_alldevice_lib.a(N_Radio.o)
 .comment       0x00000000000000a9       0x2c ..\src\config\default\zigbee\lib\zigbee_alldevice_lib.a(N_Security.o)
 .comment       0x00000000000000a9       0x2c ..\src\config\default\zigbee\lib\zigbee_alldevice_lib.a(N_Security_Calc.o)
 .comment       0x00000000000000a9       0x2c ..\src\config\default\zigbee\lib\zigbee_alldevice_lib.a(N_Task-Internal-Microchip.o)
 .comment       0x00000000000000a9       0x2c ..\src\config\default\zigbee\lib\zigbee_alldevice_lib.a(N_Task.o)
 .comment       0x00000000000000a9       0x2c ..\src\config\default\zigbee\lib\zigbee_alldevice_lib.a(N_Zdp.o)
 .comment       0x00000000000000a9       0x2c ..\src\config\default\zigbee\lib\zigbee_alldevice_lib.a(aps.o)
 .comment       0x00000000000000a9       0x2c ..\src\config\default\zigbee\lib\zigbee_alldevice_lib.a(bdb.o)
 .comment       0x00000000000000a9       0x2c ..\src\config\default\zigbee\lib\zigbee_alldevice_lib.a(bdbBcEventsHandler.o)
 .comment       0x00000000000000a9       0x2c ..\src\config\default\zigbee\lib\zigbee_alldevice_lib.a(bdbCommissioning.o)
 .comment       0x00000000000000a9       0x2c ..\src\config\default\zigbee\lib\zigbee_alldevice_lib.a(bdbFindingAndBinding.o)
 .comment       0x00000000000000a9       0x2c ..\src\config\default\zigbee\lib\zigbee_alldevice_lib.a(bdbIB.o)
 .comment       0x00000000000000a9       0x2c ..\src\config\default\zigbee\lib\zigbee_alldevice_lib.a(bdbInstallCode.o)
 .comment       0x00000000000000a9       0x2c ..\src\config\default\zigbee\lib\zigbee_alldevice_lib.a(bdbNwkFormation.o)
 .comment       0x00000000000000a9       0x2c ..\src\config\default\zigbee\lib\zigbee_alldevice_lib.a(bdbNwkSteering.o)
 .comment       0x00000000000000a9       0x2c ..\src\config\default\zigbee\lib\zigbee_alldevice_lib.a(bdbReset.o)
 .comment       0x00000000000000a9       0x2c ..\src\config\default\zigbee\lib\zigbee_alldevice_lib.a(bdbSecurity.o)
 .comment       0x00000000000000a9       0x2c ..\src\config\default\zigbee\lib\zigbee_alldevice_lib.a(bdbTouchlink.o)
 .comment       0x00000000000000a9       0x2c ..\src\config\default\zigbee\lib\zigbee_alldevice_lib.a(macenvPib.o)
 .comment       0x00000000000000a9       0x2c ..\src\config\default\zigbee\lib\zigbee_alldevice_lib.a(machwdManager.o)
 .comment       0x00000000000000a9       0x2c ..\src\config\default\zigbee\lib\zigbee_alldevice_lib.a(machwdRegAccessHandler.o)
 .comment       0x00000000000000a9       0x2c ..\src\config\default\zigbee\lib\zigbee_alldevice_lib.a(machwdResetHandler.o)
 .comment       0x00000000000000a9       0x2c ..\src\config\default\zigbee\lib\zigbee_alldevice_lib.a(machwdRndHandler.o)
 .comment       0x00000000000000a9       0x2c ..\src\config\default\zigbee\lib\zigbee_alldevice_lib.a(machwdRxBuffer.o)
 .comment       0x00000000000000a9       0x2c ..\src\config\default\zigbee\lib\zigbee_alldevice_lib.a(machwdRxFrameHandler.o)
 .comment       0x00000000000000a9       0x2c ..\src\config\default\zigbee\lib\zigbee_alldevice_lib.a(machwdSetHandler.o)
 .comment       0x00000000000000a9       0x2c ..\src\config\default\zigbee\lib\zigbee_alldevice_lib.a(machwdTrxCtrl.o)
 .comment       0x00000000000000a9       0x2c ..\src\config\default\zigbee\lib\zigbee_alldevice_lib.a(machwdTrxHandler.o)
 .comment       0x00000000000000a9       0x2c ..\src\config\default\zigbee\lib\zigbee_alldevice_lib.a(machwdTxFrameHandler.o)
 .comment       0x00000000000000a9       0x2c ..\src\config\default\zigbee\lib\zigbee_alldevice_lib.a(machwiManager.o)
 .comment       0x00000000000000a9       0x2c ..\src\config\default\zigbee\lib\zigbee_alldevice_lib.a(machwiOrphanHandler.o)
 .comment       0x00000000000000a9       0x2c ..\src\config\default\zigbee\lib\zigbee_alldevice_lib.a(machwiPanServer.o)
 .comment       0x00000000000000a9       0x2c ..\src\config\default\zigbee\lib\zigbee_alldevice_lib.a(machwiPollHandler.o)
 .comment       0x00000000000000a9       0x2c ..\src\config\default\zigbee\lib\zigbee_alldevice_lib.a(machwiPurgeHandler.o)
 .comment       0x00000000000000a9       0x2c ..\src\config\default\zigbee\lib\zigbee_alldevice_lib.a(machwiResetHandler.o)
 .comment       0x00000000000000a9       0x2c ..\src\config\default\zigbee\lib\zigbee_alldevice_lib.a(machwiRxEnableHandler.o)
 .comment       0x00000000000000a9       0x2c ..\src\config\default\zigbee\lib\zigbee_alldevice_lib.a(machwiScanHandler.o)
 .comment       0x00000000000000a9       0x2c ..\src\config\default\zigbee\lib\zigbee_alldevice_lib.a(machwiSetGetHandler.o)
 .comment       0x00000000000000a9       0x2c ..\src\config\default\zigbee\lib\zigbee_alldevice_lib.a(machwiStartHandler.o)
 .comment       0x00000000000000a9       0x2c ..\src\config\default\zigbee\lib\zigbee_alldevice_lib.a(machwiSwitchRxCtrl.o)
 .comment       0x00000000000000a9       0x2c ..\src\config\default\zigbee\lib\zigbee_alldevice_lib.a(machwiTransactionHandler.o)
 .comment       0x00000000000000a9       0x2c ..\src\config\default\zigbee\lib\zigbee_alldevice_lib.a(machwiTransactionQueue.o)
 .comment       0x00000000000000a9       0x2c ..\src\config\default\zigbee\lib\zigbee_alldevice_lib.a(nwk.o)
 .comment       0x00000000000000a9       0x2c ..\src\config\default\zigbee\lib\zigbee_alldevice_lib.a(phyAntDiversity.o)
 .comment       0x00000000000000a9       0x2c ..\src\config\default\zigbee\lib\zigbee_alldevice_lib.a(phyDeepSleep.o)
 .comment       0x00000000000000a9       0x2c ..\src\config\default\zigbee\lib\zigbee_alldevice_lib.a(phyInit.o)
 .comment       0x00000000000000a9       0x2c ..\src\config\default\zigbee\lib\zigbee_alldevice_lib.a(phyRegAccess.o)
 .comment       0x00000000000000a9       0x2c ..\src\config\default\zigbee\lib\zigbee_alldevice_lib.a(phyReset.o)
 .comment       0x00000000000000a9       0x2c ..\src\config\default\zigbee\lib\zigbee_alldevice_lib.a(phyRfIrqDispatcher.o)
 .comment       0x00000000000000a9       0x2c ..\src\config\default\zigbee\lib\zigbee_alldevice_lib.a(phyRnd.o)
 .comment       0x00000000000000a9       0x2c ..\src\config\default\zigbee\lib\zigbee_alldevice_lib.a(phyRtimerIrqDispatcher.o)
 .comment       0x00000000000000a9       0x2c ..\src\config\default\zigbee\lib\zigbee_alldevice_lib.a(phyRxFrame.o)
 .comment       0x00000000000000a9       0x2c ..\src\config\default\zigbee\lib\zigbee_alldevice_lib.a(phySet.o)
 .comment       0x00000000000000a9       0x2c ..\src\config\default\zigbee\lib\zigbee_alldevice_lib.a(phySetTrxState.o)
 .comment       0x00000000000000a9       0x2c ..\src\config\default\zigbee\lib\zigbee_alldevice_lib.a(phyStateMachine.o)
 .comment       0x00000000000000a9       0x2c ..\src\config\default\zigbee\lib\zigbee_alldevice_lib.a(phyTxFrame.o)
 .comment       0x00000000000000a9       0x2c ..\src\config\default\zigbee\lib\zigbee_alldevice_lib.a(phyTxPowerConverter.o)
 .comment       0x00000000000000a9       0x2c ..\src\config\default\zigbee\lib\zigbee_alldevice_lib.a(sspHashHandler.o)
 .comment       0x00000000000000a9       0x2c ..\src\config\default\zigbee\lib\zigbee_alldevice_lib.a(sspManager.o)
 .comment       0x00000000000000a9       0x2c ..\src\config\default\zigbee\lib\zigbee_alldevice_lib.a(sspMem.o)
 .comment       0x00000000000000a9       0x2c ..\src\config\default\zigbee\lib\zigbee_alldevice_lib.a(sspSfpHandler.o)
 .comment       0x00000000000000a9       0x2c ..\src\config\default\zigbee\lib\zigbee_alldevice_lib.a(tcIndInput.o)
 .comment       0x00000000000000a9       0x2c ..\src\config\default\zigbee\lib\zigbee_alldevice_lib.a(tcKeyEstablishHandler.o)
 .comment       0x00000000000000a9       0x2c ..\src\config\default\zigbee\lib\zigbee_alldevice_lib.a(tcMem.o)
 .comment       0x00000000000000a9       0x2c ..\src\config\default\zigbee\lib\zigbee_alldevice_lib.a(tcPermissions.o)
 .comment       0x00000000000000a9       0x2c ..\src\config\default\zigbee\lib\zigbee_alldevice_lib.a(tcRemoveHandler.o)
 .comment       0x00000000000000a9       0x2c ..\src\config\default\zigbee\lib\zigbee_alldevice_lib.a(tcResetHandler.o)
 .comment       0x00000000000000a9       0x2c ..\src\config\default\zigbee\lib\zigbee_alldevice_lib.a(tcTaskManager.o)
 .comment       0x00000000000000a9       0x2c ..\src\config\default\zigbee\lib\zigbee_alldevice_lib.a(zcl.o)
 .comment       0x00000000000000a9       0x2c ..\src\config\default\zigbee\lib\zigbee_alldevice_lib.a(zclApsInterface.o)
 .comment       0x00000000000000a9       0x2c ..\src\config\default\zigbee\lib\zigbee_alldevice_lib.a(zclAttributes.o)
 .comment       0x00000000000000a9       0x2c ..\src\config\default\zigbee\lib\zigbee_alldevice_lib.a(zclCommandAnalyzer.o)
 .comment       0x00000000000000a9       0x2c ..\src\config\default\zigbee\lib\zigbee_alldevice_lib.a(zclMemoryManager.o)
 .comment       0x00000000000000a9       0x2c ..\src\config\default\zigbee\lib\zigbee_alldevice_lib.a(zclParser.o)
 .comment       0x00000000000000a9       0x2c ..\src\config\default\zigbee\lib\zigbee_alldevice_lib.a(zclSecurityManager.o)
 .comment       0x00000000000000a9       0x2c ..\src\config\default\zigbee\lib\zigbee_alldevice_lib.a(zclTaskManager.o)
 .comment       0x00000000000000a9       0x2c ..\src\config\default\zigbee\lib\zigbee_alldevice_lib.a(zdo.o)
 .comment       0x00000000000000a9       0x2c ..\src\config\default\zigbee\lib\zigbee_alldevice_lib.a(N_Binding.o)
 .comment       0x00000000000000a9       0x2c ..\src\config\default\zigbee\lib\zigbee_alldevice_lib.a(N_Cmi.o)
 .comment       0x00000000000000a9       0x2c ..\src\config\default\zigbee\lib\zigbee_alldevice_lib.a(N_EndDeviceRobustness.o)
 .comment       0x00000000000000a9       0x2c ..\src\config\default\zigbee\lib\zigbee_alldevice_lib.a(N_Fsm.o)
 .comment       0x00000000000000a9       0x2c ..\src\config\default\zigbee\lib\zigbee_alldevice_lib.a(N_InterPan.o)
 .comment       0x00000000000000a9       0x2c ..\src\config\default\zigbee\lib\zigbee_alldevice_lib.a(N_InterPanBuffers.o)
 .comment       0x00000000000000a9       0x2c ..\src\config\default\zigbee\lib\zigbee_alldevice_lib.a(N_LinkInitiator.o)
 .comment       0x00000000000000a9       0x2c ..\src\config\default\zigbee\lib\zigbee_alldevice_lib.a(N_LinkTarget.o)
 .comment       0x00000000000000a9       0x2c ..\src\config\default\zigbee\lib\zigbee_alldevice_lib.a(N_Memory-Microchip.o)
 .comment       0x00000000000000a9       0x2c ..\src\config\default\zigbee\lib\zigbee_alldevice_lib.a(N_PacketDistributor.o)
 .comment       0x00000000000000a9       0x2c ..\src\config\default\zigbee\lib\zigbee_alldevice_lib.a(N_ReconnectHandler.o)
 .comment       0x00000000000000a9       0x2c ..\src\config\default\zigbee\lib\zigbee_alldevice_lib.a(N_Timer-Internal-Microchip.o)
 .comment       0x00000000000000a9       0x2c ..\src\config\default\zigbee\lib\zigbee_alldevice_lib.a(N_Timer.o)
 .comment       0x00000000000000a9       0x2c ..\src\config\default\zigbee\lib\zigbee_alldevice_lib.a(macMem.o)
 .comment       0x00000000000000a9       0x2c ..\src\config\default\zigbee\lib\zigbee_alldevice_lib.a(machwdCalibHandler.o)
 .comment       0x00000000000000a9       0x2c ..\src\config\default\zigbee\lib\zigbee_alldevice_lib.a(machwdEdHandler.o)
 .comment       0x00000000000000a9       0x2c ..\src\config\default\zigbee\lib\zigbee_alldevice_lib.a(machwdFrameRoutine.o)
 .comment       0x00000000000000a9       0x2c ..\src\config\default\zigbee\lib\zigbee_alldevice_lib.a(machwdHandlerCtrl.o)
 .comment       0x00000000000000a9       0x2c ..\src\config\default\zigbee\lib\zigbee_alldevice_lib.a(machwiAssociateHandler.o)
 .comment       0x00000000000000a9       0x2c ..\src\config\default\zigbee\lib\zigbee_alldevice_lib.a(machwiBanNode.o)
 .comment       0x00000000000000a9       0x2c ..\src\config\default\zigbee\lib\zigbee_alldevice_lib.a(machwiBeaconHandler.o)
 .comment       0x00000000000000a9       0x2c ..\src\config\default\zigbee\lib\zigbee_alldevice_lib.a(machwiDataHandler.o)
 .comment       0x00000000000000a9       0x2c ..\src\config\default\zigbee\lib\zigbee_alldevice_lib.a(machwiTransactionHash.o)
 .comment       0x00000000000000a9       0x2c ..\src\config\default\zigbee\lib\zigbee_alldevice_lib.a(phyCalib.o)
 .comment       0x00000000000000a9       0x2c ..\src\config\default\zigbee\lib\zigbee_alldevice_lib.a(phyEd.o)
 .comment       0x00000000000000a9       0x2c ..\src\config\default\zigbee\lib\zigbee_alldevice_lib.a(sspAesHandler.o)
 .comment       0x00000000000000a9       0x2c ..\src\config\default\zigbee\lib\zigbee_alldevice_lib.a(sspCcmHandler.o)
 .comment       0x00000000000000a9       0x2c ..\src\config\default\zigbee\lib\zigbee_alldevice_lib.a(sspHash.o)
 .comment       0x00000000000000a9       0x2c ..\src\config\default\zigbee\lib\zigbee_alldevice_lib.a(sspReset.o)
 .comment       0x00000000000000a9       0x2c ..\src\config\default\zigbee\lib\zigbee_alldevice_lib.a(tcAuthenticHandler.o)
 .comment       0x00000000000000a9       0x2c ..\src\config\default\zigbee\lib\zigbee_alldevice_lib.a(tcDeviceTableCtrlHandler.o)
 .comment       0x00000000000000a9       0x2c ..\src\config\default\zigbee\lib\zigbee_alldevice_lib.a(tcKeyUpdateHandler.o)
 .comment       0x00000000000000a9       0x2c ..\src\config\default\zigbee\lib\zigbee_alldevice_lib.a(N_Address.o)
 .comment       0x00000000000000a9       0x2c ..\src\config\default\driver\device_support\pic32cx_bz3_device_support.a(info_block.o)
 .comment       0x00000000000000a9       0x2c ..\src\config\default\driver\device_support\pic32cx_bz3_device_support.a(pmu_system.o)
 .comment       0x00000000000000a9       0x2c ..\src\config\default\driver\device_support\pic32cx_bz3_device_support.a(rf_system.o)
 .comment       0x00000000000000a9       0x2c ..\src\config\default\driver\device_support\pic32cx_bz3_device_support.a(rf_plat.o)
 .comment       0x00000000000000a9       0x2c ..\src\config\default\driver\device_support\pic32cx_bz3_device_support.a(sleep_system.o)
 .comment       0x00000000000000a9       0x2c ..\src\config\default\driver\device_support\pic32cx_bz3_device_support.a(info_block_plat.o)
 .comment       0x00000000000000a9       0x2c ..\src\config\default\driver\device_support\pic32cx_bz3_device_support.a(pmu_dvr.o)
 .comment       0x00000000000000a9       0x2c ..\src\config\default\driver\device_support\pic32cx_bz3_device_support.a(rf.o)
 .comment       0x00000000000000a9       0x3c ..\src\config\default\touch\lib\qtm_touch_key_cm4_0x0002.X.a(sam_touch_key_x_cm4.o)
                                         0x3d (size before relaxing)
 .comment       0x00000000000000e5       0x3d ..\src\config\default\touch\lib\qtm_scroller_cm4_0x000b.X.a(sam_scroller_x_cm4.o)
 .comment       0x00000000000000e5       0x3d ..\src\config\default\touch\lib\qtm_freq_hop_auto_cm4_0x0004.X.a(sam_freq_hop_auto_x_cm4.o)
 .comment       0x00000000000000e5       0x2c c:/program files/microchip/xc32/v4.40/bin/bin/../../lib/gcc/pic32c/8.3.1/../../../../pic32c/lib/thumb/v7e-m+fp/hard\libpic32c.a(data_init.o)
 .comment       0x00000000000000e5       0x2c c:/program files/microchip/xc32/v4.40/bin/bin/../../lib/gcc/pic32c/8.3.1/../../../../pic32c/lib/thumb/v7e-m+fp/hard\libc-size-musl.a(memcmp.o)
 .comment       0x00000000000000e5       0x2c c:/program files/microchip/xc32/v4.40/bin/bin/../../lib/gcc/pic32c/8.3.1/../../../../pic32c/lib/thumb/v7e-m+fp/hard\libc-size-musl.a(memcpy.o)
 .comment       0x00000000000000e5       0x2c c:/program files/microchip/xc32/v4.40/bin/bin/../../lib/gcc/pic32c/8.3.1/../../../../pic32c/lib/thumb/v7e-m+fp/hard\libc-size-musl.a(memmove.o)
 .comment       0x00000000000000e5       0x2c c:/program files/microchip/xc32/v4.40/bin/bin/../../lib/gcc/pic32c/8.3.1/../../../../pic32c/lib/thumb/v7e-m+fp/hard\libc-size-musl.a(memset.o)
 .comment       0x00000000000000e5       0x2c c:/program files/microchip/xc32/v4.40/bin/bin/../../lib/gcc/pic32c/8.3.1/../../../../pic32c/lib/thumb/v7e-m+fp/hard\libc-musl.a(__libc_start_main.o)
 .comment       0x00000000000000e5       0x2c c:/program files/microchip/xc32/v4.40/bin/bin/../../lib/gcc/pic32c/8.3.1/../../../../pic32c/lib/thumb/v7e-m+fp/hard\libc-musl.a(libc.o)
 .comment       0x00000000000000e5       0x2c c:/program files/microchip/xc32/v4.40/bin/bin/../../lib/gcc/pic32c/8.3.1/../../../../pic32c/lib/thumb/v7e-m+fp/hard\libc-musl.a(rand.o)
 .comment       0x00000000000000e5       0x2c c:/program files/microchip/xc32/v4.40/bin/bin/../../lib/gcc/pic32c/8.3.1/../../../../pic32c/lib/thumb/v7e-m+fp/hard\libc-musl.a(__environ.o)
 .comment       0x00000000000000e5       0x2c c:/program files/microchip/xc32/v4.40/bin/bin/../../lib/gcc/pic32c/8.3.1/thumb/v7e-m+fp/hard\libgcc.a(_udivmoddi4.o)
 .comment       0x00000000000000e5       0x2c c:/program files/microchip/xc32/v4.40/bin/bin/../../lib/gcc/pic32c/8.3.1/../../../../pic32c/lib/thumb/v7e-m+fp/hard\libpic32c.a(pic32_data_init_clear.o)
 .comment       0x00000000000000e5       0x2c c:/program files/microchip/xc32/v4.40/bin/bin/../../lib/gcc/pic32c/8.3.1/../../../../pic32c/lib/thumb/v7e-m+fp/hard\libpic32c.a(pic32_data_init_copy.o)

.debug_info     0x0000000000000000    0x83c7c
 .debug_info    0x0000000000000000     0x1352 build/default/production/_ext/628245630/app_zigbee_handler.o
 .debug_info    0x0000000000001352      0x314 build/default/production/_ext/628245630/app_zigbee.o
 .debug_info    0x0000000000001666      0xc77 build/default/production/_ext/1360937237/app.o
 .debug_info    0x00000000000022dd     0x12e8 build/default/production/_ext/1360937237/app_idle_task.o
 .debug_info    0x00000000000035c5       0xe0 build/default/production/_ext/1360937237/main.o
 .debug_info    0x00000000000036a5      0x651 build/default/production/_ext/1360937237/app_touch.o
 .debug_info    0x0000000000003cf6      0x727 build/default/production/_ext/2010351915/sysEventsHandler.o
 .debug_info    0x000000000000441d      0x29f build/default/production/_ext/1852899459/timer.o
 .debug_info    0x00000000000046bc      0x368 build/default/production/_ext/2010351915/sysQueue.o
 .debug_info    0x0000000000004a24      0xc9f build/default/production/_ext/1865468468/plib_nvic.o
 .debug_info    0x00000000000056c3     0x1345 build/default/production/_ext/1865254177/plib_gpio.o
 .debug_info    0x0000000000006a08     0x143c build/default/production/_ext/677812807/zigbee_init.o
 .debug_info    0x0000000000007e44     0x1428 build/default/production/_ext/767455689/BDB_Unpack.o
 .debug_info    0x000000000000926c      0x4c1 build/default/production/_ext/2010351915/sysMutex.o
 .debug_info    0x000000000000972d      0x52f build/default/production/_ext/1171490990/interrupts.o
 .debug_info    0x0000000000009c5c      0x112 build/default/production/_ext/1171490990/exceptions.o
 .debug_info    0x0000000000009d6e      0x937 build/default/production/_ext/677812807/errH.o
 .debug_info    0x000000000000a6a5      0xeba build/default/production/_ext/1965740351/cscColorControlCluster.o
 .debug_info    0x000000000000b55f      0x302 build/default/production/_ext/404212886/list.o
 .debug_info    0x000000000000b861      0x218 build/default/production/_ext/1852899459/halTaskManager.o
 .debug_info    0x000000000000ba79     0x1bf9 build/default/production/_ext/767443559/NWK_Unpack.o
 .debug_info    0x000000000000d672     0x4327 build/default/production/_ext/677812807/z3DevicePic32cx.o
 .debug_info    0x0000000000011999     0x2266 build/default/production/_ext/404212886/queue.o
 .debug_info    0x0000000000013bff      0xbd7 build/default/production/_ext/60165520/plib_clk.o
 .debug_info    0x00000000000147d6     0x1750 build/default/production/_ext/162237794/hcvd_driver_PIC32CX.o
 .debug_info    0x0000000000015f26     0x25b5 build/default/production/_ext/16121766/wlPdsTypesConverter.o
 .debug_info    0x00000000000184db     0x346f build/default/production/_ext/767432612/ZDO_Unpack.o
 .debug_info    0x000000000001b94a      0x54e build/default/production/_ext/246609638/port.o
 .debug_info    0x000000000001be98      0xf91 build/default/production/_ext/1965740351/cscLevelControlCluster.o
 .debug_info    0x000000000001ce29      0xd4c build/default/production/_ext/2026454998/halAes.o
 .debug_info    0x000000000001db75      0x6ff build/default/production/_ext/1529399856/osal_freertos.o
 .debug_info    0x000000000001e274     0x7784 build/default/production/_ext/1992166216/csPersistentMem.o
 .debug_info    0x00000000000259f8     0x1b9f build/default/production/_ext/2026454998/halAppClock.o
 .debug_info    0x0000000000027597      0x852 build/default/production/_ext/176650468/N_Util.o
 .debug_info    0x0000000000027de9      0xe81 build/default/production/_ext/410253077/commissioningCluster.o
 .debug_info    0x0000000000028c6a      0x1e7 build/default/production/_ext/2010351915/sysAssert.o
 .debug_info    0x0000000000028e51     0x16be build/default/production/_ext/410253077/groupsCluster.o
 .debug_info    0x000000000002a50f      0xc13 build/default/production/_ext/2026454998/halMacIsr.o
 .debug_info    0x000000000002b122      0x7d5 build/default/production/_ext/1852899459/appTimer.o
 .debug_info    0x000000000002b8f7     0x2cae build/default/production/_ext/404212886/FreeRTOS_tasks.o
 .debug_info    0x000000000002e5a5      0xa11 build/default/production/_ext/2026454998/halRfCtrl.o
 .debug_info    0x000000000002efb6     0x1bd7 build/default/production/_ext/1965740351/cscIdentifyCluster.o
 .debug_info    0x0000000000030b8d      0xf86 build/default/production/_ext/1965740351/cscOnOffCluster.o
 .debug_info    0x0000000000031b13      0xa06 build/default/production/_ext/677812807/pic32cxBSP.o
 .debug_info    0x0000000000032519     0x1ac5 build/default/production/_ext/767432646/ZCL_API.o
 .debug_info    0x0000000000033fde      0xc87 build/default/production/_ext/1171490990/initialization.o
 .debug_info    0x0000000000034c65     0x13ec build/default/production/_ext/1965740351/cscCommissioningCluster.o
 .debug_info    0x0000000000036051     0x16f5 build/default/production/_ext/1965740351/colorSceneController.o
 .debug_info    0x0000000000037746      0xa68 build/default/production/_ext/2010351915/sysTaskManager.o
 .debug_info    0x00000000000381ae      0x61e build/default/production/_ext/60181570/plib_tcc0.o
 .debug_info    0x00000000000387cc      0x52c build/default/production/_ext/1529399856/osal_freertos_extend.o
 .debug_info    0x0000000000038cf8     0x5ce9 build/default/production/_ext/410253077/haClusters.o
 .debug_info    0x000000000003e9e1      0x31a build/default/production/_ext/1543366104/scenes.o
 .debug_info    0x000000000003ecfb     0x102a build/default/production/_ext/410253077/identifyCluster.o
 .debug_info    0x000000000003fd25      0x55b build/default/production/_ext/1171490990/startup_xc32.o
 .debug_info    0x0000000000040280     0x29a6 build/default/production/_ext/1965740351/cscClusters.o
 .debug_info    0x0000000000042c26     0x28ed build/default/production/_ext/266130186/zclCommandManager.o
 .debug_info    0x0000000000045513      0xefa build/default/production/_ext/1982400153/plib_adchs.o
 .debug_info    0x000000000004640d      0x319 build/default/production/_ext/2010351915/sysTimer.o
 .debug_info    0x0000000000046726      0x514 build/default/production/_ext/60181570/plib_tcc2.o
 .debug_info    0x0000000000046c3a      0x70a build/default/production/_ext/677812807/zgb_task.o
 .debug_info    0x0000000000047344     0x1d0b build/default/production/_ext/767432646/ZCL_Unpack.o
 .debug_info    0x000000000004904f      0x803 build/default/production/_ext/2010351915/sysIdleHandler.o
 .debug_info    0x0000000000049852      0xb04 build/default/production/_ext/2010351915/sysUtils.o
 .debug_info    0x000000000004a356      0xad2 build/default/production/_ext/60180175/plib_rtc_timer.o
 .debug_info    0x000000000004ae28      0x2c5 build/default/production/_ext/2026454998/halTrng.o
 .debug_info    0x000000000004b0ed     0x11af build/default/production/_ext/16121766/bcPDS.o
 .debug_info    0x000000000004c29c     0x3445 build/default/production/_ext/1171490990/device_deep_sleep.o
 .debug_info    0x000000000004f6e1     0x1ac0 build/default/production/_ext/767455689/BDB_API.o
 .debug_info    0x00000000000511a1      0xc55 build/default/production/_ext/410253077/onOffCluster.o
 .debug_info    0x0000000000051df6       0x97 build/default/production/_ext/1986646378/plib_evsys.o
 .debug_info    0x0000000000051e8d     0x1803 build/default/production/_ext/1965740351/cscGroupsCluster.o
 .debug_info    0x0000000000053690      0x298 build/default/production/_ext/1171490990/tasks.o
 .debug_info    0x0000000000053928     0x1bf4 build/default/production/_ext/1965740351/cscScenesCluster.o
 .debug_info    0x000000000005551c     0x8751 build/default/production/_ext/1992166216/csMem.o
 .debug_info    0x000000000005dc6d      0x651 build/default/production/_ext/1665200909/heap_4.o
 .debug_info    0x000000000005e2be      0x4e8 build/default/production/_ext/2010351915/sysDuplicateTable.o